# GENERATED by crosscheck.sh -- cross-implementation correctness log
# date:   2026-07-15T11:23:50+02:00
# host:   spark-a459  (Linux 6.17.0-1021-nvidia aarch64)
# commit: b9c4505
## geno22_plustimes
Part I (RePair): alpha=200000, NTs=437608, distinct values=2
Schedule builder construction time: 81.6509 ms
Terminal compaction: alpha 200000 -> 119608 (59.804% kept)
Proper Layered Completed Grammar Stats:
Max depth (L): 20, Max width (w*): 146023, Total layered rules: 1105720 (raw NTs: 437608, +pt: 668112), emissions: 881378+227920 term
--- SEMIRING: PlusTimes (+,*) ---
Running CPU reference with OpenMP (20 threads)...
CPU reference (OpenMP): 17.5345 ms/vector (20 threads).
Running CPU reference sequentially (forced 1 thread)...
CPU reference (sequential): 9.28077 ms/vector.
CPU OpenMP vs sequential: max_rel_diff=1.7957e-07  SUCCESS
Running GPU engine (double-buffered proper layered, emit-on-the-spot)...
[GPU Setup Debug] rows=2504, cols=100000, alpha=119608, total_rules=1105720, distinct_vals=2, sched_max_depth=20, sched_max_width=146023, emit_total=881378, num_term_emit=227920
GPU kernel: 0.899584 ms total over 1 vectors = 0.899584 ms/vector.
MEM analytic bytes: 25156520
MEM peak bytes: 28573696
ENERGY mJ/vector: 13.2849
ENERGY avg power mW: 28147.7
GPU multiplication completed in 1853.18 ms.
Batched run B=16 (est. 0.0329061 GB B-wide buffers)...
GPU batched (B=16): 13.8496 ms/batch, 0.865602 ms/vector over 1 batches.
Batched verification: max_rel_diff=5.70949e-07  SUCCESS
CROSSCHECK: dumped engine x/y to /tmp/tmp.rtPEA48gKW/geno22.plustimes.{x,y}
Verification: max_abs_diff=0.00146484, max_rel_diff=4.4035e-07, max|y|=4451.01
SUCCESS: GPU and CPU reference results match (within float precision)!
Reconstructed CSR Matrix Stats:
Rows: 2504, Cols: 100000, NNZ: 12582213
CROSSCHECK: loaded engine x from /tmp/tmp.rtPEA48gKW/geno22.plustimes.x
Running CPU reference SpMV...
Verification: max absolute diff = 0.000976562, max relative diff = 2.42825e-07
SUCCESS: Verification passed!
CROSSCHECK cpu_csr_spmv vs engine: max_rel_diff=6.61958e-07  SUCCESS
CROSSCHECK cusparse vs engine: max_rel_diff=6.2357e-07  SUCCESS
Reconstructed CSR Matrix Stats:
Rows: 2504, Cols: 100000, NNZ: 12582213
Running CPU reference SpMV...
Verification: max absolute diff = 0.000976562, max relative diff = 2.42825e-07
SUCCESS: Verification passed!
Running 20 iterations of cuSPARSE SpMV...
cuSPARSE SpMV completed. Average time: 0.657596 ms/vector
MEM analytic bytes: 101126899
MEM peak bytes: 107384832
ENERGY mJ/vector: 26.5547
ENERGY avg power mW: 42851
cuSPARSE SpMM (B=16, default): 1.55185 ms/batch, 0.0969907 ms/vector  rel=7.25149e-07 SUCCESS
cuSPARSE SpMM (B=16, csr_alg2): 1.55679 ms/batch, 0.0972992 ms/vector  rel=8.1942e-07 SUCCESS
cuSPARSE SpMM (B=16, csr_alg3): 0.859997 ms/batch, 0.0537498 ms/vector  rel=3.19892e-06 SUCCESS
Elapsed time: 0 secs
CROSSCHECK remm vs engine: max_rel_diff=6.496e-07  SUCCESS (n=2504)
## geno22full_plustimes
Part I (RePair): alpha=2110907, NTs=4291548, distinct values=2
Schedule builder construction time: 952.964 ms
Terminal compaction: alpha 2110907 -> 1252876 (59.3525% kept)
Proper Layered Completed Grammar Stats:
Max depth (L): 24, Max width (w*): 1414412, Total layered rules: 11311025 (raw NTs: 4291548, +pt: 7019477), emissions: 7756041+2221964 term
--- SEMIRING: PlusTimes (+,*) ---
Running CPU reference with OpenMP (20 threads)...
CPU reference (OpenMP): 33.358 ms/vector (20 threads).
Running CPU reference sequentially (forced 1 thread)...
CPU reference (sequential): 93.3384 ms/vector.
CPU OpenMP vs sequential: max_rel_diff=4.83911e-07  SUCCESS
Running GPU engine (double-buffered proper layered, emit-on-the-spot)...
[GPU Setup Debug] rows=2504, cols=1055454, alpha=1252876, total_rules=11311025, distinct_vals=2, sched_max_depth=24, sched_max_width=1414412, emit_total=7756041, num_term_emit=2221964
GPU kernel: 13.7792 ms total over 1 vectors = 13.7792 ms/vector.
MEM analytic bytes: 246137980
MEM peak bytes: 250408960
ENERGY mJ/vector: 179.665
ENERGY avg power mW: 27534.1
GPU multiplication completed in 1857.65 ms.
Batched run B=16 (est. 0.328938 GB B-wide buffers)...
GPU batched (B=16): 133.692 ms/batch, 8.35576 ms/vector over 1 batches.
Batched verification: max_rel_diff=1.05911e-06  SUCCESS
CROSSCHECK: dumped engine x/y to /tmp/tmp.rtPEA48gKW/geno22full.plustimes.{x,y}
Verification: max_abs_diff=0.0429688, max_rel_diff=1.07983e-06, max|y|=42691.9
SUCCESS: GPU and CPU reference results match (within float precision)!
Reconstructed CSR Matrix Stats:
Rows: 2504, Cols: 1055454, NNZ: 127579429
CROSSCHECK: loaded engine x from /tmp/tmp.rtPEA48gKW/geno22full.plustimes.x
Running CPU reference SpMV...
Verification: max absolute diff = 0.0351562, max relative diff = 8.63775e-07
SUCCESS: Verification passed!
CROSSCHECK cpu_csr_spmv vs engine: max_rel_diff=1.9775e-06  SUCCESS
CROSSCHECK cusparse vs engine: max_rel_diff=2.07638e-06  SUCCESS
Reconstructed CSR Matrix Stats:
Rows: 2504, Cols: 1055454, NNZ: 127579429
Running CPU reference SpMV...
Verification: max absolute diff = 0.03125, max relative diff = 7.72457e-07
SUCCESS: Verification passed!
Running 20 iterations of cuSPARSE SpMV...
cuSPARSE SpMV completed. Average time: 6.36494 ms/vector
MEM analytic bytes: 1025375651
MEM peak bytes: 629850112
ENERGY mJ/vector: 268.448
ENERGY avg power mW: 43459.4
cuSPARSE SpMM (B=16, default): 20.5277 ms/batch, 1.28298 ms/vector  rel=2.49741e-06 SUCCESS
cuSPARSE SpMM (B=16, csr_alg2): 20.2235 ms/batch, 1.26397 ms/vector  rel=2.54271e-06 SUCCESS
cuSPARSE SpMM (B=16, csr_alg3): 11.8732 ms/batch, 0.742073 ms/vector  rel=1.14773e-05 SUCCESS
Elapsed time: 0 secs
CROSSCHECK remm vs engine: max_rel_diff=2.011e-06  SUCCESS (n=2504)
## geno21_plustimes
Part I (RePair): alpha=200001, NTs=404627, distinct values=2
Schedule builder construction time: 73.9448 ms
Terminal compaction: alpha 200001 -> 116231 (58.1152% kept)
Proper Layered Completed Grammar Stats:
Max depth (L): 24, Max width (w*): 133079, Total layered rules: 973264 (raw NTs: 404627, +pt: 568637), emissions: 989111+209752 term
--- SEMIRING: PlusTimes (+,*) ---
Running CPU reference with OpenMP (20 threads)...
CPU reference (OpenMP): 19.4567 ms/vector (20 threads).
Running CPU reference sequentially (forced 1 thread)...
CPU reference (sequential): 9.82876 ms/vector.
CPU OpenMP vs sequential: max_rel_diff=1.9138e-07  SUCCESS
Running GPU engine (double-buffered proper layered, emit-on-the-spot)...
[GPU Setup Debug] rows=2504, cols=100000, alpha=116231, total_rules=973264, distinct_vals=2, sched_max_depth=24, sched_max_width=133079, emit_total=989111, num_term_emit=209752
GPU kernel: 1.47766 ms total over 1 vectors = 1.47766 ms/vector.
MEM analytic bytes: 24139492
MEM peak bytes: 26079232
ENERGY mJ/vector: 13.6622
ENERGY avg power mW: 27874
GPU multiplication completed in 1791.34 ms.
Batched run B=16 (est. 0.0310332 GB B-wide buffers)...
GPU batched (B=16): 9.39939 ms/batch, 0.587462 ms/vector over 1 batches.
Batched verification: max_rel_diff=4.50245e-07  SUCCESS
CROSSCHECK: dumped engine x/y to /tmp/tmp.rtPEA48gKW/geno21.plustimes.{x,y}
Verification: max_abs_diff=0.00170898, max_rel_diff=4.33025e-07, max|y|=4566.79
SUCCESS: GPU and CPU reference results match (within float precision)!
Reconstructed CSR Matrix Stats:
Rows: 2504, Cols: 100000, NNZ: 14039379
CROSSCHECK: loaded engine x from /tmp/tmp.rtPEA48gKW/geno21.plustimes.x
Running CPU reference SpMV...
Verification: max absolute diff = 0.000976562, max relative diff = 2.81097e-07
SUCCESS: Verification passed!
CROSSCHECK cpu_csr_spmv vs engine: max_rel_diff=6.04136e-07  SUCCESS
CROSSCHECK cusparse vs engine: max_rel_diff=7.24964e-07  SUCCESS
Reconstructed CSR Matrix Stats:
Rows: 2504, Cols: 100000, NNZ: 14039379
Running CPU reference SpMV...
Verification: max absolute diff = 0.000976562, max relative diff = 2.68628e-07
SUCCESS: Verification passed!
Running 20 iterations of cuSPARSE SpMV...
cuSPARSE SpMV completed. Average time: 0.68445 ms/vector
MEM analytic bytes: 112789919
MEM peak bytes: 114016256
ENERGY mJ/vector: 28.1931
ENERGY avg power mW: 40730.3
cuSPARSE SpMM (B=16, default): 1.68801 ms/batch, 0.105501 ms/vector  rel=7.98653e-07 SUCCESS
cuSPARSE SpMM (B=16, csr_alg2): 1.70854 ms/batch, 0.106784 ms/vector  rel=7.4167e-07 SUCCESS
cuSPARSE SpMM (B=16, csr_alg3): 0.941572 ms/batch, 0.0588482 ms/vector  rel=3.91831e-06 SUCCESS
Elapsed time: 0 secs
CROSSCHECK remm vs engine: max_rel_diff=6.135e-07  SUCCESS (n=2504)
## geno21full_plustimes
Part I (RePair): alpha=2108892, NTs=4297458, distinct values=2
Schedule builder construction time: 870.632 ms
Terminal compaction: alpha 2108892 -> 1251202 (59.3298% kept)
Proper Layered Completed Grammar Stats:
Max depth (L): 26, Max width (w*): 1390429, Total layered rules: 11589832 (raw NTs: 4297458, +pt: 7292374), emissions: 7559793+2088042 term
--- SEMIRING: PlusTimes (+,*) ---
Running CPU reference with OpenMP (20 threads)...
CPU reference (OpenMP): 28.9411 ms/vector (20 threads).
Running CPU reference sequentially (forced 1 thread)...
CPU reference (sequential): 87.0317 ms/vector.
CPU OpenMP vs sequential: max_rel_diff=6.21889e-07  SUCCESS
Running GPU engine (double-buffered proper layered, emit-on-the-spot)...
[GPU Setup Debug] rows=2504, cols=1054447, alpha=1251202, total_rules=11589832, distinct_vals=2, sched_max_depth=26, sched_max_width=1390429, emit_total=7559793, num_term_emit=2088042
GPU kernel: 17.8612 ms total over 1 vectors = 17.8612 ms/vector.
MEM analytic bytes: 246626324
MEM peak bytes: 246374400
ENERGY mJ/vector: 178.533
ENERGY avg power mW: 28285.1
GPU multiplication completed in 1903.06 ms.
Batched run B=16 (est. 0.325697 GB B-wide buffers)...
GPU batched (B=16): 168.643 ms/batch, 10.5402 ms/vector over 1 batches.
Batched verification: max_rel_diff=1.08029e-06  SUCCESS
CROSSCHECK: dumped engine x/y to /tmp/tmp.rtPEA48gKW/geno21full.plustimes.{x,y}
Verification: max_abs_diff=0.0429688, max_rel_diff=9.45559e-07, max|y|=46766.9
SUCCESS: GPU and CPU reference results match (within float precision)!
Reconstructed CSR Matrix Stats:
Rows: 2504, Cols: 1054447, NNZ: 140197660
CROSSCHECK: loaded engine x from /tmp/tmp.rtPEA48gKW/geno21full.plustimes.x
Running CPU reference SpMV...
Verification: max absolute diff = 0.0351562, max relative diff = 8.4161e-07
SUCCESS: Verification passed!
CROSSCHECK cpu_csr_spmv vs engine: max_rel_diff=1.76404e-06  SUCCESS
CROSSCHECK cusparse vs engine: max_rel_diff=2.02357e-06  SUCCESS
Reconstructed CSR Matrix Stats:
Rows: 2504, Cols: 1054447, NNZ: 140197660
Running CPU reference SpMV...
Verification: max absolute diff = 0.0351562, max relative diff = 7.93271e-07
SUCCESS: Verification passed!
Running 20 iterations of cuSPARSE SpMV...
cuSPARSE SpMV completed. Average time: 6.98909 ms/vector
MEM analytic bytes: 1126366759
MEM peak bytes: 1127305216
ENERGY mJ/vector: 274.757
ENERGY avg power mW: 40508.5
cuSPARSE SpMM (B=16, default): 22.8942 ms/batch, 1.43089 ms/vector  rel=2.58611e-06 SUCCESS
cuSPARSE SpMM (B=16, csr_alg2): 22.7034 ms/batch, 1.41896 ms/vector  rel=2.75418e-06 SUCCESS
cuSPARSE SpMM (B=16, csr_alg3): 12.6865 ms/batch, 0.792904 ms/vector  rel=1.22553e-05 SUCCESS
Elapsed time: 0 secs
CROSSCHECK remm vs engine: max_rel_diff=1.805e-06  SUCCESS (n=2504)
## geno20_plustimes
Part I (RePair): alpha=199982, NTs=438257, distinct values=2
Schedule builder construction time: 73.0563 ms
Terminal compaction: alpha 199982 -> 119673 (59.8419% kept)
Proper Layered Completed Grammar Stats:
Max depth (L): 22, Max width (w*): 144741, Total layered rules: 1157117 (raw NTs: 438257, +pt: 718860), emissions: 822703+215493 term
--- SEMIRING: PlusTimes (+,*) ---
Running CPU reference with OpenMP (20 threads)...
CPU reference (OpenMP): 20.6206 ms/vector (20 threads).
Running CPU reference sequentially (forced 1 thread)...
CPU reference (sequential): 8.86052 ms/vector.
CPU OpenMP vs sequential: max_rel_diff=1.49136e-07  SUCCESS
Running GPU engine (double-buffered proper layered, emit-on-the-spot)...
[GPU Setup Debug] rows=2504, cols=100000, alpha=119673, total_rules=1157117, distinct_vals=2, sched_max_depth=22, sched_max_width=144741, emit_total=822703, num_term_emit=215493
GPU kernel: 0.893248 ms total over 1 vectors = 0.893248 ms/vector.
MEM analytic bytes: 25194992
MEM peak bytes: 24576000
ENERGY mJ/vector: 13.1699
ENERGY avg power mW: 28248.5
GPU multiplication completed in 1787.71 ms.
Batched run B=16 (est. 0.0327462 GB B-wide buffers)...
GPU batched (B=16): 10.9092 ms/batch, 0.681828 ms/vector over 1 batches.
Batched verification: max_rel_diff=5.63009e-07  SUCCESS
CROSSCHECK: dumped engine x/y to /tmp/tmp.rtPEA48gKW/geno20.plustimes.{x,y}
Verification: max_abs_diff=0.000976562, max_rel_diff=2.75195e-07, max|y|=4618.53
SUCCESS: GPU and CPU reference results match (within float precision)!
Reconstructed CSR Matrix Stats:
Rows: 2504, Cols: 100000, NNZ: 13515259
CROSSCHECK: loaded engine x from /tmp/tmp.rtPEA48gKW/geno20.plustimes.x
Running CPU reference SpMV...
Verification: max absolute diff = 0.000976562, max relative diff = 2.92279e-07
SUCCESS: Verification passed!
CROSSCHECK cpu_csr_spmv vs engine: max_rel_diff=5.92861e-07  SUCCESS
CROSSCHECK cusparse vs engine: max_rel_diff=6.7843e-07  SUCCESS
Reconstructed CSR Matrix Stats:
Rows: 2504, Cols: 100000, NNZ: 13515259
Running CPU reference SpMV...
Verification: max absolute diff = 0.000976562, max relative diff = 2.4139e-07
SUCCESS: Verification passed!
Running 20 iterations of cuSPARSE SpMV...
cuSPARSE SpMV completed. Average time: 0.659653 ms/vector
MEM analytic bytes: 108594911
MEM peak bytes: 114790400
ENERGY mJ/vector: 27.704
ENERGY avg power mW: 41618
cuSPARSE SpMM (B=16, default): 1.67695 ms/batch, 0.104809 ms/vector  rel=7.85348e-07 SUCCESS
cuSPARSE SpMM (B=16, csr_alg2): 1.64014 ms/batch, 0.102509 ms/vector  rel=8.45979e-07 SUCCESS
cuSPARSE SpMM (B=16, csr_alg3): 0.864373 ms/batch, 0.0540233 ms/vector  rel=3.87822e-06 SUCCESS
Elapsed time: 0 secs
CROSSCHECK remm vs engine: max_rel_diff=6.052e-07  SUCCESS (n=2504)
## geno20full_plustimes
Part I (RePair): alpha=3478620, NTs=6652691, distinct values=2
Schedule builder construction time: 1435.22 ms
Terminal compaction: alpha 3478620 -> 2045026 (58.7884% kept)
Proper Layered Completed Grammar Stats:
Max depth (L): 24, Max width (w*): 2178866, Total layered rules: 17771958 (raw NTs: 6652691, +pt: 11119267), emissions: 11457133+3467098 term
--- SEMIRING: PlusTimes (+,*) ---
Running CPU reference with OpenMP (20 threads)...
CPU reference (OpenMP): 40.4045 ms/vector (20 threads).
Running CPU reference sequentially (forced 1 thread)...
CPU reference (sequential): 136.992 ms/vector.
CPU OpenMP vs sequential: max_rel_diff=6.09741e-07  SUCCESS
Running GPU engine (double-buffered proper layered, emit-on-the-spot)...
[GPU Setup Debug] rows=2504, cols=1739315, alpha=2045026, total_rules=17771958, distinct_vals=2, sched_max_depth=24, sched_max_width=2178866, emit_total=11457133, num_term_emit=3467098
GPU kernel: 47.4302 ms total over 1 vectors = 47.4302 ms/vector.
MEM analytic bytes: 381595860
MEM peak bytes: 379457536
ENERGY mJ/vector: 319.585
ENERGY avg power mW: 27580.7
GPU multiplication completed in 2136.47 ms.
Batched run B=16 (est. 0.521253 GB B-wide buffers)...
GPU batched (B=16): 358.826 ms/batch, 22.4266 ms/vector over 1 batches.
Batched verification: max_rel_diff=1.1065e-06  SUCCESS
CROSSCHECK: dumped engine x/y to /tmp/tmp.rtPEA48gKW/geno20full.plustimes.{x,y}
Verification: max_abs_diff=0.078125, max_rel_diff=1.26067e-06, max|y|=65862.5
SUCCESS: GPU and CPU reference results match (within float precision)!
Reconstructed CSR Matrix Stats:
Rows: 2504, Cols: 1739315, NNZ: 201040680
CROSSCHECK: loaded engine x from /tmp/tmp.rtPEA48gKW/geno20full.plustimes.x
Running CPU reference SpMV...
Verification: max absolute diff = 0.0546875, max relative diff = 9.16763e-07
SUCCESS: Verification passed!
CROSSCHECK cpu_csr_spmv vs engine: max_rel_diff=1.99132e-06  SUCCESS
CROSSCHECK cusparse vs engine: max_rel_diff=2.03999e-06  SUCCESS
Reconstructed CSR Matrix Stats:
Rows: 2504, Cols: 1739315, NNZ: 201040680
Running CPU reference SpMV...
Verification: max absolute diff = 0.0625, max relative diff = 9.84108e-07
SUCCESS: Verification passed!
Running 20 iterations of cuSPARSE SpMV...
cuSPARSE SpMV completed. Average time: 9.88571 ms/vector
MEM analytic bytes: 1616088059
MEM peak bytes: 1625755648
ENERGY mJ/vector: 402.956
ENERGY avg power mW: 41426.6
cuSPARSE SpMM (B=16, default): 45.0975 ms/batch, 2.81859 ms/vector  rel=2.93852e-06 SUCCESS
cuSPARSE SpMM (B=16, csr_alg2): 44.9126 ms/batch, 2.80704 ms/vector  rel=2.98499e-06 SUCCESS
cuSPARSE SpMM (B=16, csr_alg3): 24.1666 ms/batch, 1.51041 ms/vector  rel=1.48204e-05 SUCCESS
Elapsed time: 0 secs
CROSSCHECK remm vs engine: max_rel_diff=2.005e-06  SUCCESS (n=2504)
## geno_synth_small_plustimes
Part I (RePair): alpha=100001, NTs=625285, distinct values=2
Schedule builder construction time: 105.209 ms
Terminal compaction: alpha 100001 -> 73039 (73.0383% kept)
Proper Layered Completed Grammar Stats:
Max depth (L): 25, Max width (w*): 224961, Total layered rules: 1850510 (raw NTs: 625285, +pt: 1225225), emissions: 709345+100487 term
--- SEMIRING: PlusTimes (+,*) ---
Running CPU reference with OpenMP (20 threads)...
CPU reference (OpenMP): 9.24772 ms/vector (20 threads).
Running CPU reference sequentially (forced 1 thread)...
CPU reference (sequential): 7.97448 ms/vector.
CPU OpenMP vs sequential: max_rel_diff=1.80195e-07  SUCCESS
Running GPU engine (double-buffered proper layered, emit-on-the-spot)...
[GPU Setup Debug] rows=2000, cols=50000, alpha=73039, total_rules=1850510, distinct_vals=2, sched_max_depth=25, sched_max_width=224961, emit_total=709345, num_term_emit=100487
GPU kernel: 1.02576 ms total over 1 vectors = 1.02576 ms/vector.
MEM analytic bytes: 31568932
MEM peak bytes: 31981568
ENERGY mJ/vector: 14.2281
ENERGY avg power mW: 29337.4
GPU multiplication completed in 1793.03 ms.
Batched run B=16 (est. 0.0367975 GB B-wide buffers)...
GPU batched (B=16): 19.2322 ms/batch, 1.20201 ms/vector over 1 batches.
Batched verification: max_rel_diff=3.58203e-07  SUCCESS
CROSSCHECK: dumped engine x/y to /tmp/tmp.rtPEA48gKW/geno_synth_small.plustimes.{x,y}
Verification: max_abs_diff=0.00195312, max_rel_diff=3.55012e-07, max|y|=5664.82
SUCCESS: GPU and CPU reference results match (within float precision)!
Reconstructed CSR Matrix Stats:
Rows: 2000, Cols: 50000, NNZ: 16616951
CROSSCHECK: loaded engine x from /tmp/tmp.rtPEA48gKW/geno_synth_small.plustimes.x
Running CPU reference SpMV...
Verification: max absolute diff = 0.00146484, max relative diff = 2.688e-07
SUCCESS: Verification passed!
CROSSCHECK cpu_csr_spmv vs engine: max_rel_diff=6.29142e-07  SUCCESS
CROSSCHECK cusparse vs engine: max_rel_diff=7.07286e-07  SUCCESS
Reconstructed CSR Matrix Stats:
Rows: 2000, Cols: 50000, NNZ: 16616951
Running CPU reference SpMV...
Verification: max absolute diff = 0.00195312, max relative diff = 3.56082e-07
SUCCESS: Verification passed!
Running 20 iterations of cuSPARSE SpMV...
cuSPARSE SpMV completed. Average time: 0.832116 ms/vector
MEM analytic bytes: 133216531
MEM peak bytes: 134725632
ENERGY mJ/vector: 30.0838
ENERGY avg power mW: 37000.7
cuSPARSE SpMM (B=16, default): 2.02601 ms/batch, 0.126626 ms/vector  rel=9.83398e-07 SUCCESS
cuSPARSE SpMM (B=16, csr_alg2): 2.02869 ms/batch, 0.126793 ms/vector  rel=1.07256e-06 SUCCESS
cuSPARSE SpMM (B=16, csr_alg3): 0.926768 ms/batch, 0.057923 ms/vector  rel=4.11466e-06 SUCCESS
Elapsed time: 0 secs
CROSSCHECK remm vs engine: max_rel_diff=6.283e-07  SUCCESS (n=2000)
## geno_synth_large_plustimes
Part I (RePair): alpha=400001, NTs=3944953, distinct values=2
Schedule builder construction time: 826.66 ms
Terminal compaction: alpha 400001 -> 292648 (73.1618% kept)
Proper Layered Completed Grammar Stats:
Max depth (L): 29, Max width (w*): 1394305, Total layered rules: 12234852 (raw NTs: 3944953, +pt: 8289899), emissions: 4436173+456949 term
--- SEMIRING: PlusTimes (+,*) ---
Running CPU reference with OpenMP (20 threads)...
CPU reference (OpenMP): 27.031 ms/vector (20 threads).
Running CPU reference sequentially (forced 1 thread)...
CPU reference (sequential): 53.1536 ms/vector.
CPU OpenMP vs sequential: max_rel_diff=1.934e-07  SUCCESS
Running GPU engine (double-buffered proper layered, emit-on-the-spot)...
[GPU Setup Debug] rows=5000, cols=200000, alpha=292648, total_rules=12234852, distinct_vals=2, sched_max_depth=29, sched_max_width=1394305, emit_total=4436173, num_term_emit=456949
GPU kernel: 8.0353 ms total over 1 vectors = 8.0353 ms/vector.
MEM analytic bytes: 201449416
MEM peak bytes: 201977856
ENERGY mJ/vector: 94.2673
ENERGY avg power mW: 32629.5
GPU multiplication completed in 1836.49 ms.
Batched run B=16 (est. 0.210321 GB B-wide buffers)...
GPU batched (B=16): 84.6585 ms/batch, 5.29116 ms/vector over 1 batches.
Batched verification: max_rel_diff=5.81471e-07  SUCCESS
CROSSCHECK: dumped engine x/y to /tmp/tmp.rtPEA48gKW/geno_synth_large.plustimes.{x,y}
Verification: max_abs_diff=0.0136719, max_rel_diff=6.73585e-07, max|y|=20541.2
SUCCESS: GPU and CPU reference results match (within float precision)!
Reconstructed CSR Matrix Stats:
Rows: 5000, Cols: 200000, NNZ: 152440925
CROSSCHECK: loaded engine x from /tmp/tmp.rtPEA48gKW/geno_synth_large.plustimes.x
Running CPU reference SpMV...
Verification: max absolute diff = 0.0117188, max relative diff = 5.83288e-07
SUCCESS: Verification passed!
CROSSCHECK cpu_csr_spmv vs engine: max_rel_diff=7.75243e-07  SUCCESS
CROSSCHECK cusparse vs engine: max_rel_diff=9.68385e-07  SUCCESS
Reconstructed CSR Matrix Stats:
Rows: 5000, Cols: 200000, NNZ: 152440925
Running CPU reference SpMV...
Verification: max absolute diff = 0.0136719, max relative diff = 6.79464e-07
SUCCESS: Verification passed!
Running 20 iterations of cuSPARSE SpMV...
cuSPARSE SpMV completed. Average time: 7.53849 ms/vector
MEM analytic bytes: 1220962887
MEM peak bytes: 1222905856
ENERGY mJ/vector: 292.09
ENERGY avg power mW: 39558.4
cuSPARSE SpMM (B=16, default): 19.2226 ms/batch, 1.20141 ms/vector  rel=2.12196e-06 SUCCESS
cuSPARSE SpMM (B=16, csr_alg2): 19.1227 ms/batch, 1.19517 ms/vector  rel=2.31486e-06 SUCCESS
cuSPARSE SpMM (B=16, csr_alg3): 8.42638 ms/batch, 0.526648 ms/vector  rel=8.43413e-06 SUCCESS
Elapsed time: 0 secs
CROSSCHECK remm vs engine: max_rel_diff=8.177e-07  SUCCESS (n=5000)
## geno_synth_ld_high_plustimes
Part I (RePair): alpha=200001, NTs=1569951, distinct values=2
Schedule builder construction time: 310.998 ms
Terminal compaction: alpha 200001 -> 146080 (73.0396% kept)
Proper Layered Completed Grammar Stats:
Max depth (L): 30, Max width (w*): 498368, Total layered rules: 5117569 (raw NTs: 1569951, +pt: 3547618), emissions: 1483434+190689 term
--- SEMIRING: PlusTimes (+,*) ---
Running CPU reference with OpenMP (20 threads)...
CPU reference (OpenMP): 20.0658 ms/vector (20 threads).
Running CPU reference sequentially (forced 1 thread)...
CPU reference (sequential): 17.9373 ms/vector.
CPU OpenMP vs sequential: max_rel_diff=2.06736e-07  SUCCESS
Running GPU engine (double-buffered proper layered, emit-on-the-spot)...
[GPU Setup Debug] rows=5000, cols=100000, alpha=146080, total_rules=5117569, distinct_vals=2, sched_max_depth=30, sched_max_width=498368, emit_total=1483434, num_term_emit=190689
GPU kernel: 2.30163 ms total over 1 vectors = 2.30163 ms/vector.
MEM analytic bytes: 80963716
MEM peak bytes: 79495168
ENERGY mJ/vector: 30.4691
ENERGY avg power mW: 32784.1
GPU multiplication completed in 1818.78 ms.
Batched run B=16 (est. 0.0798602 GB B-wide buffers)...
GPU batched (B=16): 46.9758 ms/batch, 2.93599 ms/vector over 1 batches.
Batched verification: max_rel_diff=3.29577e-07  SUCCESS
CROSSCHECK: dumped engine x/y to /tmp/tmp.rtPEA48gKW/geno_synth_ld_high.plustimes.{x,y}
Verification: max_abs_diff=0.00390625, max_rel_diff=3.1682e-07, max|y|=14506.9
SUCCESS: GPU and CPU reference results match (within float precision)!
Reconstructed CSR Matrix Stats:
Rows: 5000, Cols: 100000, NNZ: 73471493
CROSSCHECK: loaded engine x from /tmp/tmp.rtPEA48gKW/geno_synth_ld_high.plustimes.x
Running CPU reference SpMV...
Verification: max absolute diff = 0.00585938, max relative diff = 4.57759e-07
SUCCESS: Verification passed!
CROSSCHECK cpu_csr_spmv vs engine: max_rel_diff=4.8739e-07  SUCCESS
CROSSCHECK cusparse vs engine: max_rel_diff=8.39224e-07  SUCCESS
Reconstructed CSR Matrix Stats:
Rows: 5000, Cols: 100000, NNZ: 73471493
Running CPU reference SpMV...
Verification: max absolute diff = 0.00585938, max relative diff = 4.78871e-07
SUCCESS: Verification passed!
Running 20 iterations of cuSPARSE SpMV...
cuSPARSE SpMV completed. Average time: 3.61962 ms/vector
MEM analytic bytes: 588498955
MEM peak bytes: 592080896
ENERGY mJ/vector: 133.898
ENERGY avg power mW: 37551.7
cuSPARSE SpMM (B=16, default): 8.91937 ms/batch, 0.557461 ms/vector  rel=1.19763e-06 SUCCESS
cuSPARSE SpMM (B=16, csr_alg2): 8.83081 ms/batch, 0.551926 ms/vector  rel=1.15423e-06 SUCCESS
cuSPARSE SpMM (B=16, csr_alg3): 4.11694 ms/batch, 0.257309 ms/vector  rel=6.36494e-06 SUCCESS
Elapsed time: 0 secs
CROSSCHECK remm vs engine: max_rel_diff=4.948e-07  SUCCESS (n=5000)
## geno_synth_ld_low_plustimes
Part I (RePair): alpha=200001, NTs=3471140, distinct values=2
Schedule builder construction time: 653.041 ms
Terminal compaction: alpha 200001 -> 146620 (73.3096% kept)
Proper Layered Completed Grammar Stats:
Max depth (L): 21, Max width (w*): 1537556, Total layered rules: 8317253 (raw NTs: 3471140, +pt: 4846113), emissions: 6940047+494886 term
--- SEMIRING: PlusTimes (+,*) ---
Running CPU reference with OpenMP (20 threads)...
CPU reference (OpenMP): 22.677 ms/vector (20 threads).
Running CPU reference sequentially (forced 1 thread)...
CPU reference (sequential): 64.1865 ms/vector.
CPU OpenMP vs sequential: max_rel_diff=4.72102e-07  SUCCESS
Running GPU engine (double-buffered proper layered, emit-on-the-spot)...
[GPU Setup Debug] rows=5000, cols=100000, alpha=146620, total_rules=8317253, distinct_vals=2, sched_max_depth=21, sched_max_width=1537556, emit_total=6940047, num_term_emit=494886
GPU kernel: 9.84064 ms total over 1 vectors = 9.84064 ms/vector.
MEM analytic bytes: 173766388
MEM peak bytes: 173477888
ENERGY mJ/vector: 112.546
ENERGY avg power mW: 30384.9
GPU multiplication completed in 1868.24 ms.
Batched run B=16 (est. 0.212911 GB B-wide buffers)...
GPU batched (B=16): 113.378 ms/batch, 7.08613 ms/vector over 1 batches.
Batched verification: max_rel_diff=8.58094e-07  SUCCESS
CROSSCHECK: dumped engine x/y to /tmp/tmp.rtPEA48gKW/geno_synth_ld_low.plustimes.{x,y}
Verification: max_abs_diff=0.00976562, max_rel_diff=9.39058e-07, max|y|=10572.8
SUCCESS: GPU and CPU reference results match (within float precision)!
Reconstructed CSR Matrix Stats:
Rows: 5000, Cols: 100000, NNZ: 77009034
CROSSCHECK: loaded engine x from /tmp/tmp.rtPEA48gKW/geno_synth_ld_low.plustimes.x
Running CPU reference SpMV...
Verification: max absolute diff = 0.00488281, max relative diff = 4.75303e-07
SUCCESS: Verification passed!
CROSSCHECK cpu_csr_spmv vs engine: max_rel_diff=1.23425e-06  SUCCESS
CROSSCHECK cusparse vs engine: max_rel_diff=1.32845e-06  SUCCESS
Reconstructed CSR Matrix Stats:
Rows: 5000, Cols: 100000, NNZ: 77009034
Running CPU reference SpMV...
Verification: max absolute diff = 0.00488281, max relative diff = 4.72601e-07
SUCCESS: Verification passed!
Running 20 iterations of cuSPARSE SpMV...
cuSPARSE SpMV completed. Average time: 3.79421 ms/vector
MEM analytic bytes: 616813103
MEM peak bytes: 617021440
ENERGY mJ/vector: 142.237
ENERGY avg power mW: 38030
cuSPARSE SpMM (B=16, default): 9.34674 ms/batch, 0.584171 ms/vector  rel=1.32666e-06 SUCCESS
cuSPARSE SpMM (B=16, csr_alg2): 9.27925 ms/batch, 0.579953 ms/vector  rel=1.59984e-06 SUCCESS
cuSPARSE SpMM (B=16, csr_alg3): 4.29738 ms/batch, 0.268586 ms/vector  rel=6.35408e-06 SUCCESS
Elapsed time: 0 secs
CROSSCHECK remm vs engine: max_rel_diff=1.254e-06  SUCCESS (n=5000)
## geno_synth_ind_large_plustimes
Part I (RePair): alpha=99999, NTs=1400638, distinct values=2
Schedule builder construction time: 279.038 ms
Terminal compaction: alpha 99999 -> 73435 (73.4357% kept)
Proper Layered Completed Grammar Stats:
Max depth (L): 30, Max width (w*): 489845, Total layered rules: 4481729 (raw NTs: 1400638, +pt: 3081091), emissions: 1574872+126395 term
--- SEMIRING: PlusTimes (+,*) ---
Running CPU reference with OpenMP (20 threads)...
CPU reference (OpenMP): 15.4726 ms/vector (20 threads).
Running CPU reference sequentially (forced 1 thread)...
CPU reference (sequential): 16.7057 ms/vector.
CPU OpenMP vs sequential: max_rel_diff=2.07447e-07  SUCCESS
Running GPU engine (double-buffered proper layered, emit-on-the-spot)...
[GPU Setup Debug] rows=10000, cols=50000, alpha=73435, total_rules=4481729, distinct_vals=2, sched_max_depth=30, sched_max_width=489845, emit_total=1574872, num_term_emit=126395
GPU kernel: 3.04634 ms total over 1 vectors = 3.04634 ms/vector.
MEM analytic bytes: 72430864
MEM peak bytes: 76808192
ENERGY mJ/vector: 26.3995
ENERGY avg power mW: 33932.9
GPU multiplication completed in 1816.51 ms.
Batched run B=16 (est. 0.07124 GB B-wide buffers)...
GPU batched (B=16): 42.6868 ms/batch, 2.66792 ms/vector over 1 batches.
Batched verification: max_rel_diff=4.18628e-07  SUCCESS
CROSSCHECK: dumped engine x/y to /tmp/tmp.rtPEA48gKW/geno_synth_ind_large.plustimes.{x,y}
Verification: max_abs_diff=0.00146484, max_rel_diff=3.15464e-07, max|y|=4814.74
SUCCESS: GPU and CPU reference results match (within float precision)!
Reconstructed CSR Matrix Stats:
Rows: 10000, Cols: 50000, NNZ: 71602677
CROSSCHECK: loaded engine x from /tmp/tmp.rtPEA48gKW/geno_synth_ind_large.plustimes.x
Running CPU reference SpMV...
Verification: max absolute diff = 0.00146484, max relative diff = 3.15926e-07
SUCCESS: Verification passed!
CROSSCHECK cpu_csr_spmv vs engine: max_rel_diff=5.15116e-07  SUCCESS
CROSSCHECK cusparse vs engine: max_rel_diff=6.23277e-07  SUCCESS
Reconstructed CSR Matrix Stats:
Rows: 10000, Cols: 50000, NNZ: 71602677
Running CPU reference SpMV...
Verification: max absolute diff = 0.00146484, max relative diff = 3.17192e-07
SUCCESS: Verification passed!
Running 20 iterations of cuSPARSE SpMV...
cuSPARSE SpMV completed. Average time: 3.55528 ms/vector
MEM analytic bytes: 573381127
MEM peak bytes: 575873024
ENERGY mJ/vector: 132.982
ENERGY avg power mW: 38219.9
cuSPARSE SpMM (B=16, default): 8.60113 ms/batch, 0.53757 ms/vector  rel=8.43472e-07 SUCCESS
cuSPARSE SpMM (B=16, csr_alg2): 8.66057 ms/batch, 0.541285 ms/vector  rel=9.42391e-07 SUCCESS
cuSPARSE SpMM (B=16, csr_alg3): 3.79977 ms/batch, 0.237485 ms/vector  rel=3.76687e-06 SUCCESS
Elapsed time: 0 secs
CROSSCHECK remm vs engine: max_rel_diff=4.776e-07  SUCCESS (n=10000)
## crossover_synth_plustimes
Part I (RePair): alpha=1400000, NTs=19506547, distinct values=2
Schedule builder construction time: 4256.23 ms
Terminal compaction: alpha 1400000 -> 1026072 (73.2909% kept)
Proper Layered Completed Grammar Stats:
Max depth (L): 32, Max width (w*): 6836497, Total layered rules: 62211571 (raw NTs: 19506547, +pt: 42705024), emissions: 21908902+1746587 term
--- SEMIRING: PlusTimes (+,*) ---
Running CPU reference with OpenMP (20 threads)...
CPU reference (OpenMP): 101.431 ms/vector (20 threads).
Running CPU reference sequentially (forced 1 thread)...
CPU reference (sequential): 293.291 ms/vector.
CPU OpenMP vs sequential: max_rel_diff=3.51595e-07  SUCCESS
Running GPU engine (double-buffered proper layered, emit-on-the-spot)...
[GPU Setup Debug] rows=10000, cols=700000, alpha=1026072, total_rules=62211571, distinct_vals=2, sched_max_depth=32, sched_max_width=6836497, emit_total=21908902, num_term_emit=1746587
GPU kernel: 46.1736 ms total over 1 vectors = 46.1736 ms/vector.
MEM analytic bytes: 1005627604
MEM peak bytes: 1008947200
ENERGY mJ/vector: 615.163
ENERGY avg power mW: 31981.1
GPU multiplication completed in 2229.43 ms.
Batched run B=16 (est. 0.98618 GB B-wide buffers)...
GPU batched (B=16): 534.028 ms/batch, 33.3767 ms/vector over 1 batches.
Batched verification: max_rel_diff=8.21741e-07  SUCCESS
CROSSCHECK: dumped engine x/y to /tmp/tmp.rtPEA48gKW/crossover_synth.plustimes.{x,y}
Verification: max_abs_diff=0.0546875, max_rel_diff=8.17618e-07, max|y|=67307.9
SUCCESS: GPU and CPU reference results match (within float precision)!
Reconstructed CSR Matrix Stats:
Rows: 10000, Cols: 700000, NNZ: 1002967808
CROSSCHECK: loaded engine x from /tmp/tmp.rtPEA48gKW/crossover_synth.plustimes.x
Running CPU reference SpMV...
Verification: max absolute diff = 0.078125, max relative diff = 1.16955e-06
SUCCESS: Verification passed!
CROSSCHECK cpu_csr_spmv vs engine: max_rel_diff=1.29011e-06  SUCCESS
CROSSCHECK cusparse vs engine: max_rel_diff=1.75814e-06  SUCCESS
Reconstructed CSR Matrix Stats:
Rows: 10000, Cols: 700000, NNZ: 1002967808
Running CPU reference SpMV...
Verification: max absolute diff = 0.0703125, max relative diff = 1.05067e-06
SUCCESS: Verification passed!
Running 20 iterations of cuSPARSE SpMV...
cuSPARSE SpMV completed. Average time: 48.4455 ms/vector
MEM analytic bytes: 8030540319
MEM peak bytes: 8082116608
ENERGY mJ/vector: 1842.47
ENERGY avg power mW: 38055.9
cuSPARSE SpMM (B=16, default): 265.489 ms/batch, 16.5931 ms/vector  rel=3.39277e-06 SUCCESS
cuSPARSE SpMM (B=16, csr_alg2): 265.422 ms/batch, 16.5889 ms/vector  rel=3.15879e-06 SUCCESS
cuSPARSE SpMM (B=16, csr_alg3): 98.0625 ms/batch, 6.12891 ms/vector  rel=1.97273e-05 SUCCESS
Elapsed time: 1 secs
CROSSCHECK remm vs engine: max_rel_diff=1.316e-06  SUCCESS (n=10000)
## wd_sports_team_boolean
Part I (RePair): alpha=29855, NTs=70158, distinct values=1
Schedule builder construction time: 17.5536 ms
Terminal compaction: alpha 29855 -> 29855 (100% kept)
Proper Layered Completed Grammar Stats:
Max depth (L): 6, Max width (w*): 49298, Total layered rules: 80896 (raw NTs: 70158, +pt: 10738), emissions: 296451+473013 term
--- SEMIRING: Boolean ---
Running CPU reference with OpenMP (20 threads)...
CPU reference (OpenMP): 5.48259 ms/vector (20 threads).
Running CPU reference sequentially (forced 1 thread)...
CPU reference (sequential): 2.28431 ms/vector.
CPU OpenMP vs sequential: max_rel_diff=0  SUCCESS
Running GPU engine (double-buffered proper layered, emit-on-the-spot)...
[GPU Setup Debug] rows=332121, cols=29854, alpha=29855, total_rules=80896, distinct_vals=1, sched_max_depth=6, sched_max_width=49298, emit_total=296451, num_term_emit=473013
GPU kernel: 1.2439 ms total over 1 vectors = 1.2439 ms/vector.
MEM analytic bytes: 9327004
MEM peak bytes: 12582912
ENERGY mJ/vector: 2.48501
ENERGY avg power mW: 31811.3
GPU multiplication completed in 1785.86 ms.
Batched run B=16 (est. 0.0313873 GB B-wide buffers)...
GPU batched (B=16): 9.42861 ms/batch, 0.589288 ms/vector over 1 batches.
Batched verification: max_rel_diff=0  SUCCESS
CROSSCHECK: dumped engine x/y to /tmp/tmp.rtPEA48gKW/wd_sports_team_boolean.boolean.{x,y}
Verification: max_abs_diff=0, max_rel_diff=0, max|y|=1
SUCCESS: GPU and CPU reference results match (within float precision)!
Reconstructed CSR Matrix Stats:
Rows: 332121, Cols: 29854, NNZ: 1136249
CROSSCHECK: loaded engine x from /tmp/tmp.rtPEA48gKW/wd_sports_team_boolean.boolean.x
Running CPU reference SpMV...
Verification: max absolute diff = 0, max relative diff = 0
SUCCESS: Verification passed!
CROSSCHECK cpu_csr_spmv(bool) vs engine: mismatches=0  SUCCESS
CROSSCHECK cusparse(bool) vs engine: mismatches=0  SUCCESS
CROSSCHECK graphblas lor_land vs engine: mismatches=0  SUCCESS (rows=332121 cols=29854)
## wd_sports_team_tropical
Part I (RePair): alpha=29855, NTs=70158, distinct values=1
Schedule builder construction time: 14.523 ms
Terminal compaction: alpha 29855 -> 29855 (100% kept)
Proper Layered Completed Grammar Stats:
Max depth (L): 6, Max width (w*): 49298, Total layered rules: 80896 (raw NTs: 70158, +pt: 10738), emissions: 296451+473013 term
--- SEMIRING: Tropical (min,+) ---
Running CPU reference with OpenMP (20 threads)...
CPU reference (OpenMP): 450.121 ms/vector (20 threads).
Running CPU reference sequentially (forced 1 thread)...
CPU reference (sequential): 8.97455 ms/vector.
CPU OpenMP vs sequential: max_rel_diff=0  SUCCESS
Running GPU engine (double-buffered proper layered, emit-on-the-spot)...
[GPU Setup Debug] rows=332121, cols=29854, alpha=29855, total_rules=80896, distinct_vals=1, sched_max_depth=6, sched_max_width=49298, emit_total=296451, num_term_emit=473013
GPU kernel: 0.937536 ms total over 1 vectors = 0.937536 ms/vector.
MEM analytic bytes: 9327004
MEM peak bytes: 0
ENERGY mJ/vector: 2.41545
ENERGY avg power mW: 32414.5
GPU multiplication completed in 1784.48 ms.
Batched run B=16 (est. 0.0313873 GB B-wide buffers)...
GPU batched (B=16): 17.0422 ms/batch, 1.06514 ms/vector over 1 batches.
Batched verification: max_rel_diff=0  SUCCESS
CROSSCHECK: dumped engine x/y to /tmp/tmp.rtPEA48gKW/wd_sports_team_tropical.tropical.{x,y}
Verification: max_abs_diff=0, max_rel_diff=0, max|y|=1e+09
SUCCESS: GPU and CPU reference results match (within float precision)!
Reconstructed CSR Matrix Stats:
Rows: 332121, Cols: 29854, NNZ: 1136249
CROSSCHECK: loaded engine x from /tmp/tmp.rtPEA48gKW/wd_sports_team_tropical.tropical.x
CROSSCHECK cpu_csr_minplus vs engine: max_abs_diff=0, mismatches=0  SUCCESS
CROSSCHECK graphblas min_plus vs engine: mismatches=0  SUCCESS (rows=332121 cols=29854)
## wd_cast_member_boolean
Part I (RePair): alpha=144096, NTs=51677, distinct values=1
Schedule builder construction time: 21.3183 ms
Terminal compaction: alpha 144096 -> 144096 (100% kept)
Proper Layered Completed Grammar Stats:
Max depth (L): 8, Max width (w*): 42365, Total layered rules: 62336 (raw NTs: 51677, +pt: 10659), emissions: 118125+761154 term
--- SEMIRING: Boolean ---
Running CPU reference with OpenMP (20 threads)...
CPU reference (OpenMP): 5.46432 ms/vector (20 threads).
Running CPU reference sequentially (forced 1 thread)...
CPU reference (sequential): 3.09896 ms/vector.
CPU OpenMP vs sequential: max_rel_diff=0  SUCCESS
Running GPU engine (double-buffered proper layered, emit-on-the-spot)...
[GPU Setup Debug] rows=173977, cols=144095, alpha=144096, total_rules=62336, distinct_vals=1, sched_max_depth=8, sched_max_width=42365, emit_total=118125, num_term_emit=761154
GPU kernel: 0.379456 ms total over 1 vectors = 0.379456 ms/vector.
MEM analytic bytes: 11122620
MEM peak bytes: 14417920
ENERGY mJ/vector: 3.58451
ENERGY avg power mW: 32705.5
GPU multiplication completed in 1797.68 ms.
Batched run B=16 (est. 0.0350015 GB B-wide buffers)...
GPU batched (B=16): 18.6456 ms/batch, 1.16535 ms/vector over 1 batches.
Batched verification: max_rel_diff=0  SUCCESS
CROSSCHECK: dumped engine x/y to /tmp/tmp.rtPEA48gKW/wd_cast_member_boolean.boolean.{x,y}
Verification: max_abs_diff=0, max_rel_diff=0, max|y|=1
SUCCESS: GPU and CPU reference results match (within float precision)!
Reconstructed CSR Matrix Stats:
Rows: 173977, Cols: 144095, NNZ: 1033124
CROSSCHECK: loaded engine x from /tmp/tmp.rtPEA48gKW/wd_cast_member_boolean.boolean.x
Running CPU reference SpMV...
Verification: max absolute diff = 0, max relative diff = 0
SUCCESS: Verification passed!
CROSSCHECK cpu_csr_spmv(bool) vs engine: mismatches=0  SUCCESS
CROSSCHECK cusparse(bool) vs engine: mismatches=0  SUCCESS
CROSSCHECK graphblas lor_land vs engine: mismatches=0  SUCCESS (rows=173977 cols=144095)
## wd_cast_member_tropical
Part I (RePair): alpha=144096, NTs=51677, distinct values=1
Schedule builder construction time: 16.6921 ms
Terminal compaction: alpha 144096 -> 144096 (100% kept)
Proper Layered Completed Grammar Stats:
Max depth (L): 8, Max width (w*): 42365, Total layered rules: 62336 (raw NTs: 51677, +pt: 10659), emissions: 118125+761154 term
--- SEMIRING: Tropical (min,+) ---
Running CPU reference with OpenMP (20 threads)...
CPU reference (OpenMP): 551.708 ms/vector (20 threads).
Running CPU reference sequentially (forced 1 thread)...
CPU reference (sequential): 10.4265 ms/vector.
CPU OpenMP vs sequential: max_rel_diff=0  SUCCESS
Running GPU engine (double-buffered proper layered, emit-on-the-spot)...
[GPU Setup Debug] rows=173977, cols=144095, alpha=144096, total_rules=62336, distinct_vals=1, sched_max_depth=8, sched_max_width=42365, emit_total=118125, num_term_emit=761154
GPU kernel: 0.379648 ms total over 1 vectors = 0.379648 ms/vector.
MEM analytic bytes: 11122620
MEM peak bytes: 1835008
ENERGY mJ/vector: 3.73229
ENERGY avg power mW: 34275.9
GPU multiplication completed in 1795.27 ms.
Batched run B=16 (est. 0.0350015 GB B-wide buffers)...
GPU batched (B=16): 36.7418 ms/batch, 2.29636 ms/vector over 1 batches.
Batched verification: max_rel_diff=0  SUCCESS
CROSSCHECK: dumped engine x/y to /tmp/tmp.rtPEA48gKW/wd_cast_member_tropical.tropical.{x,y}
Verification: max_abs_diff=0, max_rel_diff=0, max|y|=1e+09
SUCCESS: GPU and CPU reference results match (within float precision)!
Reconstructed CSR Matrix Stats:
Rows: 173977, Cols: 144095, NNZ: 1033124
CROSSCHECK: loaded engine x from /tmp/tmp.rtPEA48gKW/wd_cast_member_tropical.tropical.x
CROSSCHECK cpu_csr_minplus vs engine: max_abs_diff=0, mismatches=0  SUCCESS
CROSSCHECK graphblas min_plus vs engine: mismatches=0  SUCCESS (rows=173977 cols=144095)
## wd_citizenship_boolean
Part I (RePair): alpha=2557, NTs=3295, distinct values=1
Schedule builder construction time: 56.1496 ms
Terminal compaction: alpha 2557 -> 2557 (100% kept)
Proper Layered Completed Grammar Stats:
Max depth (L): 5, Max width (w*): 2378, Total layered rules: 3727 (raw NTs: 3295, +pt: 432), emissions: 170486+2708243 term
--- SEMIRING: Boolean ---
Running CPU reference with OpenMP (20 threads)...
CPU reference (OpenMP): 6.42821 ms/vector (20 threads).
Running CPU reference sequentially (forced 1 thread)...
CPU reference (sequential): 12.1433 ms/vector.
CPU OpenMP vs sequential: max_rel_diff=0  SUCCESS
Running GPU engine (double-buffered proper layered, emit-on-the-spot)...
[GPU Setup Debug] rows=2874250, cols=2556, alpha=2557, total_rules=3727, distinct_vals=1, sched_max_depth=5, sched_max_width=2378, emit_total=170486, num_term_emit=2708243
GPU kernel: 5.1897 ms total over 1 vectors = 5.1897 ms/vector.
MEM analytic bytes: 34631484
MEM peak bytes: 35450880
ENERGY mJ/vector: 9.75322
ENERGY avg power mW: 27225.8
GPU multiplication completed in 1799.77 ms.
Batched run B=16 (est. 0.184584 GB B-wide buffers)...
GPU batched (B=16): 55.1845 ms/batch, 3.44903 ms/vector over 1 batches.
Batched verification: max_rel_diff=0  SUCCESS
CROSSCHECK: dumped engine x/y to /tmp/tmp.rtPEA48gKW/wd_citizenship_boolean.boolean.{x,y}
Verification: max_abs_diff=0, max_rel_diff=0, max|y|=1
SUCCESS: GPU and CPU reference results match (within float precision)!
Reconstructed CSR Matrix Stats:
Rows: 2874250, Cols: 2556, NNZ: 3063058
CROSSCHECK: loaded engine x from /tmp/tmp.rtPEA48gKW/wd_citizenship_boolean.boolean.x
Running CPU reference SpMV...
Verification: max absolute diff = 0, max relative diff = 0
SUCCESS: Verification passed!
CROSSCHECK cpu_csr_spmv(bool) vs engine: mismatches=0  SUCCESS
CROSSCHECK cusparse(bool) vs engine: mismatches=0  SUCCESS
CROSSCHECK graphblas lor_land vs engine: mismatches=0  SUCCESS (rows=2874250 cols=2556)
## wd_citizenship_tropical
Part I (RePair): alpha=2557, NTs=3295, distinct values=1
Schedule builder construction time: 38.4406 ms
Terminal compaction: alpha 2557 -> 2557 (100% kept)
Proper Layered Completed Grammar Stats:
Max depth (L): 5, Max width (w*): 2378, Total layered rules: 3727 (raw NTs: 3295, +pt: 432), emissions: 170486+2708243 term
--- SEMIRING: Tropical (min,+) ---
Running CPU reference with OpenMP (20 threads)...
CPU reference (OpenMP): 1586.99 ms/vector (20 threads).
Running CPU reference sequentially (forced 1 thread)...
CPU reference (sequential): 32.3919 ms/vector.
CPU OpenMP vs sequential: max_rel_diff=0  SUCCESS
Running GPU engine (double-buffered proper layered, emit-on-the-spot)...
[GPU Setup Debug] rows=2874250, cols=2556, alpha=2557, total_rules=3727, distinct_vals=1, sched_max_depth=5, sched_max_width=2378, emit_total=170486, num_term_emit=2708243
GPU kernel: 4.67002 ms total over 1 vectors = 4.67002 ms/vector.
MEM analytic bytes: 34631484
MEM peak bytes: 35127296
ENERGY mJ/vector: 9.71507
ENERGY avg power mW: 27037.7
GPU multiplication completed in 1850.21 ms.
Batched run B=16 (est. 0.184584 GB B-wide buffers)...
GPU batched (B=16): 56.0651 ms/batch, 3.50407 ms/vector over 1 batches.
Batched verification: max_rel_diff=0  SUCCESS
CROSSCHECK: dumped engine x/y to /tmp/tmp.rtPEA48gKW/wd_citizenship_tropical.tropical.{x,y}
Verification: max_abs_diff=0, max_rel_diff=0, max|y|=1e+09
SUCCESS: GPU and CPU reference results match (within float precision)!
Reconstructed CSR Matrix Stats:
Rows: 2874250, Cols: 2556, NNZ: 3063058
CROSSCHECK: loaded engine x from /tmp/tmp.rtPEA48gKW/wd_citizenship_tropical.tropical.x
CROSSCHECK cpu_csr_minplus vs engine: max_abs_diff=0, mismatches=0  SUCCESS
CROSSCHECK graphblas min_plus vs engine: mismatches=0  SUCCESS (rows=2874250 cols=2556)
## wd_occupation_boolean
Part I (RePair): alpha=10611, NTs=41544, distinct values=1
Schedule builder construction time: 61.9482 ms
Terminal compaction: alpha 10611 -> 10611 (100% kept)
Proper Layered Completed Grammar Stats:
Max depth (L): 8, Max width (w*): 19520, Total layered rules: 46669 (raw NTs: 41544, +pt: 5125), emissions: 759114+2819474 term
--- SEMIRING: Boolean ---
Running CPU reference with OpenMP (20 threads)...
CPU reference (OpenMP): 11.2237 ms/vector (20 threads).
Running CPU reference sequentially (forced 1 thread)...
CPU reference (sequential): 16.2222 ms/vector.
CPU OpenMP vs sequential: max_rel_diff=0  SUCCESS
Running GPU engine (double-buffered proper layered, emit-on-the-spot)...
[GPU Setup Debug] rows=3459933, cols=10610, alpha=10611, total_rules=46669, distinct_vals=1, sched_max_depth=8, sched_max_width=19520, emit_total=759114, num_term_emit=2819474
GPU kernel: 5.32019 ms total over 1 vectors = 5.32019 ms/vector.
MEM analytic bytes: 43354392
MEM peak bytes: 46268416
ENERGY mJ/vector: 15.2322
ENERGY avg power mW: 26743.9
GPU multiplication completed in 1804.16 ms.
Batched run B=16 (est. 0.225292 GB B-wide buffers)...
GPU batched (B=16): 76.6822 ms/batch, 4.79264 ms/vector over 1 batches.
Batched verification: max_rel_diff=0  SUCCESS
CROSSCHECK: dumped engine x/y to /tmp/tmp.rtPEA48gKW/wd_occupation_boolean.boolean.{x,y}
Verification: max_abs_diff=0, max_rel_diff=0, max|y|=1
SUCCESS: GPU and CPU reference results match (within float precision)!
Reconstructed CSR Matrix Stats:
Rows: 3459933, Cols: 10610, NNZ: 4596658
CROSSCHECK: loaded engine x from /tmp/tmp.rtPEA48gKW/wd_occupation_boolean.boolean.x
Running CPU reference SpMV...
Verification: max absolute diff = 0, max relative diff = 0
SUCCESS: Verification passed!
CROSSCHECK cpu_csr_spmv(bool) vs engine: mismatches=0  SUCCESS
CROSSCHECK cusparse(bool) vs engine: mismatches=0  SUCCESS
CROSSCHECK graphblas lor_land vs engine: mismatches=0  SUCCESS (rows=3459933 cols=10610)
## wd_occupation_tropical
Part I (RePair): alpha=10611, NTs=41544, distinct values=1
Schedule builder construction time: 56.7969 ms
Terminal compaction: alpha 10611 -> 10611 (100% kept)
Proper Layered Completed Grammar Stats:
Max depth (L): 8, Max width (w*): 19520, Total layered rules: 46669 (raw NTs: 41544, +pt: 5125), emissions: 759114+2819474 term
--- SEMIRING: Tropical (min,+) ---
Running CPU reference with OpenMP (20 threads)...
CPU reference (OpenMP): 2148.66 ms/vector (20 threads).
Running CPU reference sequentially (forced 1 thread)...
CPU reference (sequential): 42.0378 ms/vector.
CPU OpenMP vs sequential: max_rel_diff=0  SUCCESS
Running GPU engine (double-buffered proper layered, emit-on-the-spot)...
[GPU Setup Debug] rows=3459933, cols=10610, alpha=10611, total_rules=46669, distinct_vals=1, sched_max_depth=8, sched_max_width=19520, emit_total=759114, num_term_emit=2819474
GPU kernel: 15.6374 ms total over 1 vectors = 15.6374 ms/vector.
MEM analytic bytes: 43354392
MEM peak bytes: 46596096
ENERGY mJ/vector: 15.5449
ENERGY avg power mW: 27644
GPU multiplication completed in 1863.45 ms.
Batched run B=16 (est. 0.225292 GB B-wide buffers)...
GPU batched (B=16): 236.042 ms/batch, 14.7527 ms/vector over 1 batches.
Batched verification: max_rel_diff=0  SUCCESS
CROSSCHECK: dumped engine x/y to /tmp/tmp.rtPEA48gKW/wd_occupation_tropical.tropical.{x,y}
Verification: max_abs_diff=0, max_rel_diff=0, max|y|=1e+09
SUCCESS: GPU and CPU reference results match (within float precision)!
Reconstructed CSR Matrix Stats:
Rows: 3459933, Cols: 10610, NNZ: 4596658
CROSSCHECK: loaded engine x from /tmp/tmp.rtPEA48gKW/wd_occupation_tropical.tropical.x
CROSSCHECK cpu_csr_minplus vs engine: max_abs_diff=0, mismatches=0  SUCCESS
CROSSCHECK graphblas min_plus vs engine: mismatches=0  SUCCESS (rows=3459933 cols=10610)
## wd_subclass_of_boolean
Part I (RePair): alpha=73418, NTs=6825, distinct values=1
Schedule builder construction time: 21.8171 ms
Terminal compaction: alpha 73418 -> 73418 (100% kept)
Proper Layered Completed Grammar Stats:
Max depth (L): 5, Max width (w*): 5841, Total layered rules: 7601 (raw NTs: 6825, +pt: 776), emissions: 471747+1076941 term
--- SEMIRING: Boolean ---
Running CPU reference with OpenMP (20 threads)...
CPU reference (OpenMP): 4.71692 ms/vector (20 threads).
Running CPU reference sequentially (forced 1 thread)...
CPU reference (sequential): 6.19629 ms/vector.
CPU OpenMP vs sequential: max_rel_diff=0  SUCCESS
Running GPU engine (double-buffered proper layered, emit-on-the-spot)...
[GPU Setup Debug] rows=1487709, cols=73417, alpha=73418, total_rules=7601, distinct_vals=1, sched_max_depth=5, sched_max_width=5841, emit_total=471747, num_term_emit=1076941
GPU kernel: 5.59853 ms total over 1 vectors = 5.59853 ms/vector.
MEM analytic bytes: 19652960
MEM peak bytes: 1638400
ENERGY mJ/vector: 4.28751
ENERGY avg power mW: 29755.1
GPU multiplication completed in 1807.4 ms.
Batched run B=16 (est. 0.105358 GB B-wide buffers)...
GPU batched (B=16): 65.5893 ms/batch, 4.09933 ms/vector over 1 batches.
Batched verification: max_rel_diff=0  SUCCESS
CROSSCHECK: dumped engine x/y to /tmp/tmp.rtPEA48gKW/wd_subclass_of_boolean.boolean.{x,y}
Verification: max_abs_diff=0, max_rel_diff=0, max|y|=1
SUCCESS: GPU and CPU reference results match (within float precision)!
Reconstructed CSR Matrix Stats:
Rows: 1487709, Cols: 73417, NNZ: 2024347
CROSSCHECK: loaded engine x from /tmp/tmp.rtPEA48gKW/wd_subclass_of_boolean.boolean.x
Running CPU reference SpMV...
Verification: max absolute diff = 0, max relative diff = 0
SUCCESS: Verification passed!
CROSSCHECK cpu_csr_spmv(bool) vs engine: mismatches=0  SUCCESS
CROSSCHECK cusparse(bool) vs engine: mismatches=0  SUCCESS
CROSSCHECK graphblas lor_land vs engine: mismatches=0  SUCCESS (rows=1487709 cols=73417)
## wd_subclass_of_tropical
Part I (RePair): alpha=73418, NTs=6825, distinct values=1
Schedule builder construction time: 28.058 ms
Terminal compaction: alpha 73418 -> 73418 (100% kept)
Proper Layered Completed Grammar Stats:
Max depth (L): 5, Max width (w*): 5841, Total layered rules: 7601 (raw NTs: 6825, +pt: 776), emissions: 471747+1076941 term
--- SEMIRING: Tropical (min,+) ---
Running CPU reference with OpenMP (20 threads)...
CPU reference (OpenMP): 892.963 ms/vector (20 threads).
Running CPU reference sequentially (forced 1 thread)...
CPU reference (sequential): 20.6686 ms/vector.
CPU OpenMP vs sequential: max_rel_diff=0  SUCCESS
Running GPU engine (double-buffered proper layered, emit-on-the-spot)...
[GPU Setup Debug] rows=1487709, cols=73417, alpha=73418, total_rules=7601, distinct_vals=1, sched_max_depth=5, sched_max_width=5841, emit_total=471747, num_term_emit=1076941
GPU kernel: 2.62893 ms total over 1 vectors = 2.62893 ms/vector.
MEM analytic bytes: 19652960
MEM peak bytes: 20873216
ENERGY mJ/vector: 4.66625
ENERGY avg power mW: 29858.3
GPU multiplication completed in 1840.96 ms.
Batched run B=16 (est. 0.105358 GB B-wide buffers)...
GPU batched (B=16): 34.3342 ms/batch, 2.14589 ms/vector over 1 batches.
Batched verification: max_rel_diff=0  SUCCESS
CROSSCHECK: dumped engine x/y to /tmp/tmp.rtPEA48gKW/wd_subclass_of_tropical.tropical.{x,y}
Verification: max_abs_diff=0, max_rel_diff=0, max|y|=1e+09
SUCCESS: GPU and CPU reference results match (within float precision)!
Reconstructed CSR Matrix Stats:
Rows: 1487709, Cols: 73417, NNZ: 2024347
CROSSCHECK: loaded engine x from /tmp/tmp.rtPEA48gKW/wd_subclass_of_tropical.tropical.x
CROSSCHECK cpu_csr_minplus vs engine: max_abs_diff=0, mismatches=0  SUCCESS
CROSSCHECK graphblas min_plus vs engine: mismatches=0  SUCCESS (rows=1487709 cols=73417)
## wd_country_boolean
Part I (RePair): alpha=1748, NTs=2002, distinct values=1
Schedule builder construction time: 160.327 ms
Terminal compaction: alpha 1748 -> 1748 (100% kept)
Proper Layered Completed Grammar Stats:
Max depth (L): 5, Max width (w*): 1455, Total layered rules: 2409 (raw NTs: 2002, +pt: 407), emissions: 21423+10042988 term
--- SEMIRING: Boolean ---
Running CPU reference with OpenMP (20 threads)...
CPU reference (OpenMP): 7.9394 ms/vector (20 threads).
Running CPU reference sequentially (forced 1 thread)...
CPU reference (sequential): 39.4459 ms/vector.
CPU OpenMP vs sequential: max_rel_diff=0  SUCCESS
Running GPU engine (double-buffered proper layered, emit-on-the-spot)...
[GPU Setup Debug] rows=10058956, cols=1747, alpha=1748, total_rules=2409, distinct_vals=1, sched_max_depth=5, sched_max_width=1455, emit_total=21423, num_term_emit=10042988
GPU kernel: 13.6478 ms total over 1 vectors = 13.6478 ms/vector.
MEM analytic bytes: 120819620
MEM peak bytes: 123715584
ENERGY mJ/vector: 31.4308
ENERGY avg power mW: 27841
GPU multiplication completed in 1828.43 ms.
CROSSCHECK: dumped engine x/y to /tmp/tmp.rtPEA48gKW/wd_country_boolean.boolean.{x,y}
Verification: max_abs_diff=0, max_rel_diff=0, max|y|=1
SUCCESS: GPU and CPU reference results match (within float precision)!
Reconstructed CSR Matrix Stats:
Rows: 10058956, Cols: 1747, NNZ: 10089284
CROSSCHECK: loaded engine x from /tmp/tmp.rtPEA48gKW/wd_country_boolean.boolean.x
Running CPU reference SpMV...
Verification: max absolute diff = 0, max relative diff = 0
SUCCESS: Verification passed!
CROSSCHECK cpu_csr_spmv(bool) vs engine: mismatches=0  SUCCESS
CROSSCHECK cusparse(bool) vs engine: mismatches=0  SUCCESS
CROSSCHECK graphblas lor_land vs engine: mismatches=0  SUCCESS (rows=10058956 cols=1747)
## wd_cites_work_boolean
Part I (RePair): alpha=12245946, NTs=9919927, distinct values=1
Schedule builder construction time: 5108.33 ms
Terminal compaction: alpha 12245946 -> 12245946 (100% kept)
Proper Layered Completed Grammar Stats:
Max depth (L): 15, Max width (w*): 7492117, Total layered rules: 12101650 (raw NTs: 9919927, +pt: 2181723), emissions: 27616843+103504710 term
--- SEMIRING: Boolean ---
Running CPU reference with OpenMP (20 threads)...
CPU reference (OpenMP): 182.322 ms/vector (20 threads).
Running CPU reference sequentially (forced 1 thread)...
CPU reference (sequential): 1120.16 ms/vector.
CPU OpenMP vs sequential: max_rel_diff=0  SUCCESS
Running GPU engine (double-buffered proper layered, emit-on-the-spot)...
[GPU Setup Debug] rows=7072574, cols=12245945, alpha=12245946, total_rules=12101650, distinct_vals=1, sched_max_depth=15, sched_max_width=7492117, emit_total=27616843, num_term_emit=103504710
GPU kernel: 129.82 ms total over 1 vectors = 129.82 ms/vector.
MEM analytic bytes: 1478354584
MEM peak bytes: 1492013056
ENERGY mJ/vector: 1211.72
ENERGY avg power mW: 29569.5
GPU multiplication completed in 2683.07 ms.
CROSSCHECK: dumped engine x/y to /tmp/tmp.rtPEA48gKW/wd_cites_work_boolean.boolean.{x,y}
Verification: max_abs_diff=0, max_rel_diff=0, max|y|=1
SUCCESS: GPU and CPU reference results match (within float precision)!
Reconstructed CSR Matrix Stats:
Rows: 7072574, Cols: 12245945, NNZ: 166682725
CROSSCHECK: loaded engine x from /tmp/tmp.rtPEA48gKW/wd_cites_work_boolean.boolean.x
Running CPU reference SpMV...
Verification: max absolute diff = 0, max relative diff = 0
SUCCESS: Verification passed!
CROSSCHECK cpu_csr_spmv(bool) vs engine: mismatches=0  SUCCESS
CROSSCHECK cusparse(bool) vs engine: mismatches=0  SUCCESS
CROSSCHECK graphblas lor_land vs engine: mismatches=0  SUCCESS (rows=7072574 cols=12245945)
## swh_full_boolean
Part I (RePair): alpha=45691500, NTs=30292590, distinct values=1
Schedule builder construction time: 12412.8 ms
Terminal compaction: alpha 45691500 -> 45686496 (99.989% kept)
Proper Layered Completed Grammar Stats:
Max depth (L): 70, Max width (w*): 8976041, Total layered rules: 95734542 (raw NTs: 30292590, +pt: 65441952), emissions: 39092111+43225031 term
--- SEMIRING: Boolean ---
Running CPU reference with OpenMP (20 threads)...
CPU reference (OpenMP): 280.424 ms/vector (20 threads).
Running CPU reference sequentially (forced 1 thread)...
CPU reference (sequential): 1135.27 ms/vector.
CPU OpenMP vs sequential: max_rel_diff=0  SUCCESS
Running GPU engine (double-buffered proper layered, emit-on-the-spot)...
[GPU Setup Debug] rows=45691499, cols=45691499, alpha=45686496, total_rules=95734542, distinct_vals=1, sched_max_depth=70, sched_max_width=8976041, emit_total=39092111, num_term_emit=43225031
GPU kernel: 281.682 ms total over 1 vectors = 281.682 ms/vector.
MEM analytic bytes: 2792929908
MEM peak bytes: 2797703168
ENERGY mJ/vector: 1353.6
ENERGY avg power mW: 28617.7
GPU multiplication completed in 3362.52 ms.
CROSSCHECK: dumped engine x/y to /tmp/tmp.rtPEA48gKW/swh_full_boolean.boolean.{x,y}
Verification: max_abs_diff=0, max_rel_diff=0, max|y|=1
SUCCESS: GPU and CPU reference results match (within float precision)!
Reconstructed CSR Matrix Stats:
Rows: 45691499, Cols: 45691499, NNZ: 1218488928
CROSSCHECK: loaded engine x from /tmp/tmp.rtPEA48gKW/swh_full_boolean.boolean.x
Running CPU reference SpMV...
Verification: max absolute diff = 0, max relative diff = 0
SUCCESS: Verification passed!
CROSSCHECK cpu_csr_spmv(bool) vs engine: mismatches=0  SUCCESS
CROSSCHECK cusparse(bool) vs engine: mismatches=0  SUCCESS
