# GENERATED by reproduce.sh -- raw experiment log, parsed by extract_results.py
# date:   2026-07-14T20:11:23+02:00
# host:   spark-a459  (Linux 6.17.0-1021-nvidia aarch64)
# commit: b9c4505
## geno22
Part I (RePair): alpha=200000, NTs=437608, distinct values=2
Schedule builder construction time: 87.2929 ms
Terminal compaction: alpha 200000 -> 119608 (59.804% kept)
Proper Layered Completed Grammar Stats:
Max depth (L): 20, Max width (w*): 146023, Total layered rules: 1105720 (raw NTs: 437608, +pt: 668112), emissions: 881378+227920 term
--- SEMIRING: PlusTimes (+,*) ---
Running CPU reference with OpenMP (20 threads)...
CPU reference (OpenMP): 14.1655 ms/vector (20 threads).
Running CPU reference sequentially (forced 1 thread)...
CPU reference (sequential): 9.36358 ms/vector.
Running GPU engine (double-buffered proper layered, emit-on-the-spot)...
[GPU Setup Debug] rows=2504, cols=100000, alpha=119608, total_rules=1105720, distinct_vals=2, sched_max_depth=20, sched_max_width=146023, emit_total=881378, num_term_emit=227920
GPU kernel: 4.47376 ms total over 1 vectors = 4.47376 ms/vector.
MEM analytic bytes: 25156520
MEM peak bytes: 28258304
ENERGY mJ/vector: 13.0708
ENERGY avg power mW: 27734.9
GPU multiplication completed in 1948.76 ms.
Verification: max_abs_diff=0.00146484, max_rel_diff=4.4035e-07, max|y|=4451.01
SUCCESS: GPU and CPU reference results match (within float precision)!
## geno22full
Part I (RePair): alpha=2110907, NTs=4291548, distinct values=2
Schedule builder construction time: 860.947 ms
Terminal compaction: alpha 2110907 -> 1252876 (59.3525% kept)
Proper Layered Completed Grammar Stats:
Max depth (L): 24, Max width (w*): 1414412, Total layered rules: 11311025 (raw NTs: 4291548, +pt: 7019477), emissions: 7756041+2221964 term
--- SEMIRING: PlusTimes (+,*) ---
Running CPU reference with OpenMP (20 threads)...
CPU reference (OpenMP): 30.1249 ms/vector (20 threads).
Running CPU reference sequentially (forced 1 thread)...
CPU reference (sequential): 93.3996 ms/vector.
Running GPU engine (double-buffered proper layered, emit-on-the-spot)...
[GPU Setup Debug] rows=2504, cols=1055454, alpha=1252876, total_rules=11311025, distinct_vals=2, sched_max_depth=24, sched_max_width=1414412, emit_total=7756041, num_term_emit=2221964
GPU kernel: 12.3693 ms total over 1 vectors = 12.3693 ms/vector.
MEM analytic bytes: 246137980
MEM peak bytes: 249442304
ENERGY mJ/vector: 182.809
ENERGY avg power mW: 27917
GPU multiplication completed in 1862.36 ms.
Verification: max_abs_diff=0.0390625, max_rel_diff=1.05265e-06, max|y|=42691.9
SUCCESS: GPU and CPU reference results match (within float precision)!
## geno21
Part I (RePair): alpha=200001, NTs=404627, distinct values=2
Schedule builder construction time: 74.9814 ms
Terminal compaction: alpha 200001 -> 116231 (58.1152% kept)
Proper Layered Completed Grammar Stats:
Max depth (L): 24, Max width (w*): 133079, Total layered rules: 973264 (raw NTs: 404627, +pt: 568637), emissions: 989111+209752 term
--- SEMIRING: PlusTimes (+,*) ---
Running CPU reference with OpenMP (20 threads)...
CPU reference (OpenMP): 16.952 ms/vector (20 threads).
Running CPU reference sequentially (forced 1 thread)...
CPU reference (sequential): 9.84799 ms/vector.
Running GPU engine (double-buffered proper layered, emit-on-the-spot)...
[GPU Setup Debug] rows=2504, cols=100000, alpha=116231, total_rules=973264, distinct_vals=2, sched_max_depth=24, sched_max_width=133079, emit_total=989111, num_term_emit=209752
GPU kernel: 1.42896 ms total over 1 vectors = 1.42896 ms/vector.
MEM analytic bytes: 24139492
MEM peak bytes: 25821184
ENERGY mJ/vector: 13.8366
ENERGY avg power mW: 28503.1
GPU multiplication completed in 1791.62 ms.
Verification: max_abs_diff=0.00146484, max_rel_diff=3.71226e-07, max|y|=4566.79
SUCCESS: GPU and CPU reference results match (within float precision)!
## geno21full
Part I (RePair): alpha=2108892, NTs=4297458, distinct values=2
Schedule builder construction time: 946.563 ms
Terminal compaction: alpha 2108892 -> 1251202 (59.3298% kept)
Proper Layered Completed Grammar Stats:
Max depth (L): 26, Max width (w*): 1390429, Total layered rules: 11589832 (raw NTs: 4297458, +pt: 7292374), emissions: 7559793+2088042 term
--- SEMIRING: PlusTimes (+,*) ---
Running CPU reference with OpenMP (20 threads)...
CPU reference (OpenMP): 33.9115 ms/vector (20 threads).
Running CPU reference sequentially (forced 1 thread)...
CPU reference (sequential): 91.0941 ms/vector.
Running GPU engine (double-buffered proper layered, emit-on-the-spot)...
[GPU Setup Debug] rows=2504, cols=1054447, alpha=1251202, total_rules=11589832, distinct_vals=2, sched_max_depth=26, sched_max_width=1390429, emit_total=7559793, num_term_emit=2088042
GPU kernel: 16.2089 ms total over 1 vectors = 16.2089 ms/vector.
MEM analytic bytes: 246626324
MEM peak bytes: 252514304
ENERGY mJ/vector: 179.5
ENERGY avg power mW: 28385
GPU multiplication completed in 1920 ms.
Verification: max_abs_diff=0.0390625, max_rel_diff=1.04015e-06, max|y|=46766.9
SUCCESS: GPU and CPU reference results match (within float precision)!
## geno20
Part I (RePair): alpha=199982, NTs=438257, distinct values=2
Schedule builder construction time: 72.1925 ms
Terminal compaction: alpha 199982 -> 119673 (59.8419% kept)
Proper Layered Completed Grammar Stats:
Max depth (L): 22, Max width (w*): 144741, Total layered rules: 1157117 (raw NTs: 438257, +pt: 718860), emissions: 822703+215493 term
--- SEMIRING: PlusTimes (+,*) ---
Running CPU reference with OpenMP (20 threads)...
CPU reference (OpenMP): 13.3642 ms/vector (20 threads).
Running CPU reference sequentially (forced 1 thread)...
CPU reference (sequential): 8.84388 ms/vector.
Running GPU engine (double-buffered proper layered, emit-on-the-spot)...
[GPU Setup Debug] rows=2504, cols=100000, alpha=119673, total_rules=1157117, distinct_vals=2, sched_max_depth=22, sched_max_width=144741, emit_total=822703, num_term_emit=215493
GPU kernel: 0.889632 ms total over 1 vectors = 0.889632 ms/vector.
MEM analytic bytes: 25194992
MEM peak bytes: 28770304
ENERGY mJ/vector: 13.0368
ENERGY avg power mW: 27995.6
GPU multiplication completed in 1793.17 ms.
Verification: max_abs_diff=0.000976562, max_rel_diff=2.60462e-07, max|y|=4618.53
SUCCESS: GPU and CPU reference results match (within float precision)!
## geno20full
Part I (RePair): alpha=3478620, NTs=6652691, distinct values=2
Schedule builder construction time: 1366.62 ms
Terminal compaction: alpha 3478620 -> 2045026 (58.7884% kept)
Proper Layered Completed Grammar Stats:
Max depth (L): 24, Max width (w*): 2178866, Total layered rules: 17771958 (raw NTs: 6652691, +pt: 11119267), emissions: 11457133+3467098 term
--- SEMIRING: PlusTimes (+,*) ---
Running CPU reference with OpenMP (20 threads)...
CPU reference (OpenMP): 42.2035 ms/vector (20 threads).
Running CPU reference sequentially (forced 1 thread)...
CPU reference (sequential): 138.899 ms/vector.
Running GPU engine (double-buffered proper layered, emit-on-the-spot)...
[GPU Setup Debug] rows=2504, cols=1739315, alpha=2045026, total_rules=17771958, distinct_vals=2, sched_max_depth=24, sched_max_width=2178866, emit_total=11457133, num_term_emit=3467098
GPU kernel: 19.9734 ms total over 1 vectors = 19.9734 ms/vector.
MEM analytic bytes: 381595860
MEM peak bytes: 384073728
ENERGY mJ/vector: 319.523
ENERGY avg power mW: 27578.7
GPU multiplication completed in 1946.02 ms.
Verification: max_abs_diff=0.105469, max_rel_diff=1.72395e-06, max|y|=65862.5
SUCCESS: GPU and CPU reference results match (within float precision)!
## geno_synth_small
Part I (RePair): alpha=100001, NTs=625285, distinct values=2
Schedule builder construction time: 105.091 ms
Terminal compaction: alpha 100001 -> 73039 (73.0383% kept)
Proper Layered Completed Grammar Stats:
Max depth (L): 25, Max width (w*): 224961, Total layered rules: 1850510 (raw NTs: 625285, +pt: 1225225), emissions: 709345+100487 term
--- SEMIRING: PlusTimes (+,*) ---
Running CPU reference with OpenMP (20 threads)...
CPU reference (OpenMP): 20.0773 ms/vector (20 threads).
Running CPU reference sequentially (forced 1 thread)...
CPU reference (sequential): 7.87777 ms/vector.
Running GPU engine (double-buffered proper layered, emit-on-the-spot)...
[GPU Setup Debug] rows=2000, cols=50000, alpha=73039, total_rules=1850510, distinct_vals=2, sched_max_depth=25, sched_max_width=224961, emit_total=709345, num_term_emit=100487
GPU kernel: 1.28096 ms total over 1 vectors = 1.28096 ms/vector.
MEM analytic bytes: 31568932
MEM peak bytes: 31981568
ENERGY mJ/vector: 14.091
ENERGY avg power mW: 29149.4
GPU multiplication completed in 1798.24 ms.
Verification: max_abs_diff=0.00195312, max_rel_diff=3.57001e-07, max|y|=5664.82
SUCCESS: GPU and CPU reference results match (within float precision)!
## geno_synth_large
Part I (RePair): alpha=400001, NTs=3944953, distinct values=2
Schedule builder construction time: 832.938 ms
Terminal compaction: alpha 400001 -> 292648 (73.1618% kept)
Proper Layered Completed Grammar Stats:
Max depth (L): 29, Max width (w*): 1394305, Total layered rules: 12234852 (raw NTs: 3944953, +pt: 8289899), emissions: 4436173+456949 term
--- SEMIRING: PlusTimes (+,*) ---
Running CPU reference with OpenMP (20 threads)...
CPU reference (OpenMP): 33.294 ms/vector (20 threads).
Running CPU reference sequentially (forced 1 thread)...
CPU reference (sequential): 50.2104 ms/vector.
Running GPU engine (double-buffered proper layered, emit-on-the-spot)...
[GPU Setup Debug] rows=5000, cols=200000, alpha=292648, total_rules=12234852, distinct_vals=2, sched_max_depth=29, sched_max_width=1394305, emit_total=4436173, num_term_emit=456949
GPU kernel: 9.38432 ms total over 1 vectors = 9.38432 ms/vector.
MEM analytic bytes: 201449416
MEM peak bytes: 206376960
ENERGY mJ/vector: 93.8731
ENERGY avg power mW: 32465.4
GPU multiplication completed in 1873.78 ms.
Verification: max_abs_diff=0.0117188, max_rel_diff=5.77906e-07, max|y|=20541.2
SUCCESS: GPU and CPU reference results match (within float precision)!
## geno_synth_ld_high
Part I (RePair): alpha=200001, NTs=1569951, distinct values=2
Schedule builder construction time: 292.953 ms
Terminal compaction: alpha 200001 -> 146080 (73.0396% kept)
Proper Layered Completed Grammar Stats:
Max depth (L): 30, Max width (w*): 498368, Total layered rules: 5117569 (raw NTs: 1569951, +pt: 3547618), emissions: 1483434+190689 term
--- SEMIRING: PlusTimes (+,*) ---
Running CPU reference with OpenMP (20 threads)...
CPU reference (OpenMP): 22.789 ms/vector (20 threads).
Running CPU reference sequentially (forced 1 thread)...
CPU reference (sequential): 17.5429 ms/vector.
Running GPU engine (double-buffered proper layered, emit-on-the-spot)...
[GPU Setup Debug] rows=5000, cols=100000, alpha=146080, total_rules=5117569, distinct_vals=2, sched_max_depth=30, sched_max_width=498368, emit_total=1483434, num_term_emit=190689
GPU kernel: 3.03318 ms total over 1 vectors = 3.03318 ms/vector.
MEM analytic bytes: 80963716
MEM peak bytes: 39616512
ENERGY mJ/vector: 30.1741
ENERGY avg power mW: 32426
GPU multiplication completed in 1827.43 ms.
Verification: max_abs_diff=0.00390625, max_rel_diff=3.42406e-07, max|y|=14506.9
SUCCESS: GPU and CPU reference results match (within float precision)!
## geno_synth_ld_low
Part I (RePair): alpha=200001, NTs=3471140, distinct values=2
Schedule builder construction time: 619.654 ms
Terminal compaction: alpha 200001 -> 146620 (73.3096% kept)
Proper Layered Completed Grammar Stats:
Max depth (L): 21, Max width (w*): 1537556, Total layered rules: 8317253 (raw NTs: 3471140, +pt: 4846113), emissions: 6940047+494886 term
--- SEMIRING: PlusTimes (+,*) ---
Running CPU reference with OpenMP (20 threads)...
CPU reference (OpenMP): 20.1966 ms/vector (20 threads).
Running CPU reference sequentially (forced 1 thread)...
CPU reference (sequential): 66.2093 ms/vector.
Running GPU engine (double-buffered proper layered, emit-on-the-spot)...
[GPU Setup Debug] rows=5000, cols=100000, alpha=146620, total_rules=8317253, distinct_vals=2, sched_max_depth=21, sched_max_width=1537556, emit_total=6940047, num_term_emit=494886
GPU kernel: 12.3646 ms total over 1 vectors = 12.3646 ms/vector.
MEM analytic bytes: 173766388
MEM peak bytes: 178094080
ENERGY mJ/vector: 112.078
ENERGY avg power mW: 30252.8
GPU multiplication completed in 1880.37 ms.
Verification: max_abs_diff=0.0107422, max_rel_diff=1.03294e-06, max|y|=10572.8
SUCCESS: GPU and CPU reference results match (within float precision)!
## geno_synth_ind_large
Part I (RePair): alpha=99999, NTs=1400638, distinct values=2
Schedule builder construction time: 262.833 ms
Terminal compaction: alpha 99999 -> 73435 (73.4357% kept)
Proper Layered Completed Grammar Stats:
Max depth (L): 30, Max width (w*): 489845, Total layered rules: 4481729 (raw NTs: 1400638, +pt: 3081091), emissions: 1574872+126395 term
--- SEMIRING: PlusTimes (+,*) ---
Running CPU reference with OpenMP (20 threads)...
CPU reference (OpenMP): 19.1342 ms/vector (20 threads).
Running CPU reference sequentially (forced 1 thread)...
CPU reference (sequential): 16.5739 ms/vector.
Running GPU engine (double-buffered proper layered, emit-on-the-spot)...
[GPU Setup Debug] rows=10000, cols=50000, alpha=73435, total_rules=4481729, distinct_vals=2, sched_max_depth=30, sched_max_width=489845, emit_total=1574872, num_term_emit=126395
GPU kernel: 2.50954 ms total over 1 vectors = 2.50954 ms/vector.
MEM analytic bytes: 72430864
MEM peak bytes: 72622080
ENERGY mJ/vector: 26.0442
ENERGY avg power mW: 34076.8
GPU multiplication completed in 1811.66 ms.
Verification: max_abs_diff=0.00146484, max_rel_diff=3.06569e-07, max|y|=4814.74
SUCCESS: GPU and CPU reference results match (within float precision)!
