# GENERATED by reproduce.sh -- raw experiment log, parsed by extract_results.py
# date:   2026-07-14T20:24:27+02:00
# host:   spark-a459  (Linux 6.17.0-1021-nvidia aarch64)
# commit: b9c4505
## geno22
Reconstructed CSR Matrix Stats:
Rows: 2504, Cols: 100000, NNZ: 12582213
Running CPU reference SpMV...
Verification: max absolute diff = 0.000976562, max relative diff = 2.42825e-07
SUCCESS: Verification passed!
Running 50 iterations of cuSPARSE SpMV...
cuSPARSE SpMV completed. Average time: 0.616358 ms/vector
MEM analytic bytes: 101126899
MEM peak bytes: 102027264
ENERGY mJ/vector: 26.2124
ENERGY avg power mW: 42252.9
cuSPARSE SpMM (B=16, default): 1.55749 ms/batch, 0.0973432 ms/vector  rel=7.3663e-07 SUCCESS
cuSPARSE SpMM (B=16, csr_alg2): 1.5445 ms/batch, 0.0965313 ms/vector  rel=7.86877e-07 SUCCESS
cuSPARSE SpMM (B=16, csr_alg3): 0.845647 ms/batch, 0.0528529 ms/vector  rel=3.19892e-06 SUCCESS
Reconstructed CSR Matrix Stats:
Rows: 2504, Cols: 100000, NNZ: 12582213
Running CPU reference SpMV...
Verification: max absolute diff = 0.000976562, max relative diff = 2.5611e-07
SUCCESS: Verification passed!
Running 50 iterations of cuSPARSE SpMV...
cuSPARSE SpMV completed. Average time: 0.63673 ms/vector
MEM analytic bytes: 101126899
MEM peak bytes: 104546304
ENERGY mJ/vector: 26.3244
ENERGY avg power mW: 42359.4
cuSPARSE SpMM (B=32, default): 1.59161 ms/batch, 0.0497377 ms/vector  rel=7.19117e-07 SUCCESS
cuSPARSE SpMM (B=32, csr_alg2): 1.57287 ms/batch, 0.0491522 ms/vector  rel=7.05042e-07 SUCCESS
cuSPARSE SpMM (B=32, csr_alg3): 0.929842 ms/batch, 0.0290576 ms/vector  rel=3.19892e-06 SUCCESS
Reconstructed CSR Matrix Stats:
Rows: 2504, Cols: 100000, NNZ: 12582213
Running CPU reference SpMV...
Verification: max absolute diff = 0.000976562, max relative diff = 2.46131e-07
SUCCESS: Verification passed!
Running 50 iterations of cuSPARSE SpMV...
cuSPARSE SpMV completed. Average time: 0.628972 ms/vector
MEM analytic bytes: 101126899
MEM peak bytes: 102481920
ENERGY mJ/vector: 26.672
ENERGY avg power mW: 43071
cuSPARSE SpMM (B=64, default): 1.99098 ms/batch, 0.0311091 ms/vector  rel=8.10536e-07 SUCCESS
cuSPARSE SpMM (B=64, csr_alg2): 1.96983 ms/batch, 0.0307785 ms/vector  rel=7.76474e-07 SUCCESS
cuSPARSE SpMM (B=64, csr_alg3): 1.55297 ms/batch, 0.0242652 ms/vector  rel=3.19892e-06 SUCCESS
Reconstructed CSR Matrix Stats:
Rows: 2504, Cols: 100000, NNZ: 12582213
Running CPU reference SpMV...
Verification: max absolute diff = 0.000976562, max relative diff = 3.03426e-07
SUCCESS: Verification passed!
Running 50 iterations of cuSPARSE SpMV...
cuSPARSE SpMV completed. Average time: 0.614592 ms/vector
MEM analytic bytes: 101126899
MEM peak bytes: 1818624
ENERGY mJ/vector: 26.4252
ENERGY avg power mW: 42608.7
cuSPARSE SpMM (B=128, default): 3.4378 ms/batch, 0.0268578 ms/vector  rel=7.51276e-07 SUCCESS
cuSPARSE SpMM (B=128, csr_alg2): 3.41178 ms/batch, 0.0266545 ms/vector  rel=8.20524e-07 SUCCESS
cuSPARSE SpMM (B=128, csr_alg3): 3.07814 ms/batch, 0.024048 ms/vector  rel=3.19892e-06 SUCCESS
Reconstructed CSR Matrix Stats:
Rows: 2504, Cols: 100000, NNZ: 12582213
Running CPU reference SpMV...
Verification: max absolute diff = 0.000976562, max relative diff = 2.54987e-07
SUCCESS: Verification passed!
Running 50 iterations of cuSPARSE SpMV...
cuSPARSE SpMV completed. Average time: 0.614787 ms/vector
MEM analytic bytes: 101126899
MEM peak bytes: 102334464
ENERGY mJ/vector: 28.3545
ENERGY avg power mW: 45666.5
cuSPARSE SpMM (B=256, default): 6.66096 ms/batch, 0.0260194 ms/vector  rel=8.50391e-07 SUCCESS
cuSPARSE SpMM (B=256, csr_alg2): 6.53574 ms/batch, 0.0255302 ms/vector  rel=7.77808e-07 SUCCESS
cuSPARSE SpMM (B=256, csr_alg3): 6.081 ms/batch, 0.0237539 ms/vector  rel=3.19892e-06 SUCCESS
## geno22full
Reconstructed CSR Matrix Stats:
Rows: 2504, Cols: 1055454, NNZ: 127579429
Running CPU reference SpMV...
Verification: max absolute diff = 0.03125, max relative diff = 7.63609e-07
SUCCESS: Verification passed!
Running 50 iterations of cuSPARSE SpMV...
cuSPARSE SpMV completed. Average time: 6.2205 ms/vector
MEM analytic bytes: 1025375651
MEM peak bytes: 1032024064
ENERGY mJ/vector: 259.548
ENERGY avg power mW: 42030.5
cuSPARSE SpMM (B=16, default): 20.3895 ms/batch, 1.27435 ms/vector  rel=2.76818e-06 SUCCESS
cuSPARSE SpMM (B=16, csr_alg2): 20.2266 ms/batch, 1.26416 ms/vector  rel=2.48634e-06 SUCCESS
cuSPARSE SpMM (B=16, csr_alg3): 11.5792 ms/batch, 0.723699 ms/vector  rel=1.14773e-05 SUCCESS
Reconstructed CSR Matrix Stats:
Rows: 2504, Cols: 1055454, NNZ: 127579429
Running CPU reference SpMV...
Verification: max absolute diff = 0.03125, max relative diff = 7.56163e-07
SUCCESS: Verification passed!
Running 50 iterations of cuSPARSE SpMV...
cuSPARSE SpMV completed. Average time: 6.25072 ms/vector
MEM analytic bytes: 1025375651
MEM peak bytes: 1036263424
ENERGY mJ/vector: 283.848
ENERGY avg power mW: 45999.4
cuSPARSE SpMM (B=32, default): 28.2787 ms/batch, 0.88371 ms/vector  rel=2.37009e-06 SUCCESS
cuSPARSE SpMM (B=32, csr_alg2): 28.1572 ms/batch, 0.879913 ms/vector  rel=2.57727e-06 SUCCESS
cuSPARSE SpMM (B=32, csr_alg3): 17.6034 ms/batch, 0.550106 ms/vector  rel=1.14773e-05 SUCCESS
Reconstructed CSR Matrix Stats:
Rows: 2504, Cols: 1055454, NNZ: 127579429
Running CPU reference SpMV...
Verification: max absolute diff = 0.03125, max relative diff = 7.63728e-07
SUCCESS: Verification passed!
Running 50 iterations of cuSPARSE SpMV...
cuSPARSE SpMV completed. Average time: 6.26515 ms/vector
MEM analytic bytes: 1025375651
MEM peak bytes: 1027903488
ENERGY mJ/vector: 266.86
ENERGY avg power mW: 43284.1
cuSPARSE SpMM (B=64, default): 131.68 ms/batch, 2.05751 ms/vector  rel=2.41951e-06 SUCCESS
cuSPARSE SpMM (B=64, csr_alg2): 131.667 ms/batch, 2.0573 ms/vector  rel=2.37775e-06 SUCCESS
cuSPARSE SpMM (B=64, csr_alg3): 43.5134 ms/batch, 0.679896 ms/vector  rel=1.14773e-05 SUCCESS
Reconstructed CSR Matrix Stats:
Rows: 2504, Cols: 1055454, NNZ: 127579429
Running CPU reference SpMV...
Verification: max absolute diff = 0.03125, max relative diff = 7.5232e-07
SUCCESS: Verification passed!
Running 50 iterations of cuSPARSE SpMV...
cuSPARSE SpMV completed. Average time: 6.25932 ms/vector
MEM analytic bytes: 1025375651
MEM peak bytes: 1040355328
ENERGY mJ/vector: 268.044
ENERGY avg power mW: 43500.7
cuSPARSE SpMM (B=128, default): 378.672 ms/batch, 2.95837 ms/vector  rel=3.16729e-06 SUCCESS
cuSPARSE SpMM (B=128, csr_alg2): 378.675 ms/batch, 2.9584 ms/vector  rel=2.79943e-06 SUCCESS
cuSPARSE SpMM (B=128, csr_alg3): 144.2 ms/batch, 1.12656 ms/vector  rel=1.14773e-05 SUCCESS
Reconstructed CSR Matrix Stats:
Rows: 2504, Cols: 1055454, NNZ: 127579429
Running CPU reference SpMV...
Verification: max absolute diff = 0.0390625, max relative diff = 9.51506e-07
SUCCESS: Verification passed!
Running 50 iterations of cuSPARSE SpMV...
cuSPARSE SpMV completed. Average time: 6.2642 ms/vector
MEM analytic bytes: 1025375651
MEM peak bytes: 1040154624
ENERGY mJ/vector: 291.556
ENERGY avg power mW: 47322.4
cuSPARSE SpMM (B=256, default): 756.532 ms/batch, 2.9552 ms/vector  rel=2.37358e-06 SUCCESS
cuSPARSE SpMM (B=256, csr_alg2): 756.397 ms/batch, 2.95468 ms/vector  rel=2.65841e-06 SUCCESS
cuSPARSE SpMM (B=256, csr_alg3): 426.077 ms/batch, 1.66436 ms/vector  rel=1.14773e-05 SUCCESS
## geno21
Reconstructed CSR Matrix Stats:
Rows: 2504, Cols: 100000, NNZ: 14039379
Running CPU reference SpMV...
Verification: max absolute diff = 0.000976562, max relative diff = 2.43541e-07
SUCCESS: Verification passed!
Running 50 iterations of cuSPARSE SpMV...
cuSPARSE SpMV completed. Average time: 0.717248 ms/vector
MEM analytic bytes: 112789919
MEM peak bytes: 114016256
ENERGY mJ/vector: 30.9005
ENERGY avg power mW: 44687.4
cuSPARSE SpMM (B=16, default): 1.74077 ms/batch, 0.108798 ms/vector  rel=6.98941e-07 SUCCESS
cuSPARSE SpMM (B=16, csr_alg2): 1.71804 ms/batch, 0.107377 ms/vector  rel=7.78722e-07 SUCCESS
cuSPARSE SpMM (B=16, csr_alg3): 0.930075 ms/batch, 0.0581297 ms/vector  rel=3.91831e-06 SUCCESS
Reconstructed CSR Matrix Stats:
Rows: 2504, Cols: 100000, NNZ: 14039379
Running CPU reference SpMV...
Verification: max absolute diff = 0.000976562, max relative diff = 2.51561e-07
SUCCESS: Verification passed!
Running 50 iterations of cuSPARSE SpMV...
cuSPARSE SpMV completed. Average time: 0.684949 ms/vector
MEM analytic bytes: 112789919
MEM peak bytes: 112009216
ENERGY mJ/vector: 30.7482
ENERGY avg power mW: 44530.4
cuSPARSE SpMM (B=32, default): 1.78698 ms/batch, 0.0558431 ms/vector  rel=7.9879e-07 SUCCESS
cuSPARSE SpMM (B=32, csr_alg2): 1.77187 ms/batch, 0.0553709 ms/vector  rel=7.28364e-07 SUCCESS
cuSPARSE SpMM (B=32, csr_alg3): 1.00409 ms/batch, 0.0313779 ms/vector  rel=3.91831e-06 SUCCESS
Reconstructed CSR Matrix Stats:
Rows: 2504, Cols: 100000, NNZ: 14039379
Running CPU reference SpMV...
Verification: max absolute diff = 0.000976562, max relative diff = 2.51553e-07
SUCCESS: Verification passed!
Running 50 iterations of cuSPARSE SpMV...
cuSPARSE SpMV completed. Average time: 0.701972 ms/vector
MEM analytic bytes: 112789919
MEM peak bytes: 116080640
ENERGY mJ/vector: 30.7248
ENERGY avg power mW: 44543.1
cuSPARSE SpMM (B=64, default): 2.25291 ms/batch, 0.0352017 ms/vector  rel=7.9879e-07 SUCCESS
cuSPARSE SpMM (B=64, csr_alg2): 2.25801 ms/batch, 0.0352814 ms/vector  rel=8.05989e-07 SUCCESS
cuSPARSE SpMM (B=64, csr_alg3): 1.63707 ms/batch, 0.0255793 ms/vector  rel=3.91831e-06 SUCCESS
Reconstructed CSR Matrix Stats:
Rows: 2504, Cols: 100000, NNZ: 14039379
Running CPU reference SpMV...
Verification: max absolute diff = 0.000976562, max relative diff = 2.67415e-07
SUCCESS: Verification passed!
Running 50 iterations of cuSPARSE SpMV...
cuSPARSE SpMV completed. Average time: 0.703854 ms/vector
MEM analytic bytes: 112789919
MEM peak bytes: 119242752
ENERGY mJ/vector: 32.3817
ENERGY avg power mW: 46903.2
cuSPARSE SpMM (B=128, default): 3.85116 ms/batch, 0.0300872 ms/vector  rel=7.67848e-07 SUCCESS
cuSPARSE SpMM (B=128, csr_alg2): 3.81079 ms/batch, 0.0297718 ms/vector  rel=6.90147e-07 SUCCESS
cuSPARSE SpMM (B=128, csr_alg3): 3.1588 ms/batch, 0.0246781 ms/vector  rel=3.91831e-06 SUCCESS
Reconstructed CSR Matrix Stats:
Rows: 2504, Cols: 100000, NNZ: 14039379
Running CPU reference SpMV...
Verification: max absolute diff = 0.000976562, max relative diff = 2.34742e-07
SUCCESS: Verification passed!
Running 50 iterations of cuSPARSE SpMV...
cuSPARSE SpMV completed. Average time: 0.701701 ms/vector
MEM analytic bytes: 112789919
MEM peak bytes: 118210560
ENERGY mJ/vector: 30.3908
ENERGY avg power mW: 44050.6
cuSPARSE SpMM (B=256, default): 7.42764 ms/batch, 0.0290142 ms/vector  rel=1.03704e-06 SUCCESS
cuSPARSE SpMM (B=256, csr_alg2): 7.35546 ms/batch, 0.0287323 ms/vector  rel=8.88889e-07 SUCCESS
cuSPARSE SpMM (B=256, csr_alg3): 5.02115 ms/batch, 0.0196139 ms/vector  rel=3.91831e-06 SUCCESS
## geno21full
Reconstructed CSR Matrix Stats:
Rows: 2504, Cols: 1054447, NNZ: 140197660
Running CPU reference SpMV...
Verification: max absolute diff = 0.0351562, max relative diff = 7.76761e-07
SUCCESS: Verification passed!
Running 50 iterations of cuSPARSE SpMV...
cuSPARSE SpMV completed. Average time: 6.83158 ms/vector
MEM analytic bytes: 1126366759
MEM peak bytes: 1135202304
ENERGY mJ/vector: 298.374
ENERGY avg power mW: 44038.9
cuSPARSE SpMM (B=16, default): 22.8487 ms/batch, 1.42804 ms/vector  rel=2.88671e-06 SUCCESS
cuSPARSE SpMM (B=16, csr_alg2): 22.7273 ms/batch, 1.42046 ms/vector  rel=2.75852e-06 SUCCESS
cuSPARSE SpMM (B=16, csr_alg3): 12.4625 ms/batch, 0.778906 ms/vector  rel=1.22553e-05 SUCCESS
Reconstructed CSR Matrix Stats:
Rows: 2504, Cols: 1054447, NNZ: 140197660
Running CPU reference SpMV...
Verification: max absolute diff = 0.0351562, max relative diff = 9.5519e-07
SUCCESS: Verification passed!
Running 50 iterations of cuSPARSE SpMV...
cuSPARSE SpMV completed. Average time: 6.9014 ms/vector
MEM analytic bytes: 1126366759
MEM peak bytes: 1136156672
ENERGY mJ/vector: 314.922
ENERGY avg power mW: 46534.2
cuSPARSE SpMM (B=32, default): 32.248 ms/batch, 1.00775 ms/vector  rel=2.71361e-06 SUCCESS
cuSPARSE SpMM (B=32, csr_alg2): 32.317 ms/batch, 1.00991 ms/vector  rel=2.61158e-06 SUCCESS
cuSPARSE SpMM (B=32, csr_alg3): 18.5168 ms/batch, 0.578651 ms/vector  rel=1.22553e-05 SUCCESS
Reconstructed CSR Matrix Stats:
Rows: 2504, Cols: 1054447, NNZ: 140197660
Running CPU reference SpMV...
Verification: max absolute diff = 0.0351562, max relative diff = 8.44211e-07
SUCCESS: Verification passed!
Running 50 iterations of cuSPARSE SpMV...
cuSPARSE SpMV completed. Average time: 6.85065 ms/vector
MEM analytic bytes: 1126366759
MEM peak bytes: 1139822592
ENERGY mJ/vector: 312.122
ENERGY avg power mW: 46049
cuSPARSE SpMM (B=64, default): 157.89 ms/batch, 2.46703 ms/vector  rel=2.37993e-06 SUCCESS
cuSPARSE SpMM (B=64, csr_alg2): 157.854 ms/batch, 2.46646 ms/vector  rel=2.7486e-06 SUCCESS
cuSPARSE SpMM (B=64, csr_alg3): 45.1834 ms/batch, 0.70599 ms/vector  rel=1.22553e-05 SUCCESS
Reconstructed CSR Matrix Stats:
Rows: 2504, Cols: 1054447, NNZ: 140197660
Running CPU reference SpMV...
Verification: max absolute diff = 0.0390625, max relative diff = 8.93601e-07
SUCCESS: Verification passed!
Running 50 iterations of cuSPARSE SpMV...
cuSPARSE SpMV completed. Average time: 6.85215 ms/vector
MEM analytic bytes: 1126366759
MEM peak bytes: 1121599488
ENERGY mJ/vector: 310.517
ENERGY avg power mW: 45863
cuSPARSE SpMM (B=128, default): 425.603 ms/batch, 3.32502 ms/vector  rel=2.419e-06 SUCCESS
cuSPARSE SpMM (B=128, csr_alg2): 425.617 ms/batch, 3.32513 ms/vector  rel=2.65316e-06 SUCCESS
cuSPARSE SpMM (B=128, csr_alg3): 149.28 ms/batch, 1.16625 ms/vector  rel=1.22553e-05 SUCCESS
Reconstructed CSR Matrix Stats:
Rows: 2504, Cols: 1054447, NNZ: 140197660
Running CPU reference SpMV...
Verification: max absolute diff = 0.0390625, max relative diff = 8.77277e-07
SUCCESS: Verification passed!
Running 50 iterations of cuSPARSE SpMV...
cuSPARSE SpMV completed. Average time: 6.83463 ms/vector
MEM analytic bytes: 1126366759
MEM peak bytes: 1130434560
ENERGY mJ/vector: 316.022
ENERGY avg power mW: 46632.3
cuSPARSE SpMM (B=256, default): 850.231 ms/batch, 3.32121 ms/vector  rel=2.63397e-06 SUCCESS
cuSPARSE SpMM (B=256, csr_alg2): 850.15 ms/batch, 3.3209 ms/vector  rel=2.63503e-06 SUCCESS
cuSPARSE SpMM (B=256, csr_alg3): 451.689 ms/batch, 1.76441 ms/vector  rel=1.22553e-05 SUCCESS
## geno20
Reconstructed CSR Matrix Stats:
Rows: 2504, Cols: 100000, NNZ: 13515259
Running CPU reference SpMV...
Verification: max absolute diff = 0.000976562, max relative diff = 2.5338e-07
SUCCESS: Verification passed!
Running 50 iterations of cuSPARSE SpMV...
cuSPARSE SpMV completed. Average time: 0.668816 ms/vector
MEM analytic bytes: 108594911
MEM peak bytes: 114593792
ENERGY mJ/vector: 29.6358
ENERGY avg power mW: 44483.7
cuSPARSE SpMM (B=16, default): 1.67866 ms/batch, 0.104916 ms/vector  rel=7.05845e-07 SUCCESS
cuSPARSE SpMM (B=16, csr_alg2): 1.66507 ms/batch, 0.104067 ms/vector  rel=7.75028e-07 SUCCESS
cuSPARSE SpMM (B=16, csr_alg3): 0.903534 ms/batch, 0.0564709 ms/vector  rel=3.87822e-06 SUCCESS
Reconstructed CSR Matrix Stats:
Rows: 2504, Cols: 100000, NNZ: 13515259
Running CPU reference SpMV...
Verification: max absolute diff = 0.000976562, max relative diff = 2.76914e-07
SUCCESS: Verification passed!
Running 50 iterations of cuSPARSE SpMV...
cuSPARSE SpMV completed. Average time: 0.659192 ms/vector
MEM analytic bytes: 108594911
MEM peak bytes: 111964160
ENERGY mJ/vector: 30.1004
ENERGY avg power mW: 45307.5
cuSPARSE SpMM (B=32, default): 1.71882 ms/batch, 0.0537131 ms/vector  rel=7.64681e-07 SUCCESS
cuSPARSE SpMM (B=32, csr_alg2): 1.70186 ms/batch, 0.0531832 ms/vector  rel=8.73922e-07 SUCCESS
cuSPARSE SpMM (B=32, csr_alg3): 0.98191 ms/batch, 0.0306847 ms/vector  rel=3.87822e-06 SUCCESS
Reconstructed CSR Matrix Stats:
Rows: 2504, Cols: 100000, NNZ: 13515259
Running CPU reference SpMV...
Verification: max absolute diff = 0.000976562, max relative diff = 2.3726e-07
SUCCESS: Verification passed!
Running 50 iterations of cuSPARSE SpMV...
cuSPARSE SpMV completed. Average time: 0.659767 ms/vector
MEM analytic bytes: 108594911
MEM peak bytes: 64974848
ENERGY mJ/vector: 29.6509
ENERGY avg power mW: 44540.8
cuSPARSE SpMM (B=64, default): 2.15423 ms/batch, 0.0336599 ms/vector  rel=8.29111e-07 SUCCESS
cuSPARSE SpMM (B=64, csr_alg2): 2.14433 ms/batch, 0.0335052 ms/vector  rel=7.54173e-07 SUCCESS
cuSPARSE SpMM (B=64, csr_alg3): 1.67223 ms/batch, 0.0261285 ms/vector  rel=3.87822e-06 SUCCESS
Reconstructed CSR Matrix Stats:
Rows: 2504, Cols: 100000, NNZ: 13515259
Running CPU reference SpMV...
Verification: max absolute diff = 0.000976562, max relative diff = 2.56773e-07
SUCCESS: Verification passed!
Running 50 iterations of cuSPARSE SpMV...
cuSPARSE SpMV completed. Average time: 0.66038 ms/vector
MEM analytic bytes: 108594911
MEM peak bytes: 114593792
ENERGY mJ/vector: 29.7633
ENERGY avg power mW: 44730.9
cuSPARSE SpMM (B=128, default): 3.7252 ms/batch, 0.0291032 ms/vector  rel=7.55543e-07 SUCCESS
cuSPARSE SpMM (B=128, csr_alg2): 3.6884 ms/batch, 0.0288156 ms/vector  rel=7.54339e-07 SUCCESS
cuSPARSE SpMM (B=128, csr_alg3): 3.17769 ms/batch, 0.0248257 ms/vector  rel=3.87822e-06 SUCCESS
Reconstructed CSR Matrix Stats:
Rows: 2504, Cols: 100000, NNZ: 13515259
Running CPU reference SpMV...
Verification: max absolute diff = 0.000976562, max relative diff = 2.46666e-07
SUCCESS: Verification passed!
Running 50 iterations of cuSPARSE SpMV...
cuSPARSE SpMV completed. Average time: 0.676332 ms/vector
MEM analytic bytes: 108594911
MEM peak bytes: 109821952
ENERGY mJ/vector: 31.2438
ENERGY avg power mW: 47012.3
cuSPARSE SpMM (B=256, default): 7.15902 ms/batch, 0.0279649 ms/vector  rel=8.35337e-07 SUCCESS
cuSPARSE SpMM (B=256, csr_alg2): 7.08035 ms/batch, 0.0276576 ms/vector  rel=7.99052e-07 SUCCESS
cuSPARSE SpMM (B=256, csr_alg3): 6.29958 ms/batch, 0.0246077 ms/vector  rel=3.87822e-06 SUCCESS
## geno20full
Reconstructed CSR Matrix Stats:
Rows: 2504, Cols: 1739315, NNZ: 201040680
Running CPU reference SpMV...
Verification: max absolute diff = 0.0507812, max relative diff = 8.43309e-07
SUCCESS: Verification passed!
Running 50 iterations of cuSPARSE SpMV...
cuSPARSE SpMV completed. Average time: 9.80661 ms/vector
MEM analytic bytes: 1616088059
MEM peak bytes: 1632043008
ENERGY mJ/vector: 426.556
ENERGY avg power mW: 43956.3
cuSPARSE SpMM (B=16, default): 45.0028 ms/batch, 2.81267 ms/vector  rel=2.93852e-06 SUCCESS
cuSPARSE SpMM (B=16, csr_alg2): 45.1435 ms/batch, 2.82147 ms/vector  rel=3.09317e-06 SUCCESS
cuSPARSE SpMM (B=16, csr_alg3): 24.1759 ms/batch, 1.511 ms/vector  rel=1.48204e-05 SUCCESS
Reconstructed CSR Matrix Stats:
Rows: 2504, Cols: 1739315, NNZ: 201040680
Running CPU reference SpMV...
Verification: max absolute diff = 0.0546875, max relative diff = 9.24723e-07
SUCCESS: Verification passed!
Running 50 iterations of cuSPARSE SpMV...
cuSPARSE SpMV completed. Average time: 9.80749 ms/vector
MEM analytic bytes: 1616088059
MEM peak bytes: 1626193920
ENERGY mJ/vector: 424.863
ENERGY avg power mW: 43781.4
cuSPARSE SpMM (B=32, default): 83.4579 ms/batch, 2.60806 ms/vector  rel=2.6339e-06 SUCCESS
cuSPARSE SpMM (B=32, csr_alg2): 83.4122 ms/batch, 2.60663 ms/vector  rel=3.2878e-06 SUCCESS
cuSPARSE SpMM (B=32, csr_alg3): 39.9628 ms/batch, 1.24884 ms/vector  rel=1.48204e-05 SUCCESS
Reconstructed CSR Matrix Stats:
Rows: 2504, Cols: 1739315, NNZ: 201040680
Running CPU reference SpMV...
Verification: max absolute diff = 0.0546875, max relative diff = 8.85517e-07
SUCCESS: Verification passed!
Running 50 iterations of cuSPARSE SpMV...
cuSPARSE SpMV completed. Average time: 9.77317 ms/vector
MEM analytic bytes: 1616088059
MEM peak bytes: 1626259456
ENERGY mJ/vector: 453.462
ENERGY avg power mW: 46693.8
cuSPARSE SpMM (B=64, default): 294.49 ms/batch, 4.60141 ms/vector  rel=3.22286e-06 SUCCESS
cuSPARSE SpMM (B=64, csr_alg2): 294.478 ms/batch, 4.60121 ms/vector  rel=3.00311e-06 SUCCESS
cuSPARSE SpMM (B=64, csr_alg3): 95.5155 ms/batch, 1.49243 ms/vector  rel=1.48204e-05 SUCCESS
Reconstructed CSR Matrix Stats:
Rows: 2504, Cols: 1739315, NNZ: 201040680
Running CPU reference SpMV...
Verification: max absolute diff = 0.0507812, max relative diff = 8.01305e-07
SUCCESS: Verification passed!
Running 50 iterations of cuSPARSE SpMV...
cuSPARSE SpMV completed. Average time: 9.82062 ms/vector
MEM analytic bytes: 1616088059
MEM peak bytes: 1619165184
ENERGY mJ/vector: 451.075
ENERGY avg power mW: 46484.8
cuSPARSE SpMM (B=128, default): 641.809 ms/batch, 5.01413 ms/vector  rel=3.23704e-06 SUCCESS
cuSPARSE SpMM (B=128, csr_alg2): 641.778 ms/batch, 5.01389 ms/vector  rel=2.80951e-06 SUCCESS
cuSPARSE SpMM (B=128, csr_alg3): 305.226 ms/batch, 2.38458 ms/vector  rel=1.48204e-05 SUCCESS
Reconstructed CSR Matrix Stats:
Rows: 2504, Cols: 1739315, NNZ: 201040680
Running CPU reference SpMV...
Verification: max absolute diff = 0.0546875, max relative diff = 9.59427e-07
SUCCESS: Verification passed!
Running 50 iterations of cuSPARSE SpMV...
cuSPARSE SpMV completed. Average time: 9.77117 ms/vector
MEM analytic bytes: 1616088059
MEM peak bytes: 1631744000
ENERGY mJ/vector: 466.569
ENERGY avg power mW: 47959.7
cuSPARSE SpMM (B=256, default): 1280.84 ms/batch, 5.00328 ms/vector  rel=2.92249e-06 SUCCESS
cuSPARSE SpMM (B=256, csr_alg2): 1280.87 ms/batch, 5.00341 ms/vector  rel=3.40957e-06 SUCCESS
cuSPARSE SpMM (B=256, csr_alg3): 769.372 ms/batch, 3.00536 ms/vector  rel=1.48204e-05 SUCCESS
## geno_synth_small
Reconstructed CSR Matrix Stats:
Rows: 2000, Cols: 50000, NNZ: 16616951
Running CPU reference SpMV...
Verification: max absolute diff = 0.00146484, max relative diff = 2.69778e-07
SUCCESS: Verification passed!
Running 50 iterations of cuSPARSE SpMV...
cuSPARSE SpMV completed. Average time: 0.842283 ms/vector
MEM analytic bytes: 133216531
MEM peak bytes: 139468800
ENERGY mJ/vector: 34.2443
ENERGY avg power mW: 42161.4
cuSPARSE SpMM (B=16, default): 2.04575 ms/batch, 0.127859 ms/vector  rel=1.13844e-06 SUCCESS
cuSPARSE SpMM (B=16, csr_alg2): 2.03463 ms/batch, 0.127164 ms/vector  rel=1.4395e-06 SUCCESS
cuSPARSE SpMM (B=16, csr_alg3): 0.949648 ms/batch, 0.059353 ms/vector  rel=4.11466e-06 SUCCESS
Reconstructed CSR Matrix Stats:
Rows: 2000, Cols: 50000, NNZ: 16616951
Running CPU reference SpMV...
Verification: max absolute diff = 0.00146484, max relative diff = 2.69734e-07
SUCCESS: Verification passed!
Running 50 iterations of cuSPARSE SpMV...
cuSPARSE SpMV completed. Average time: 0.850123 ms/vector
MEM analytic bytes: 133216531
MEM peak bytes: 21479424
ENERGY mJ/vector: 32.6016
ENERGY avg power mW: 40114.6
cuSPARSE SpMM (B=32, default): 2.11999 ms/batch, 0.0662497 ms/vector  rel=1.0728e-06 SUCCESS
cuSPARSE SpMM (B=32, csr_alg2): 2.10577 ms/batch, 0.0658053 ms/vector  rel=1.23315e-06 SUCCESS
cuSPARSE SpMM (B=32, csr_alg3): 0.992617 ms/batch, 0.0310193 ms/vector  rel=4.11466e-06 SUCCESS
Reconstructed CSR Matrix Stats:
Rows: 2000, Cols: 50000, NNZ: 16616951
Running CPU reference SpMV...
Verification: max absolute diff = 0.00146484, max relative diff = 2.70649e-07
SUCCESS: Verification passed!
Running 50 iterations of cuSPARSE SpMV...
cuSPARSE SpMV completed. Average time: 0.825241 ms/vector
MEM analytic bytes: 133216531
MEM peak bytes: 134725632
ENERGY mJ/vector: 34.2027
ENERGY avg power mW: 42017.5
cuSPARSE SpMM (B=64, default): 2.78663 ms/batch, 0.0435411 ms/vector  rel=9.73965e-07 SUCCESS
cuSPARSE SpMM (B=64, csr_alg2): 2.75032 ms/batch, 0.0429737 ms/vector  rel=1.15544e-06 SUCCESS
cuSPARSE SpMM (B=64, csr_alg3): 1.74119 ms/batch, 0.027206 ms/vector  rel=4.11466e-06 SUCCESS
Reconstructed CSR Matrix Stats:
Rows: 2000, Cols: 50000, NNZ: 16616951
Running CPU reference SpMV...
Verification: max absolute diff = 0.00195312, max relative diff = 3.59092e-07
SUCCESS: Verification passed!
Running 50 iterations of cuSPARSE SpMV...
cuSPARSE SpMV completed. Average time: 0.807886 ms/vector
MEM analytic bytes: 133216531
MEM peak bytes: 10715136
ENERGY mJ/vector: 32.1957
ENERGY avg power mW: 39566.4
cuSPARSE SpMM (B=128, default): 4.7007 ms/batch, 0.0367242 ms/vector  rel=9.85723e-07 SUCCESS
cuSPARSE SpMM (B=128, csr_alg2): 4.62656 ms/batch, 0.036145 ms/vector  rel=1.06838e-06 SUCCESS
cuSPARSE SpMM (B=128, csr_alg3): 3.19601 ms/batch, 0.0249688 ms/vector  rel=4.11466e-06 SUCCESS
Reconstructed CSR Matrix Stats:
Rows: 2000, Cols: 50000, NNZ: 16616951
Running CPU reference SpMV...
Verification: max absolute diff = 0.00195312, max relative diff = 3.50384e-07
SUCCESS: Verification passed!
Running 50 iterations of cuSPARSE SpMV...
cuSPARSE SpMV completed. Average time: 0.825996 ms/vector
MEM analytic bytes: 133216531
MEM peak bytes: 128712704
ENERGY mJ/vector: 32.4659
ENERGY avg power mW: 39945.1
cuSPARSE SpMM (B=256, default): 9.08209 ms/batch, 0.0354769 ms/vector  rel=1.05897e-06 SUCCESS
cuSPARSE SpMM (B=256, csr_alg2): 8.99616 ms/batch, 0.0351412 ms/vector  rel=1.23858e-06 SUCCESS
cuSPARSE SpMM (B=256, csr_alg3): 4.96729 ms/batch, 0.0194035 ms/vector  rel=4.11466e-06 SUCCESS
## geno_synth_large
Reconstructed CSR Matrix Stats:
Rows: 5000, Cols: 200000, NNZ: 152440925
Running CPU reference SpMV...
Verification: max absolute diff = 0.0117188, max relative diff = 5.83288e-07
SUCCESS: Verification passed!
Running 50 iterations of cuSPARSE SpMV...
cuSPARSE SpMV completed. Average time: 7.4512 ms/vector
MEM analytic bytes: 1220962887
MEM peak bytes: 1223540736
ENERGY mJ/vector: 310.895
ENERGY avg power mW: 42089.9
cuSPARSE SpMM (B=16, default): 19.356 ms/batch, 1.20975 ms/vector  rel=1.8326e-06 SUCCESS
cuSPARSE SpMM (B=16, csr_alg2): 19.3606 ms/batch, 1.21004 ms/vector  rel=1.73246e-06 SUCCESS
cuSPARSE SpMM (B=16, csr_alg3): 8.43742 ms/batch, 0.527339 ms/vector  rel=8.43413e-06 SUCCESS
Reconstructed CSR Matrix Stats:
Rows: 5000, Cols: 200000, NNZ: 152440925
Running CPU reference SpMV...
Verification: max absolute diff = 0.0136719, max relative diff = 6.72655e-07
SUCCESS: Verification passed!
Running 50 iterations of cuSPARSE SpMV...
cuSPARSE SpMV completed. Average time: 7.46122 ms/vector
MEM analytic bytes: 1220962887
MEM peak bytes: 1227329536
ENERGY mJ/vector: 311.114
ENERGY avg power mW: 42097.9
cuSPARSE SpMM (B=32, default): 21.1987 ms/batch, 0.66246 ms/vector  rel=2.0212e-06 SUCCESS
cuSPARSE SpMM (B=32, csr_alg2): 21.2243 ms/batch, 0.663259 ms/vector  rel=1.84601e-06 SUCCESS
cuSPARSE SpMM (B=32, csr_alg3): 9.39634 ms/batch, 0.293636 ms/vector  rel=8.43413e-06 SUCCESS
Reconstructed CSR Matrix Stats:
Rows: 5000, Cols: 200000, NNZ: 152440925
Running CPU reference SpMV...
Verification: max absolute diff = 0.0136719, max relative diff = 6.84506e-07
SUCCESS: Verification passed!
Running 50 iterations of cuSPARSE SpMV...
cuSPARSE SpMV completed. Average time: 7.43349 ms/vector
MEM analytic bytes: 1220962887
MEM peak bytes: 1225011200
ENERGY mJ/vector: 290.71
ENERGY avg power mW: 39492.6
cuSPARSE SpMM (B=64, default): 77.2404 ms/batch, 1.20688 ms/vector  rel=1.92255e-06 SUCCESS
cuSPARSE SpMM (B=64, csr_alg2): 77.1868 ms/batch, 1.20604 ms/vector  rel=1.73723e-06 SUCCESS
cuSPARSE SpMM (B=64, csr_alg3): 15.5129 ms/batch, 0.24239 ms/vector  rel=8.43413e-06 SUCCESS
Reconstructed CSR Matrix Stats:
Rows: 5000, Cols: 200000, NNZ: 152440925
Running CPU reference SpMV...
Verification: max absolute diff = 0.0117188, max relative diff = 5.79112e-07
SUCCESS: Verification passed!
Running 50 iterations of cuSPARSE SpMV...
cuSPARSE SpMV completed. Average time: 7.42958 ms/vector
MEM analytic bytes: 1220962887
MEM peak bytes: 1230671872
ENERGY mJ/vector: 294.381
ENERGY avg power mW: 39965.7
cuSPARSE SpMM (B=128, default): 352.412 ms/batch, 2.75322 ms/vector  rel=2.2148e-06 SUCCESS
cuSPARSE SpMM (B=128, csr_alg2): 352.379 ms/batch, 2.75296 ms/vector  rel=2.04115e-06 SUCCESS
cuSPARSE SpMM (B=128, csr_alg3): 56.8311 ms/batch, 0.443993 ms/vector  rel=8.43413e-06 SUCCESS
Reconstructed CSR Matrix Stats:
Rows: 5000, Cols: 200000, NNZ: 152440925
Running CPU reference SpMV...
Verification: max absolute diff = 0.0136719, max relative diff = 6.7223e-07
SUCCESS: Verification passed!
Running 50 iterations of cuSPARSE SpMV...
cuSPARSE SpMV completed. Average time: 7.43537 ms/vector
MEM analytic bytes: 1220962887
MEM peak bytes: 1229651968
ENERGY mJ/vector: 319.11
ENERGY avg power mW: 43208
cuSPARSE SpMM (B=256, default): 701.838 ms/batch, 2.74155 ms/vector  rel=1.94184e-06 SUCCESS
cuSPARSE SpMM (B=256, csr_alg2): 701.858 ms/batch, 2.74163 ms/vector  rel=2.02225e-06 SUCCESS
cuSPARSE SpMM (B=256, csr_alg3): 203.646 ms/batch, 0.795493 ms/vector  rel=8.43413e-06 SUCCESS
## geno_synth_ld_high
Reconstructed CSR Matrix Stats:
Rows: 5000, Cols: 100000, NNZ: 73471493
Running CPU reference SpMV...
Verification: max absolute diff = 0.00488281, max relative diff = 4.02499e-07
SUCCESS: Verification passed!
Running 50 iterations of cuSPARSE SpMV...
cuSPARSE SpMV completed. Average time: 3.63237 ms/vector
MEM analytic bytes: 588498955
MEM peak bytes: 596983808
ENERGY mJ/vector: 153.051
ENERGY avg power mW: 43027.7
cuSPARSE SpMM (B=16, default): 8.98441 ms/batch, 0.561526 ms/vector  rel=1.21812e-06 SUCCESS
cuSPARSE SpMM (B=16, csr_alg2): 8.9936 ms/batch, 0.5621 ms/vector  rel=1.19687e-06 SUCCESS
cuSPARSE SpMM (B=16, csr_alg3): 4.05293 ms/batch, 0.253308 ms/vector  rel=6.36494e-06 SUCCESS
Reconstructed CSR Matrix Stats:
Rows: 5000, Cols: 100000, NNZ: 73471493
Running CPU reference SpMV...
Verification: max absolute diff = 0.00488281, max relative diff = 4.22945e-07
SUCCESS: Verification passed!
Running 50 iterations of cuSPARSE SpMV...
cuSPARSE SpMV completed. Average time: 3.62275 ms/vector
MEM analytic bytes: 588498955
MEM peak bytes: 594386944
ENERGY mJ/vector: 143.326
ENERGY avg power mW: 40314.5
cuSPARSE SpMM (B=32, default): 9.54853 ms/batch, 0.298392 ms/vector  rel=1.18689e-06 SUCCESS
cuSPARSE SpMM (B=32, csr_alg2): 9.54564 ms/batch, 0.298301 ms/vector  rel=1.40947e-06 SUCCESS
cuSPARSE SpMM (B=32, csr_alg3): 4.66093 ms/batch, 0.145654 ms/vector  rel=6.36494e-06 SUCCESS
Reconstructed CSR Matrix Stats:
Rows: 5000, Cols: 100000, NNZ: 73471493
Running CPU reference SpMV...
Verification: max absolute diff = 0.00488281, max relative diff = 4.10379e-07
SUCCESS: Verification passed!
Running 50 iterations of cuSPARSE SpMV...
cuSPARSE SpMV completed. Average time: 3.60642 ms/vector
MEM analytic bytes: 588498955
MEM peak bytes: 590057472
ENERGY mJ/vector: 151.977
ENERGY avg power mW: 42776.3
cuSPARSE SpMM (B=64, default): 13.4361 ms/batch, 0.20994 ms/vector  rel=1.29077e-06 SUCCESS
cuSPARSE SpMM (B=64, csr_alg2): 13.4228 ms/batch, 0.209731 ms/vector  rel=1.27686e-06 SUCCESS
cuSPARSE SpMM (B=64, csr_alg3): 8.00107 ms/batch, 0.125017 ms/vector  rel=6.36494e-06 SUCCESS
Reconstructed CSR Matrix Stats:
Rows: 5000, Cols: 100000, NNZ: 73471493
Running CPU reference SpMV...
Verification: max absolute diff = 0.00488281, max relative diff = 4.45047e-07
SUCCESS: Verification passed!
Running 50 iterations of cuSPARSE SpMV...
cuSPARSE SpMV completed. Average time: 3.62011 ms/vector
MEM analytic bytes: 588498955
MEM peak bytes: 600338432
ENERGY mJ/vector: 142.495
ENERGY avg power mW: 40103
cuSPARSE SpMM (B=128, default): 64.9986 ms/batch, 0.507802 ms/vector  rel=1.45194e-06 SUCCESS
cuSPARSE SpMM (B=128, csr_alg2): 64.9084 ms/batch, 0.507097 ms/vector  rel=1.40765e-06 SUCCESS
cuSPARSE SpMM (B=128, csr_alg3): 15.5296 ms/batch, 0.121325 ms/vector  rel=6.36494e-06 SUCCESS
Reconstructed CSR Matrix Stats:
Rows: 5000, Cols: 100000, NNZ: 73471493
Running CPU reference SpMV...
Verification: max absolute diff = 0.00488281, max relative diff = 5.05575e-07
SUCCESS: Verification passed!
Running 50 iterations of cuSPARSE SpMV...
cuSPARSE SpMV completed. Average time: 3.58719 ms/vector
MEM analytic bytes: 588498955
MEM peak bytes: 594984960
ENERGY mJ/vector: 151.837
ENERGY avg power mW: 42657.4
cuSPARSE SpMM (B=256, default): 132.24 ms/batch, 0.516562 ms/vector  rel=1.54104e-06 SUCCESS
cuSPARSE SpMM (B=256, csr_alg2): 132.228 ms/batch, 0.516514 ms/vector  rel=1.34794e-06 SUCCESS
cuSPARSE SpMM (B=256, csr_alg3): 74.5304 ms/batch, 0.291135 ms/vector  rel=6.36494e-06 SUCCESS
## geno_synth_ld_low
Reconstructed CSR Matrix Stats:
Rows: 5000, Cols: 100000, NNZ: 77009034
Running CPU reference SpMV...
Verification: max absolute diff = 0.00488281, max relative diff = 4.75325e-07
SUCCESS: Verification passed!
Running 50 iterations of cuSPARSE SpMV...
cuSPARSE SpMV completed. Average time: 3.77582 ms/vector
MEM analytic bytes: 616813103
MEM peak bytes: 625278976
ENERGY mJ/vector: 149.9
ENERGY avg power mW: 40194.7
cuSPARSE SpMM (B=16, default): 9.44054 ms/batch, 0.590034 ms/vector  rel=1.24037e-06 SUCCESS
cuSPARSE SpMM (B=16, csr_alg2): 9.44553 ms/batch, 0.590346 ms/vector  rel=1.42429e-06 SUCCESS
cuSPARSE SpMM (B=16, csr_alg3): 4.27879 ms/batch, 0.267424 ms/vector  rel=6.35408e-06 SUCCESS
Reconstructed CSR Matrix Stats:
Rows: 5000, Cols: 100000, NNZ: 77009034
Running CPU reference SpMV...
Verification: max absolute diff = 0.00488281, max relative diff = 4.72587e-07
SUCCESS: Verification passed!
Running 50 iterations of cuSPARSE SpMV...
cuSPARSE SpMV completed. Average time: 3.77694 ms/vector
MEM analytic bytes: 616813103
MEM peak bytes: 621940736
ENERGY mJ/vector: 148.834
ENERGY avg power mW: 39892.1
cuSPARSE SpMM (B=32, default): 9.9727 ms/batch, 0.311647 ms/vector  rel=1.3171e-06 SUCCESS
cuSPARSE SpMM (B=32, csr_alg2): 9.97065 ms/batch, 0.311583 ms/vector  rel=1.51831e-06 SUCCESS
cuSPARSE SpMM (B=32, csr_alg3): 4.49523 ms/batch, 0.140476 ms/vector  rel=6.35408e-06 SUCCESS
Reconstructed CSR Matrix Stats:
Rows: 5000, Cols: 100000, NNZ: 77009034
Running CPU reference SpMV...
Verification: max absolute diff = 0.00585938, max relative diff = 5.71147e-07
SUCCESS: Verification passed!
Running 50 iterations of cuSPARSE SpMV...
cuSPARSE SpMV completed. Average time: 3.79428 ms/vector
MEM analytic bytes: 616813103
MEM peak bytes: 625037312
ENERGY mJ/vector: 157.937
ENERGY avg power mW: 42364.8
cuSPARSE SpMM (B=64, default): 14.3058 ms/batch, 0.223528 ms/vector  rel=1.49974e-06 SUCCESS
cuSPARSE SpMM (B=64, csr_alg2): 14.2434 ms/batch, 0.222553 ms/vector  rel=1.71945e-06 SUCCESS
cuSPARSE SpMM (B=64, csr_alg3): 5.75786 ms/batch, 0.0899665 ms/vector  rel=6.35408e-06 SUCCESS
Reconstructed CSR Matrix Stats:
Rows: 5000, Cols: 100000, NNZ: 77009034
Running CPU reference SpMV...
Verification: max absolute diff = 0.00488281, max relative diff = 4.72097e-07
SUCCESS: Verification passed!
Running 50 iterations of cuSPARSE SpMV...
cuSPARSE SpMV completed. Average time: 3.82873 ms/vector
MEM analytic bytes: 616813103
MEM peak bytes: 620920832
ENERGY mJ/vector: 158.215
ENERGY avg power mW: 42385.4
cuSPARSE SpMM (B=128, default): 71.0565 ms/batch, 0.555129 ms/vector  rel=1.32401e-06 SUCCESS
cuSPARSE SpMM (B=128, csr_alg2): 71.0057 ms/batch, 0.554732 ms/vector  rel=1.32873e-06 SUCCESS
cuSPARSE SpMM (B=128, csr_alg3): 11.1342 ms/batch, 0.0869862 ms/vector  rel=6.35408e-06 SUCCESS
Reconstructed CSR Matrix Stats:
Rows: 5000, Cols: 100000, NNZ: 77009034
Running CPU reference SpMV...
Verification: max absolute diff = 0.00488281, max relative diff = 4.746e-07
SUCCESS: Verification passed!
Running 50 iterations of cuSPARSE SpMV...
cuSPARSE SpMV completed. Average time: 3.78586 ms/vector
MEM analytic bytes: 616813103
MEM peak bytes: 622985216
ENERGY mJ/vector: 148.622
ENERGY avg power mW: 39849.4
cuSPARSE SpMM (B=256, default): 144.524 ms/batch, 0.564547 ms/vector  rel=1.33046e-06 SUCCESS
cuSPARSE SpMM (B=256, csr_alg2): 144.434 ms/batch, 0.564194 ms/vector  rel=1.5072e-06 SUCCESS
cuSPARSE SpMM (B=256, csr_alg3): 23.6846 ms/batch, 0.0925179 ms/vector  rel=6.35408e-06 SUCCESS
## geno_synth_ind_large
Reconstructed CSR Matrix Stats:
Rows: 10000, Cols: 50000, NNZ: 71602677
Running CPU reference SpMV...
Verification: max absolute diff = 0.00146484, max relative diff = 3.18581e-07
SUCCESS: Verification passed!
Running 50 iterations of cuSPARSE SpMV...
cuSPARSE SpMV completed. Average time: 3.51576 ms/vector
MEM analytic bytes: 573381127
MEM peak bytes: 580743168
ENERGY mJ/vector: 142.339
ENERGY avg power mW: 41039.4
cuSPARSE SpMM (B=16, default): 8.73251 ms/batch, 0.545782 ms/vector  rel=1.02719e-06 SUCCESS
cuSPARSE SpMM (B=16, csr_alg2): 8.72309 ms/batch, 0.545193 ms/vector  rel=8.32384e-07 SUCCESS
cuSPARSE SpMM (B=16, csr_alg3): 3.75558 ms/batch, 0.234724 ms/vector  rel=3.76687e-06 SUCCESS
Reconstructed CSR Matrix Stats:
Rows: 10000, Cols: 50000, NNZ: 71602677
Running CPU reference SpMV...
Verification: max absolute diff = 0.00146484, max relative diff = 3.18028e-07
SUCCESS: Verification passed!
Running 50 iterations of cuSPARSE SpMV...
cuSPARSE SpMV completed. Average time: 3.51826 ms/vector
MEM analytic bytes: 573381127
MEM peak bytes: 546680832
ENERGY mJ/vector: 152.484
ENERGY avg power mW: 44071.8
cuSPARSE SpMM (B=32, default): 9.06094 ms/batch, 0.283154 ms/vector  rel=9.44557e-07 SUCCESS
cuSPARSE SpMM (B=32, csr_alg2): 9.04476 ms/batch, 0.282649 ms/vector  rel=9.5172e-07 SUCCESS
cuSPARSE SpMM (B=32, csr_alg3): 3.94206 ms/batch, 0.123189 ms/vector  rel=3.76687e-06 SUCCESS
Reconstructed CSR Matrix Stats:
Rows: 10000, Cols: 50000, NNZ: 71602677
Running CPU reference SpMV...
Verification: max absolute diff = 0.00146484, max relative diff = 3.18768e-07
SUCCESS: Verification passed!
Running 50 iterations of cuSPARSE SpMV...
cuSPARSE SpMV completed. Average time: 3.5245 ms/vector
MEM analytic bytes: 573381127
MEM peak bytes: 579715072
ENERGY mJ/vector: 152.377
ENERGY avg power mW: 43907.9
cuSPARSE SpMM (B=64, default): 11.7732 ms/batch, 0.183956 ms/vector  rel=1.04779e-06 SUCCESS
cuSPARSE SpMM (B=64, csr_alg2): 11.7315 ms/batch, 0.183305 ms/vector  rel=1.03872e-06 SUCCESS
cuSPARSE SpMM (B=64, csr_alg3): 5.521 ms/batch, 0.0862656 ms/vector  rel=3.76687e-06 SUCCESS
Reconstructed CSR Matrix Stats:
Rows: 10000, Cols: 50000, NNZ: 71602677
Running CPU reference SpMV...
Verification: max absolute diff = 0.00146484, max relative diff = 3.19196e-07
SUCCESS: Verification passed!
Running 50 iterations of cuSPARSE SpMV...
cuSPARSE SpMV completed. Average time: 3.55232 ms/vector
MEM analytic bytes: 573381127
MEM peak bytes: 586031104
ENERGY mJ/vector: 152.461
ENERGY avg power mW: 43809.2
cuSPARSE SpMM (B=128, default): 19.8977 ms/batch, 0.155451 ms/vector  rel=9.51328e-07 SUCCESS
cuSPARSE SpMM (B=128, csr_alg2): 19.8605 ms/batch, 0.15516 ms/vector  rel=1.05903e-06 SUCCESS
cuSPARSE SpMM (B=128, csr_alg3): 10.3032 ms/batch, 0.0804937 ms/vector  rel=3.76687e-06 SUCCESS
Reconstructed CSR Matrix Stats:
Rows: 10000, Cols: 50000, NNZ: 71602677
Running CPU reference SpMV...
Verification: max absolute diff = 0.00146484, max relative diff = 3.16604e-07
SUCCESS: Verification passed!
Running 50 iterations of cuSPARSE SpMV...
cuSPARSE SpMV completed. Average time: 3.53312 ms/vector
MEM analytic bytes: 573381127
MEM peak bytes: 583053312
ENERGY mJ/vector: 153.125
ENERGY avg power mW: 44138.7
cuSPARSE SpMM (B=256, default): 38.3768 ms/batch, 0.149909 ms/vector  rel=1.05054e-06 SUCCESS
cuSPARSE SpMM (B=256, csr_alg2): 38.3235 ms/batch, 0.149701 ms/vector  rel=1.17088e-06 SUCCESS
cuSPARSE SpMM (B=256, csr_alg3): 20.295 ms/batch, 0.0792772 ms/vector  rel=3.76687e-06 SUCCESS
