# GENERATED by reproduce.sh -- raw experiment log, parsed by extract_results.py
# date:   2026-07-14T20:21:52+02:00
# host:   spark-a459  (Linux 6.17.0-1021-nvidia aarch64)
# commit: b9c4505
## geno22
Part I (RePair): alpha=200000, NTs=437608, distinct values=2
Schedule builder construction time: 82.8925 ms
Terminal compaction: alpha 200000 -> 119608 (59.804% kept)
Proper Layered Completed Grammar Stats:
Max depth (L): 20, Max width (w*): 146023, Total layered rules: 1105720 (raw NTs: 437608, +pt: 668112), emissions: 881378+227920 term
--- SEMIRING: PlusTimes (+,*) ---
Running CPU reference with OpenMP (20 threads)...
CPU reference (OpenMP): 18.0042 ms/vector (20 threads).
Running CPU reference sequentially (forced 1 thread)...
CPU reference (sequential): 9.39742 ms/vector.
Running GPU engine (double-buffered proper layered, emit-on-the-spot)...
[GPU Setup Debug] rows=2504, cols=100000, alpha=119608, total_rules=1105720, distinct_vals=2, sched_max_depth=20, sched_max_width=146023, emit_total=881378, num_term_emit=227920
GPU kernel: 49.7218 ms total over 100 vectors = 0.497218 ms/vector.
MEM analytic bytes: 25156520
MEM peak bytes: 24379392
ENERGY mJ/vector: 13.7882
ENERGY avg power mW: 28805.7
GPU multiplication completed in 1904.19 ms.
Verification: max_abs_diff=0.00195312, max_rel_diff=5.87668e-07, max|y|=4451.01
SUCCESS: GPU and CPU reference results match (within float precision)!
--- CUSPARSE ---
Reconstructed CSR Matrix Stats:
Rows: 2504, Cols: 100000, NNZ: 12582213
Running CPU reference SpMV...
Verification: max absolute diff = 0.000976562, max relative diff = 2.42609e-07
SUCCESS: Verification passed!
Running 100 iterations of cuSPARSE SpMV...
cuSPARSE SpMV completed. Average time: 0.64483 ms/vector
MEM analytic bytes: 101126899
MEM peak bytes: 104726528
ENERGY mJ/vector: 26.1236
ENERGY avg power mW: 42105.9
## geno22full
Part I (RePair): alpha=2110907, NTs=4291548, distinct values=2
Schedule builder construction time: 945.339 ms
Terminal compaction: alpha 2110907 -> 1252876 (59.3525% kept)
Proper Layered Completed Grammar Stats:
Max depth (L): 24, Max width (w*): 1414412, Total layered rules: 11311025 (raw NTs: 4291548, +pt: 7019477), emissions: 7756041+2221964 term
--- SEMIRING: PlusTimes (+,*) ---
Running CPU reference with OpenMP (20 threads)...
CPU reference (OpenMP): 36.9046 ms/vector (20 threads).
Running CPU reference sequentially (forced 1 thread)...
CPU reference (sequential): 94.3062 ms/vector.
Running GPU engine (double-buffered proper layered, emit-on-the-spot)...
[GPU Setup Debug] rows=2504, cols=1055454, alpha=1252876, total_rules=11311025, distinct_vals=2, sched_max_depth=24, sched_max_width=1414412, emit_total=7756041, num_term_emit=2221964
GPU kernel: 670.498 ms total over 100 vectors = 6.70498 ms/vector.
MEM analytic bytes: 246137980
MEM peak bytes: 242073600
ENERGY mJ/vector: 199.448
ENERGY avg power mW: 30142.9
GPU multiplication completed in 2539.08 ms.
Verification: max_abs_diff=0.0507812, max_rel_diff=1.24771e-06, max|y|=42691.9
SUCCESS: GPU and CPU reference results match (within float precision)!
--- CUSPARSE ---
Reconstructed CSR Matrix Stats:
Rows: 2504, Cols: 1055454, NNZ: 127579429
Running CPU reference SpMV...
Verification: max absolute diff = 0.03125, max relative diff = 7.70992e-07
SUCCESS: Verification passed!
Running 100 iterations of cuSPARSE SpMV...
cuSPARSE SpMV completed. Average time: 6.215 ms/vector
MEM analytic bytes: 1025375651
MEM peak bytes: 1031442432
ENERGY mJ/vector: 256.592
ENERGY avg power mW: 41444
## geno21
Part I (RePair): alpha=200001, NTs=404627, distinct values=2
Schedule builder construction time: 88.0119 ms
Terminal compaction: alpha 200001 -> 116231 (58.1152% kept)
Proper Layered Completed Grammar Stats:
Max depth (L): 24, Max width (w*): 133079, Total layered rules: 973264 (raw NTs: 404627, +pt: 568637), emissions: 989111+209752 term
--- SEMIRING: PlusTimes (+,*) ---
Running CPU reference with OpenMP (20 threads)...
CPU reference (OpenMP): 17.0917 ms/vector (20 threads).
Running CPU reference sequentially (forced 1 thread)...
CPU reference (sequential): 9.82193 ms/vector.
Running GPU engine (double-buffered proper layered, emit-on-the-spot)...
[GPU Setup Debug] rows=2504, cols=100000, alpha=116231, total_rules=973264, distinct_vals=2, sched_max_depth=24, sched_max_width=133079, emit_total=989111, num_term_emit=209752
GPU kernel: 50.0719 ms total over 100 vectors = 0.500719 ms/vector.
MEM analytic bytes: 24139492
MEM peak bytes: 26079232
ENERGY mJ/vector: 14.1644
ENERGY avg power mW: 28867
GPU multiplication completed in 1847.79 ms.
Verification: max_abs_diff=0.00195312, max_rel_diff=4.7081e-07, max|y|=4566.79
SUCCESS: GPU and CPU reference results match (within float precision)!
--- CUSPARSE ---
Reconstructed CSR Matrix Stats:
Rows: 2504, Cols: 100000, NNZ: 14039379
Running CPU reference SpMV...
Verification: max absolute diff = 0.000976562, max relative diff = 2.67415e-07
SUCCESS: Verification passed!
Running 100 iterations of cuSPARSE SpMV...
cuSPARSE SpMV completed. Average time: 0.709952 ms/vector
MEM analytic bytes: 112789919
MEM peak bytes: 114016256
ENERGY mJ/vector: 30.5133
ENERGY avg power mW: 44266.4
## geno21full
Part I (RePair): alpha=2108892, NTs=4297458, distinct values=2
Schedule builder construction time: 895.835 ms
Terminal compaction: alpha 2108892 -> 1251202 (59.3298% kept)
Proper Layered Completed Grammar Stats:
Max depth (L): 26, Max width (w*): 1390429, Total layered rules: 11589832 (raw NTs: 4297458, +pt: 7292374), emissions: 7559793+2088042 term
--- SEMIRING: PlusTimes (+,*) ---
Running CPU reference with OpenMP (20 threads)...
CPU reference (OpenMP): 29.9958 ms/vector (20 threads).
Running CPU reference sequentially (forced 1 thread)...
CPU reference (sequential): 87.3868 ms/vector.
Running GPU engine (double-buffered proper layered, emit-on-the-spot)...
[GPU Setup Debug] rows=2504, cols=1054447, alpha=1251202, total_rules=11589832, distinct_vals=2, sched_max_depth=26, sched_max_width=1390429, emit_total=7559793, num_term_emit=2088042
GPU kernel: 639.958 ms total over 100 vectors = 6.39958 ms/vector.
MEM analytic bytes: 246626324
MEM peak bytes: 225124352
ENERGY mJ/vector: 183.354
ENERGY avg power mW: 29059.3
GPU multiplication completed in 2538.71 ms.
Verification: max_abs_diff=0.0429688, max_rel_diff=9.84381e-07, max|y|=46766.9
SUCCESS: GPU and CPU reference results match (within float precision)!
--- CUSPARSE ---
Reconstructed CSR Matrix Stats:
Rows: 2504, Cols: 1054447, NNZ: 140197660
Running CPU reference SpMV...
Verification: max absolute diff = 0.0273438, max relative diff = 7.47887e-07
SUCCESS: Verification passed!
Running 100 iterations of cuSPARSE SpMV...
cuSPARSE SpMV completed. Average time: 6.80947 ms/vector
MEM analytic bytes: 1126366759
MEM peak bytes: 1134268416
ENERGY mJ/vector: 280.174
ENERGY avg power mW: 41356.9
## geno20
Part I (RePair): alpha=199982, NTs=438257, distinct values=2
Schedule builder construction time: 80.157 ms
Terminal compaction: alpha 199982 -> 119673 (59.8419% kept)
Proper Layered Completed Grammar Stats:
Max depth (L): 22, Max width (w*): 144741, Total layered rules: 1157117 (raw NTs: 438257, +pt: 718860), emissions: 822703+215493 term
--- SEMIRING: PlusTimes (+,*) ---
Running CPU reference with OpenMP (20 threads)...
CPU reference (OpenMP): 18.2155 ms/vector (20 threads).
Running CPU reference sequentially (forced 1 thread)...
CPU reference (sequential): 8.78495 ms/vector.
Running GPU engine (double-buffered proper layered, emit-on-the-spot)...
[GPU Setup Debug] rows=2504, cols=100000, alpha=119673, total_rules=1157117, distinct_vals=2, sched_max_depth=22, sched_max_width=144741, emit_total=822703, num_term_emit=215493
GPU kernel: 47.4357 ms total over 100 vectors = 0.474357 ms/vector.
MEM analytic bytes: 25194992
MEM peak bytes: 11993088
ENERGY mJ/vector: 13.6827
ENERGY avg power mW: 29443.9
GPU multiplication completed in 1845.23 ms.
Verification: max_abs_diff=0.000976562, max_rel_diff=2.75195e-07, max|y|=4618.53
SUCCESS: GPU and CPU reference results match (within float precision)!
--- CUSPARSE ---
Reconstructed CSR Matrix Stats:
Rows: 2504, Cols: 100000, NNZ: 13515259
Running CPU reference SpMV...
Verification: max absolute diff = 0.000976562, max relative diff = 2.37702e-07
SUCCESS: Verification passed!
Running 100 iterations of cuSPARSE SpMV...
cuSPARSE SpMV completed. Average time: 0.676953 ms/vector
MEM analytic bytes: 108594911
MEM peak bytes: 93818880
ENERGY mJ/vector: 28.1752
ENERGY avg power mW: 42362.8
## geno20full
Part I (RePair): alpha=3478620, NTs=6652691, distinct values=2
Schedule builder construction time: 1435.69 ms
Terminal compaction: alpha 3478620 -> 2045026 (58.7884% kept)
Proper Layered Completed Grammar Stats:
Max depth (L): 24, Max width (w*): 2178866, Total layered rules: 17771958 (raw NTs: 6652691, +pt: 11119267), emissions: 11457133+3467098 term
--- SEMIRING: PlusTimes (+,*) ---
Running CPU reference with OpenMP (20 threads)...
CPU reference (OpenMP): 37.4019 ms/vector (20 threads).
Running CPU reference sequentially (forced 1 thread)...
CPU reference (sequential): 139.495 ms/vector.
Running GPU engine (double-buffered proper layered, emit-on-the-spot)...
[GPU Setup Debug] rows=2504, cols=1739315, alpha=2045026, total_rules=17771958, distinct_vals=2, sched_max_depth=24, sched_max_width=2178866, emit_total=11457133, num_term_emit=3467098
GPU kernel: 1172.12 ms total over 100 vectors = 11.7212 ms/vector.
MEM analytic bytes: 381595860
MEM peak bytes: 375308288
ENERGY mJ/vector: 327.754
ENERGY avg power mW: 28210
GPU multiplication completed in 3113.47 ms.
Verification: max_abs_diff=0.078125, max_rel_diff=1.26067e-06, max|y|=65862.5
SUCCESS: GPU and CPU reference results match (within float precision)!
--- CUSPARSE ---
Reconstructed CSR Matrix Stats:
Rows: 2504, Cols: 1739315, NNZ: 201040680
Running CPU reference SpMV...
Verification: max absolute diff = 0.0546875, max relative diff = 9.5574e-07
SUCCESS: Verification passed!
Running 100 iterations of cuSPARSE SpMV...
cuSPARSE SpMV completed. Average time: 9.75626 ms/vector
MEM analytic bytes: 1616088059
MEM peak bytes: 1633497088
ENERGY mJ/vector: 438.712
ENERGY avg power mW: 45109.2
## geno_synth_small
Part I (RePair): alpha=100001, NTs=625285, distinct values=2
Schedule builder construction time: 111.852 ms
Terminal compaction: alpha 100001 -> 73039 (73.0383% kept)
Proper Layered Completed Grammar Stats:
Max depth (L): 25, Max width (w*): 224961, Total layered rules: 1850510 (raw NTs: 625285, +pt: 1225225), emissions: 709345+100487 term
--- SEMIRING: PlusTimes (+,*) ---
Running CPU reference with OpenMP (20 threads)...
CPU reference (OpenMP): 9.78782 ms/vector (20 threads).
Running CPU reference sequentially (forced 1 thread)...
CPU reference (sequential): 7.83432 ms/vector.
Running GPU engine (double-buffered proper layered, emit-on-the-spot)...
[GPU Setup Debug] rows=2000, cols=50000, alpha=73039, total_rules=1850510, distinct_vals=2, sched_max_depth=25, sched_max_width=224961, emit_total=709345, num_term_emit=100487
GPU kernel: 48.9732 ms total over 100 vectors = 0.489732 ms/vector.
MEM analytic bytes: 31568932
MEM peak bytes: 32952320
ENERGY mJ/vector: 14.5852
ENERGY avg power mW: 30224.1
GPU multiplication completed in 1842.83 ms.
Verification: max_abs_diff=0.00146484, max_rel_diff=2.70034e-07, max|y|=5664.82
SUCCESS: GPU and CPU reference results match (within float precision)!
--- CUSPARSE ---
Reconstructed CSR Matrix Stats:
Rows: 2000, Cols: 50000, NNZ: 16616951
Running CPU reference SpMV...
Verification: max absolute diff = 0.00146484, max relative diff = 2.68986e-07
SUCCESS: Verification passed!
Running 100 iterations of cuSPARSE SpMV...
cuSPARSE SpMV completed. Average time: 0.816053 ms/vector
MEM analytic bytes: 133216531
MEM peak bytes: 134725632
ENERGY mJ/vector: 31.0395
ENERGY avg power mW: 38184.3
## geno_synth_large
Part I (RePair): alpha=400001, NTs=3944953, distinct values=2
Schedule builder construction time: 820.391 ms
Terminal compaction: alpha 400001 -> 292648 (73.1618% kept)
Proper Layered Completed Grammar Stats:
Max depth (L): 29, Max width (w*): 1394305, Total layered rules: 12234852 (raw NTs: 3944953, +pt: 8289899), emissions: 4436173+456949 term
--- SEMIRING: PlusTimes (+,*) ---
Running CPU reference with OpenMP (20 threads)...
CPU reference (OpenMP): 25.7263 ms/vector (20 threads).
Running CPU reference sequentially (forced 1 thread)...
CPU reference (sequential): 53.3246 ms/vector.
Running GPU engine (double-buffered proper layered, emit-on-the-spot)...
[GPU Setup Debug] rows=5000, cols=200000, alpha=292648, total_rules=12234852, distinct_vals=2, sched_max_depth=29, sched_max_width=1394305, emit_total=4436173, num_term_emit=456949
GPU kernel: 299.273 ms total over 100 vectors = 2.99273 ms/vector.
MEM analytic bytes: 201449416
MEM peak bytes: 201691136
ENERGY mJ/vector: 96.2904
ENERGY avg power mW: 33101.2
GPU multiplication completed in 2159.08 ms.
Verification: max_abs_diff=0.0117188, max_rel_diff=5.79399e-07, max|y|=20541.2
SUCCESS: GPU and CPU reference results match (within float precision)!
--- CUSPARSE ---
Reconstructed CSR Matrix Stats:
Rows: 5000, Cols: 200000, NNZ: 152440925
Running CPU reference SpMV...
Verification: max absolute diff = 0.0136719, max relative diff = 6.75631e-07
SUCCESS: Verification passed!
Running 100 iterations of cuSPARSE SpMV...
cuSPARSE SpMV completed. Average time: 7.40628 ms/vector
MEM analytic bytes: 1220962887
MEM peak bytes: 1233539072
ENERGY mJ/vector: 279.481
ENERGY avg power mW: 37924.3
## geno_synth_ld_high
Part I (RePair): alpha=200001, NTs=1569951, distinct values=2
Schedule builder construction time: 325.589 ms
Terminal compaction: alpha 200001 -> 146080 (73.0396% kept)
Proper Layered Completed Grammar Stats:
Max depth (L): 30, Max width (w*): 498368, Total layered rules: 5117569 (raw NTs: 1569951, +pt: 3547618), emissions: 1483434+190689 term
--- SEMIRING: PlusTimes (+,*) ---
Running CPU reference with OpenMP (20 threads)...
CPU reference (OpenMP): 18.8475 ms/vector (20 threads).
Running CPU reference sequentially (forced 1 thread)...
CPU reference (sequential): 17.356 ms/vector.
Running GPU engine (double-buffered proper layered, emit-on-the-spot)...
[GPU Setup Debug] rows=5000, cols=100000, alpha=146080, total_rules=5117569, distinct_vals=2, sched_max_depth=30, sched_max_width=498368, emit_total=1483434, num_term_emit=190689
GPU kernel: 99.3643 ms total over 100 vectors = 0.993643 ms/vector.
MEM analytic bytes: 80963716
MEM peak bytes: 83947520
ENERGY mJ/vector: 31.7356
ENERGY avg power mW: 33799.8
GPU multiplication completed in 1920.8 ms.
Verification: max_abs_diff=0.00390625, max_rel_diff=3.2528e-07, max|y|=14506.9
SUCCESS: GPU and CPU reference results match (within float precision)!
--- CUSPARSE ---
Reconstructed CSR Matrix Stats:
Rows: 5000, Cols: 100000, NNZ: 73471493
Running CPU reference SpMV...
Verification: max absolute diff = 0.00585938, max relative diff = 4.58067e-07
SUCCESS: Verification passed!
Running 100 iterations of cuSPARSE SpMV...
cuSPARSE SpMV completed. Average time: 3.58382 ms/vector
MEM analytic bytes: 588498955
MEM peak bytes: 602144768
ENERGY mJ/vector: 145.858
ENERGY avg power mW: 40986.7
## geno_synth_ld_low
Part I (RePair): alpha=200001, NTs=3471140, distinct values=2
Schedule builder construction time: 668.655 ms
Terminal compaction: alpha 200001 -> 146620 (73.3096% kept)
Proper Layered Completed Grammar Stats:
Max depth (L): 21, Max width (w*): 1537556, Total layered rules: 8317253 (raw NTs: 3471140, +pt: 4846113), emissions: 6940047+494886 term
--- SEMIRING: PlusTimes (+,*) ---
Running CPU reference with OpenMP (20 threads)...
CPU reference (OpenMP): 25.2863 ms/vector (20 threads).
Running CPU reference sequentially (forced 1 thread)...
CPU reference (sequential): 64.3298 ms/vector.
Running GPU engine (double-buffered proper layered, emit-on-the-spot)...
[GPU Setup Debug] rows=5000, cols=100000, alpha=146620, total_rules=8317253, distinct_vals=2, sched_max_depth=21, sched_max_width=1537556, emit_total=6940047, num_term_emit=494886
GPU kernel: 374.025 ms total over 100 vectors = 3.74025 ms/vector.
MEM analytic bytes: 173766388
MEM peak bytes: 182157312
ENERGY mJ/vector: 123.388
ENERGY avg power mW: 33425.9
GPU multiplication completed in 2201.82 ms.
Verification: max_abs_diff=0.0107422, max_rel_diff=1.03971e-06, max|y|=10572.8
SUCCESS: GPU and CPU reference results match (within float precision)!
--- CUSPARSE ---
Reconstructed CSR Matrix Stats:
Rows: 5000, Cols: 100000, NNZ: 77009034
Running CPU reference SpMV...
Verification: max absolute diff = 0.00488281, max relative diff = 4.74138e-07
SUCCESS: Verification passed!
Running 100 iterations of cuSPARSE SpMV...
cuSPARSE SpMV completed. Average time: 3.77814 ms/vector
MEM analytic bytes: 616813103
MEM peak bytes: 622714880
ENERGY mJ/vector: 143.617
ENERGY avg power mW: 38499.7
## geno_synth_ind_large
Part I (RePair): alpha=99999, NTs=1400638, distinct values=2
Schedule builder construction time: 284.708 ms
Terminal compaction: alpha 99999 -> 73435 (73.4357% kept)
Proper Layered Completed Grammar Stats:
Max depth (L): 30, Max width (w*): 489845, Total layered rules: 4481729 (raw NTs: 1400638, +pt: 3081091), emissions: 1574872+126395 term
--- SEMIRING: PlusTimes (+,*) ---
Running CPU reference with OpenMP (20 threads)...
CPU reference (OpenMP): 16.8508 ms/vector (20 threads).
Running CPU reference sequentially (forced 1 thread)...
CPU reference (sequential): 16.792 ms/vector.
Running GPU engine (double-buffered proper layered, emit-on-the-spot)...
[GPU Setup Debug] rows=10000, cols=50000, alpha=73435, total_rules=4481729, distinct_vals=2, sched_max_depth=30, sched_max_width=489845, emit_total=1574872, num_term_emit=126395
GPU kernel: 84.5429 ms total over 100 vectors = 0.845429 ms/vector.
MEM analytic bytes: 72430864
MEM peak bytes: 72613888
ENERGY mJ/vector: 28.5636
ENERGY avg power mW: 37030.8
GPU multiplication completed in 1898.05 ms.
Verification: max_abs_diff=0.000976562, max_rel_diff=2.14076e-07, max|y|=4814.74
SUCCESS: GPU and CPU reference results match (within float precision)!
--- CUSPARSE ---
Reconstructed CSR Matrix Stats:
Rows: 10000, Cols: 50000, NNZ: 71602677
Running CPU reference SpMV...
Verification: max absolute diff = 0.00146484, max relative diff = 3.19518e-07
SUCCESS: Verification passed!
Running 100 iterations of cuSPARSE SpMV...
cuSPARSE SpMV completed. Average time: 3.49262 ms/vector
MEM analytic bytes: 573381127
MEM peak bytes: 582074368
ENERGY mJ/vector: 134.982
ENERGY avg power mW: 38902.5
## crossover_synth
Part I (RePair): alpha=1400000, NTs=19506547, distinct values=2
Schedule builder construction time: 5256.58 ms
Terminal compaction: alpha 1400000 -> 1026072 (73.2909% kept)
Proper Layered Completed Grammar Stats:
Max depth (L): 32, Max width (w*): 6836497, Total layered rules: 62211571 (raw NTs: 19506547, +pt: 42705024), emissions: 21908902+1746587 term
--- SEMIRING: PlusTimes (+,*) ---
Running CPU reference with OpenMP (20 threads)...
CPU reference (OpenMP): 107.982 ms/vector (20 threads).
Running CPU reference sequentially (forced 1 thread)...
CPU reference (sequential): 291.951 ms/vector.
Running GPU engine (double-buffered proper layered, emit-on-the-spot)...
[GPU Setup Debug] rows=10000, cols=700000, alpha=1026072, total_rules=62211571, distinct_vals=2, sched_max_depth=32, sched_max_width=6836497, emit_total=21908902, num_term_emit=1746587
GPU kernel: 2008.61 ms total over 100 vectors = 20.0861 ms/vector.
MEM analytic bytes: 1005627604
MEM peak bytes: 982052864
ENERGY mJ/vector: 628.013
ENERGY avg power mW: 32406.8
GPU multiplication completed in 4543.95 ms.
Verification: max_abs_diff=0.0625, max_rel_diff=9.36481e-07, max|y|=67307.9
SUCCESS: GPU and CPU reference results match (within float precision)!
--- CUSPARSE ---
Reconstructed CSR Matrix Stats:
Rows: 10000, Cols: 700000, NNZ: 1002967808
Running CPU reference SpMV...
Verification: max absolute diff = 0.078125, max relative diff = 1.17165e-06
SUCCESS: Verification passed!
Running 100 iterations of cuSPARSE SpMV...
cuSPARSE SpMV completed. Average time: 48.3823 ms/vector
MEM analytic bytes: 8030540319
MEM peak bytes: 8058462208
ENERGY mJ/vector: 1976.12
ENERGY avg power mW: 40858.3
