# GENERATED by reproduce.sh -- raw experiment log, parsed by extract_results.py
# date:   2026-07-14T20:24:27+02:00
# host:   spark-a459  (Linux 6.17.0-1021-nvidia aarch64)
# commit: b9c4505
## geno22
Part I (RePair): alpha=200000, NTs=437608, distinct values=2
Schedule builder construction time: 69.5725 ms
Terminal compaction: alpha 200000 -> 119608 (59.804% kept)
Proper Layered Completed Grammar Stats:
Max depth (L): 20, Max width (w*): 146023, Total layered rules: 1105720 (raw NTs: 437608, +pt: 668112), emissions: 881378+227920 term
--- SEMIRING: PlusTimes (+,*) ---
Running CPU reference with OpenMP (20 threads)...
CPU reference (OpenMP): 10.5115 ms/vector (20 threads).
Running CPU reference sequentially (forced 1 thread)...
CPU reference (sequential): 9.24764 ms/vector.
Running GPU engine (double-buffered proper layered, emit-on-the-spot)...
[GPU Setup Debug] rows=2504, cols=100000, alpha=119608, total_rules=1105720, distinct_vals=2, sched_max_depth=20, sched_max_width=146023, emit_total=881378, num_term_emit=227920
GPU kernel: 24.3647 ms total over 50 vectors = 0.487293 ms/vector.
MEM analytic bytes: 25156520
MEM peak bytes: 25468928
ENERGY mJ/vector: 13.9839
ENERGY avg power mW: 29477.5
GPU multiplication completed in 1827.27 ms.
Batched run B=16 (est. 0.0329061 GB B-wide buffers)...
GPU batched (B=16): 2.01062 ms/batch, 0.125664 ms/vector over 50 batches.
Batched verification: max_rel_diff=4.44072e-07  SUCCESS
Verification: max_abs_diff=0.00195312, max_rel_diff=5.87668e-07, max|y|=4451.01
SUCCESS: GPU and CPU reference results match (within float precision)!
Part I (RePair): alpha=200000, NTs=437608, distinct values=2
Schedule builder construction time: 73.3136 ms
Terminal compaction: alpha 200000 -> 119608 (59.804% kept)
Proper Layered Completed Grammar Stats:
Max depth (L): 20, Max width (w*): 146023, Total layered rules: 1105720 (raw NTs: 437608, +pt: 668112), emissions: 881378+227920 term
--- SEMIRING: PlusTimes (+,*) ---
Running CPU reference with OpenMP (20 threads)...
CPU reference (OpenMP): 17.4275 ms/vector (20 threads).
Running CPU reference sequentially (forced 1 thread)...
CPU reference (sequential): 9.32098 ms/vector.
Running GPU engine (double-buffered proper layered, emit-on-the-spot)...
[GPU Setup Debug] rows=2504, cols=100000, alpha=119608, total_rules=1105720, distinct_vals=2, sched_max_depth=20, sched_max_width=146023, emit_total=881378, num_term_emit=227920
GPU kernel: 24.733 ms total over 50 vectors = 0.494659 ms/vector.
MEM analytic bytes: 25156520
MEM peak bytes: 25382912
ENERGY mJ/vector: 14.0372
ENERGY avg power mW: 29657.5
GPU multiplication completed in 1811.65 ms.
Batched run B=32 (est. 0.0658122 GB B-wide buffers)...
GPU batched (B=32): 3.22034 ms/batch, 0.100636 ms/vector over 50 batches.
Batched verification: max_rel_diff=4.19038e-07  SUCCESS
Verification: max_abs_diff=0.00195312, max_rel_diff=5.87668e-07, max|y|=4451.01
SUCCESS: GPU and CPU reference results match (within float precision)!
Part I (RePair): alpha=200000, NTs=437608, distinct values=2
Schedule builder construction time: 74.4121 ms
Terminal compaction: alpha 200000 -> 119608 (59.804% kept)
Proper Layered Completed Grammar Stats:
Max depth (L): 20, Max width (w*): 146023, Total layered rules: 1105720 (raw NTs: 437608, +pt: 668112), emissions: 881378+227920 term
--- SEMIRING: PlusTimes (+,*) ---
Running CPU reference with OpenMP (20 threads)...
CPU reference (OpenMP): 12.0249 ms/vector (20 threads).
Running CPU reference sequentially (forced 1 thread)...
CPU reference (sequential): 9.37554 ms/vector.
Running GPU engine (double-buffered proper layered, emit-on-the-spot)...
[GPU Setup Debug] rows=2504, cols=100000, alpha=119608, total_rules=1105720, distinct_vals=2, sched_max_depth=20, sched_max_width=146023, emit_total=881378, num_term_emit=227920
GPU kernel: 24.1598 ms total over 50 vectors = 0.483196 ms/vector.
MEM analytic bytes: 25156520
MEM peak bytes: 25411584
ENERGY mJ/vector: 14.1066
ENERGY avg power mW: 29890.5
GPU multiplication completed in 1832 ms.
Batched run B=64 (est. 0.131624 GB B-wide buffers)...
GPU batched (B=64): 8.67051 ms/batch, 0.135477 ms/vector over 50 batches.
Batched verification: max_rel_diff=5.0751e-07  SUCCESS
Verification: max_abs_diff=0.00146484, max_rel_diff=4.4035e-07, max|y|=4451.01
SUCCESS: GPU and CPU reference results match (within float precision)!
Part I (RePair): alpha=200000, NTs=437608, distinct values=2
Schedule builder construction time: 71.322 ms
Terminal compaction: alpha 200000 -> 119608 (59.804% kept)
Proper Layered Completed Grammar Stats:
Max depth (L): 20, Max width (w*): 146023, Total layered rules: 1105720 (raw NTs: 437608, +pt: 668112), emissions: 881378+227920 term
--- SEMIRING: PlusTimes (+,*) ---
Running CPU reference with OpenMP (20 threads)...
CPU reference (OpenMP): 19.6042 ms/vector (20 threads).
Running CPU reference sequentially (forced 1 thread)...
CPU reference (sequential): 9.30583 ms/vector.
Running GPU engine (double-buffered proper layered, emit-on-the-spot)...
[GPU Setup Debug] rows=2504, cols=100000, alpha=119608, total_rules=1105720, distinct_vals=2, sched_max_depth=20, sched_max_width=146023, emit_total=881378, num_term_emit=227920
GPU kernel: 24.2466 ms total over 50 vectors = 0.484931 ms/vector.
MEM analytic bytes: 25156520
MEM peak bytes: 24379392
ENERGY mJ/vector: 14.0185
ENERGY avg power mW: 29755.1
GPU multiplication completed in 1826.74 ms.
Batched run B=128 (est. 0.263249 GB B-wide buffers)...
GPU batched (B=128): 15.1763 ms/batch, 0.118565 ms/vector over 50 batches.
Batched verification: max_rel_diff=4.7007e-07  SUCCESS
Verification: max_abs_diff=0.00195312, max_rel_diff=4.7007e-07, max|y|=4451.01
SUCCESS: GPU and CPU reference results match (within float precision)!
Part I (RePair): alpha=200000, NTs=437608, distinct values=2
Schedule builder construction time: 70.8632 ms
Terminal compaction: alpha 200000 -> 119608 (59.804% kept)
Proper Layered Completed Grammar Stats:
Max depth (L): 20, Max width (w*): 146023, Total layered rules: 1105720 (raw NTs: 437608, +pt: 668112), emissions: 881378+227920 term
--- SEMIRING: PlusTimes (+,*) ---
Running CPU reference with OpenMP (20 threads)...
CPU reference (OpenMP): 16.4342 ms/vector (20 threads).
Running CPU reference sequentially (forced 1 thread)...
CPU reference (sequential): 9.34219 ms/vector.
Running GPU engine (double-buffered proper layered, emit-on-the-spot)...
[GPU Setup Debug] rows=2504, cols=100000, alpha=119608, total_rules=1105720, distinct_vals=2, sched_max_depth=20, sched_max_width=146023, emit_total=881378, num_term_emit=227920
GPU kernel: 24.4305 ms total over 50 vectors = 0.48861 ms/vector.
MEM analytic bytes: 25156520
MEM peak bytes: 28831744
ENERGY mJ/vector: 14.2132
ENERGY avg power mW: 30191.1
GPU multiplication completed in 1820.95 ms.
Batched run B=256 (est. 0.526498 GB B-wide buffers)...
GPU batched (B=256): 29.276 ms/batch, 0.114359 ms/vector over 50 batches.
Batched verification: max_rel_diff=4.75065e-07  SUCCESS
Verification: max_abs_diff=0.00146484, max_rel_diff=4.4035e-07, max|y|=4451.01
SUCCESS: GPU and CPU reference results match (within float precision)!
## geno22full
Part I (RePair): alpha=2110907, NTs=4291548, distinct values=2
Schedule builder construction time: 971.295 ms
Terminal compaction: alpha 2110907 -> 1252876 (59.3525% kept)
Proper Layered Completed Grammar Stats:
Max depth (L): 24, Max width (w*): 1414412, Total layered rules: 11311025 (raw NTs: 4291548, +pt: 7019477), emissions: 7756041+2221964 term
--- SEMIRING: PlusTimes (+,*) ---
Running CPU reference with OpenMP (20 threads)...
CPU reference (OpenMP): 30.4421 ms/vector (20 threads).
Running CPU reference sequentially (forced 1 thread)...
CPU reference (sequential): 94.0445 ms/vector.
Running GPU engine (double-buffered proper layered, emit-on-the-spot)...
[GPU Setup Debug] rows=2504, cols=1055454, alpha=1252876, total_rules=11311025, distinct_vals=2, sched_max_depth=24, sched_max_width=1414412, emit_total=7756041, num_term_emit=2221964
GPU kernel: 341.994 ms total over 50 vectors = 6.83988 ms/vector.
MEM analytic bytes: 246137980
MEM peak bytes: 251990016
ENERGY mJ/vector: 194.152
ENERGY avg power mW: 29335.3
GPU multiplication completed in 2223.09 ms.
Batched run B=16 (est. 0.328938 GB B-wide buffers)...
GPU batched (B=16): 22.3784 ms/batch, 1.39865 ms/vector over 50 batches.
Batched verification: max_rel_diff=1.07151e-06  SUCCESS
Verification: max_abs_diff=0.0507812, max_rel_diff=1.22729e-06, max|y|=42691.9
SUCCESS: GPU and CPU reference results match (within float precision)!
Part I (RePair): alpha=2110907, NTs=4291548, distinct values=2
Schedule builder construction time: 914.391 ms
Terminal compaction: alpha 2110907 -> 1252876 (59.3525% kept)
Proper Layered Completed Grammar Stats:
Max depth (L): 24, Max width (w*): 1414412, Total layered rules: 11311025 (raw NTs: 4291548, +pt: 7019477), emissions: 7756041+2221964 term
--- SEMIRING: PlusTimes (+,*) ---
Running CPU reference with OpenMP (20 threads)...
CPU reference (OpenMP): 29.881 ms/vector (20 threads).
Running CPU reference sequentially (forced 1 thread)...
CPU reference (sequential): 90.3681 ms/vector.
Running GPU engine (double-buffered proper layered, emit-on-the-spot)...
[GPU Setup Debug] rows=2504, cols=1055454, alpha=1252876, total_rules=11311025, distinct_vals=2, sched_max_depth=24, sched_max_width=1414412, emit_total=7756041, num_term_emit=2221964
GPU kernel: 345.078 ms total over 50 vectors = 6.90155 ms/vector.
MEM analytic bytes: 246137980
MEM peak bytes: 245825536
ENERGY mJ/vector: 195.461
ENERGY avg power mW: 29655.2
GPU multiplication completed in 2248.48 ms.
Batched run B=32 (est. 0.657876 GB B-wide buffers)...
GPU batched (B=32): 44.0051 ms/batch, 1.37516 ms/vector over 50 batches.
Batched verification: max_rel_diff=9.63019e-07  SUCCESS
Verification: max_abs_diff=0.046875, max_rel_diff=1.12301e-06, max|y|=42691.9
SUCCESS: GPU and CPU reference results match (within float precision)!
Part I (RePair): alpha=2110907, NTs=4291548, distinct values=2
Schedule builder construction time: 964.555 ms
Terminal compaction: alpha 2110907 -> 1252876 (59.3525% kept)
Proper Layered Completed Grammar Stats:
Max depth (L): 24, Max width (w*): 1414412, Total layered rules: 11311025 (raw NTs: 4291548, +pt: 7019477), emissions: 7756041+2221964 term
--- SEMIRING: PlusTimes (+,*) ---
Running CPU reference with OpenMP (20 threads)...
CPU reference (OpenMP): 29.8418 ms/vector (20 threads).
Running CPU reference sequentially (forced 1 thread)...
CPU reference (sequential): 90.0483 ms/vector.
Running GPU engine (double-buffered proper layered, emit-on-the-spot)...
[GPU Setup Debug] rows=2504, cols=1055454, alpha=1252876, total_rules=11311025, distinct_vals=2, sched_max_depth=24, sched_max_width=1414412, emit_total=7756041, num_term_emit=2221964
GPU kernel: 338.626 ms total over 50 vectors = 6.77252 ms/vector.
MEM analytic bytes: 246137980
MEM peak bytes: 250478592
ENERGY mJ/vector: 195.913
ENERGY avg power mW: 29735.3
GPU multiplication completed in 2232.12 ms.
Batched run B=64 (est. 1.31575 GB B-wide buffers)...
GPU batched (B=64): 85.3363 ms/batch, 1.33338 ms/vector over 50 batches.
Batched verification: max_rel_diff=1.15562e-06  SUCCESS
Verification: max_abs_diff=0.046875, max_rel_diff=1.23144e-06, max|y|=42691.9
SUCCESS: GPU and CPU reference results match (within float precision)!
Part I (RePair): alpha=2110907, NTs=4291548, distinct values=2
Schedule builder construction time: 904.173 ms
Terminal compaction: alpha 2110907 -> 1252876 (59.3525% kept)
Proper Layered Completed Grammar Stats:
Max depth (L): 24, Max width (w*): 1414412, Total layered rules: 11311025 (raw NTs: 4291548, +pt: 7019477), emissions: 7756041+2221964 term
--- SEMIRING: PlusTimes (+,*) ---
Running CPU reference with OpenMP (20 threads)...
CPU reference (OpenMP): 29.7888 ms/vector (20 threads).
Running CPU reference sequentially (forced 1 thread)...
CPU reference (sequential): 93.5058 ms/vector.
Running GPU engine (double-buffered proper layered, emit-on-the-spot)...
[GPU Setup Debug] rows=2504, cols=1055454, alpha=1252876, total_rules=11311025, distinct_vals=2, sched_max_depth=24, sched_max_width=1414412, emit_total=7756041, num_term_emit=2221964
GPU kernel: 345.454 ms total over 50 vectors = 6.90908 ms/vector.
MEM analytic bytes: 246137980
MEM peak bytes: 252055552
ENERGY mJ/vector: 211.613
ENERGY avg power mW: 31877
GPU multiplication completed in 2246.49 ms.
Batched run B=128 (est. 2.6315 GB B-wide buffers)...
GPU batched (B=128): 172.174 ms/batch, 1.34511 ms/vector over 50 batches.
Batched verification: max_rel_diff=8.63325e-07  SUCCESS
Verification: max_abs_diff=0.0546875, max_rel_diff=1.33851e-06, max|y|=42691.9
SUCCESS: GPU and CPU reference results match (within float precision)!
Part I (RePair): alpha=2110907, NTs=4291548, distinct values=2
Schedule builder construction time: 971.447 ms
Terminal compaction: alpha 2110907 -> 1252876 (59.3525% kept)
Proper Layered Completed Grammar Stats:
Max depth (L): 24, Max width (w*): 1414412, Total layered rules: 11311025 (raw NTs: 4291548, +pt: 7019477), emissions: 7756041+2221964 term
--- SEMIRING: PlusTimes (+,*) ---
Running CPU reference with OpenMP (20 threads)...
CPU reference (OpenMP): 29.5857 ms/vector (20 threads).
Running CPU reference sequentially (forced 1 thread)...
CPU reference (sequential): 90.064 ms/vector.
Running GPU engine (double-buffered proper layered, emit-on-the-spot)...
[GPU Setup Debug] rows=2504, cols=1055454, alpha=1252876, total_rules=11311025, distinct_vals=2, sched_max_depth=24, sched_max_width=1414412, emit_total=7756041, num_term_emit=2221964
GPU kernel: 347.38 ms total over 50 vectors = 6.9476 ms/vector.
MEM analytic bytes: 246137980
MEM peak bytes: 248041472
ENERGY mJ/vector: 201.361
ENERGY avg power mW: 30334.7
GPU multiplication completed in 2291.01 ms.
Batched run B=256 (est. 5.26301 GB B-wide buffers)...
GPU batched (B=256): 361.677 ms/batch, 1.4128 ms/vector over 50 batches.
Batched verification: max_rel_diff=8.58448e-07  SUCCESS
Verification: max_abs_diff=0.046875, max_rel_diff=1.11217e-06, max|y|=42691.9
SUCCESS: GPU and CPU reference results match (within float precision)!
## geno21
Part I (RePair): alpha=200001, NTs=404627, distinct values=2
Schedule builder construction time: 78.4028 ms
Terminal compaction: alpha 200001 -> 116231 (58.1152% kept)
Proper Layered Completed Grammar Stats:
Max depth (L): 24, Max width (w*): 133079, Total layered rules: 973264 (raw NTs: 404627, +pt: 568637), emissions: 989111+209752 term
--- SEMIRING: PlusTimes (+,*) ---
Running CPU reference with OpenMP (20 threads)...
CPU reference (OpenMP): 12.1338 ms/vector (20 threads).
Running CPU reference sequentially (forced 1 thread)...
CPU reference (sequential): 9.85566 ms/vector.
Running GPU engine (double-buffered proper layered, emit-on-the-spot)...
[GPU Setup Debug] rows=2504, cols=100000, alpha=116231, total_rules=973264, distinct_vals=2, sched_max_depth=24, sched_max_width=133079, emit_total=989111, num_term_emit=209752
GPU kernel: 25.4321 ms total over 50 vectors = 0.508642 ms/vector.
MEM analytic bytes: 24139492
MEM peak bytes: 26079232
ENERGY mJ/vector: 15.5485
ENERGY avg power mW: 31309.8
GPU multiplication completed in 1830.4 ms.
Batched run B=16 (est. 0.0310332 GB B-wide buffers)...
GPU batched (B=16): 1.53573 ms/batch, 0.0959832 ms/vector over 50 batches.
Batched verification: max_rel_diff=4.60082e-07  SUCCESS
Verification: max_abs_diff=0.00146484, max_rel_diff=3.71226e-07, max|y|=4566.79
SUCCESS: GPU and CPU reference results match (within float precision)!
Part I (RePair): alpha=200001, NTs=404627, distinct values=2
Schedule builder construction time: 68.0016 ms
Terminal compaction: alpha 200001 -> 116231 (58.1152% kept)
Proper Layered Completed Grammar Stats:
Max depth (L): 24, Max width (w*): 133079, Total layered rules: 973264 (raw NTs: 404627, +pt: 568637), emissions: 989111+209752 term
--- SEMIRING: PlusTimes (+,*) ---
Running CPU reference with OpenMP (20 threads)...
CPU reference (OpenMP): 21.0315 ms/vector (20 threads).
Running CPU reference sequentially (forced 1 thread)...
CPU reference (sequential): 9.86632 ms/vector.
Running GPU engine (double-buffered proper layered, emit-on-the-spot)...
[GPU Setup Debug] rows=2504, cols=100000, alpha=116231, total_rules=973264, distinct_vals=2, sched_max_depth=24, sched_max_width=133079, emit_total=989111, num_term_emit=209752
GPU kernel: 25.4735 ms total over 50 vectors = 0.509469 ms/vector.
MEM analytic bytes: 24139492
MEM peak bytes: 26079232
ENERGY mJ/vector: 15.4553
ENERGY avg power mW: 31292.8
GPU multiplication completed in 1823.37 ms.
Batched run B=32 (est. 0.0620663 GB B-wide buffers)...
GPU batched (B=32): 3.5062 ms/batch, 0.109569 ms/vector over 50 batches.
Batched verification: max_rel_diff=4.89751e-07  SUCCESS
Verification: max_abs_diff=0.00146484, max_rel_diff=3.71226e-07, max|y|=4566.79
SUCCESS: GPU and CPU reference results match (within float precision)!
Part I (RePair): alpha=200001, NTs=404627, distinct values=2
Schedule builder construction time: 86.1109 ms
Terminal compaction: alpha 200001 -> 116231 (58.1152% kept)
Proper Layered Completed Grammar Stats:
Max depth (L): 24, Max width (w*): 133079, Total layered rules: 973264 (raw NTs: 404627, +pt: 568637), emissions: 989111+209752 term
--- SEMIRING: PlusTimes (+,*) ---
Running CPU reference with OpenMP (20 threads)...
CPU reference (OpenMP): 19.66 ms/vector (20 threads).
Running CPU reference sequentially (forced 1 thread)...
CPU reference (sequential): 9.9087 ms/vector.
Running GPU engine (double-buffered proper layered, emit-on-the-spot)...
[GPU Setup Debug] rows=2504, cols=100000, alpha=116231, total_rules=973264, distinct_vals=2, sched_max_depth=24, sched_max_width=133079, emit_total=989111, num_term_emit=209752
GPU kernel: 25.5592 ms total over 50 vectors = 0.511184 ms/vector.
MEM analytic bytes: 24139492
MEM peak bytes: 25821184
ENERGY mJ/vector: 15.7627
ENERGY avg power mW: 31740.8
GPU multiplication completed in 1828.58 ms.
Batched run B=64 (est. 0.124133 GB B-wide buffers)...
GPU batched (B=64): 7.03394 ms/batch, 0.109905 ms/vector over 50 batches.
Batched verification: max_rel_diff=4.64007e-07  SUCCESS
Verification: max_abs_diff=0.00195312, max_rel_diff=4.7081e-07, max|y|=4566.79
SUCCESS: GPU and CPU reference results match (within float precision)!
Part I (RePair): alpha=200001, NTs=404627, distinct values=2
Schedule builder construction time: 73.11 ms
Terminal compaction: alpha 200001 -> 116231 (58.1152% kept)
Proper Layered Completed Grammar Stats:
Max depth (L): 24, Max width (w*): 133079, Total layered rules: 973264 (raw NTs: 404627, +pt: 568637), emissions: 989111+209752 term
--- SEMIRING: PlusTimes (+,*) ---
Running CPU reference with OpenMP (20 threads)...
CPU reference (OpenMP): 18.7888 ms/vector (20 threads).
Running CPU reference sequentially (forced 1 thread)...
CPU reference (sequential): 9.73374 ms/vector.
Running GPU engine (double-buffered proper layered, emit-on-the-spot)...
[GPU Setup Debug] rows=2504, cols=100000, alpha=116231, total_rules=973264, distinct_vals=2, sched_max_depth=24, sched_max_width=133079, emit_total=989111, num_term_emit=209752
GPU kernel: 25.7685 ms total over 50 vectors = 0.51537 ms/vector.
MEM analytic bytes: 24139492
MEM peak bytes: 25821184
ENERGY mJ/vector: 15.5182
ENERGY avg power mW: 31229.6
GPU multiplication completed in 1819.22 ms.
Batched run B=128 (est. 0.248265 GB B-wide buffers)...
GPU batched (B=128): 14.506 ms/batch, 0.113328 ms/vector over 50 batches.
Batched verification: max_rel_diff=4.19786e-07  SUCCESS
Verification: max_abs_diff=0.00195312, max_rel_diff=4.80761e-07, max|y|=4566.79
SUCCESS: GPU and CPU reference results match (within float precision)!
Part I (RePair): alpha=200001, NTs=404627, distinct values=2
Schedule builder construction time: 68.5117 ms
Terminal compaction: alpha 200001 -> 116231 (58.1152% kept)
Proper Layered Completed Grammar Stats:
Max depth (L): 24, Max width (w*): 133079, Total layered rules: 973264 (raw NTs: 404627, +pt: 568637), emissions: 989111+209752 term
--- SEMIRING: PlusTimes (+,*) ---
Running CPU reference with OpenMP (20 threads)...
CPU reference (OpenMP): 12.9013 ms/vector (20 threads).
Running CPU reference sequentially (forced 1 thread)...
CPU reference (sequential): 9.77285 ms/vector.
Running GPU engine (double-buffered proper layered, emit-on-the-spot)...
[GPU Setup Debug] rows=2504, cols=100000, alpha=116231, total_rules=973264, distinct_vals=2, sched_max_depth=24, sched_max_width=133079, emit_total=989111, num_term_emit=209752
GPU kernel: 25.4525 ms total over 50 vectors = 0.50905 ms/vector.
MEM analytic bytes: 24139492
MEM peak bytes: 25821184
ENERGY mJ/vector: 15.6201
ENERGY avg power mW: 31476.6
GPU multiplication completed in 1826.86 ms.
Batched run B=256 (est. 0.49653 GB B-wide buffers)...
GPU batched (B=256): 29.3494 ms/batch, 0.114646 ms/vector over 50 batches.
Batched verification: max_rel_diff=4.53708e-07  SUCCESS
Verification: max_abs_diff=0.00195312, max_rel_diff=4.7081e-07, max|y|=4566.79
SUCCESS: GPU and CPU reference results match (within float precision)!
## geno21full
Part I (RePair): alpha=2108892, NTs=4297458, distinct values=2
Schedule builder construction time: 933.891 ms
Terminal compaction: alpha 2108892 -> 1251202 (59.3298% kept)
Proper Layered Completed Grammar Stats:
Max depth (L): 26, Max width (w*): 1390429, Total layered rules: 11589832 (raw NTs: 4297458, +pt: 7292374), emissions: 7559793+2088042 term
--- SEMIRING: PlusTimes (+,*) ---
Running CPU reference with OpenMP (20 threads)...
CPU reference (OpenMP): 32.6355 ms/vector (20 threads).
Running CPU reference sequentially (forced 1 thread)...
CPU reference (sequential): 88.3111 ms/vector.
Running GPU engine (double-buffered proper layered, emit-on-the-spot)...
[GPU Setup Debug] rows=2504, cols=1054447, alpha=1251202, total_rules=11589832, distinct_vals=2, sched_max_depth=26, sched_max_width=1390429, emit_total=7559793, num_term_emit=2088042
GPU kernel: 329.706 ms total over 50 vectors = 6.59412 ms/vector.
MEM analytic bytes: 246626324
MEM peak bytes: 128843776
ENERGY mJ/vector: 199.458
ENERGY avg power mW: 31275.1
GPU multiplication completed in 2249.64 ms.
Batched run B=16 (est. 0.325697 GB B-wide buffers)...
GPU batched (B=16): 23.6464 ms/batch, 1.4779 ms/vector over 50 batches.
Batched verification: max_rel_diff=1.05127e-06  SUCCESS
Verification: max_abs_diff=0.0507812, max_rel_diff=1.12574e-06, max|y|=46766.9
SUCCESS: GPU and CPU reference results match (within float precision)!
Part I (RePair): alpha=2108892, NTs=4297458, distinct values=2
Schedule builder construction time: 958.953 ms
Terminal compaction: alpha 2108892 -> 1251202 (59.3298% kept)
Proper Layered Completed Grammar Stats:
Max depth (L): 26, Max width (w*): 1390429, Total layered rules: 11589832 (raw NTs: 4297458, +pt: 7292374), emissions: 7559793+2088042 term
--- SEMIRING: PlusTimes (+,*) ---
Running CPU reference with OpenMP (20 threads)...
CPU reference (OpenMP): 38.478 ms/vector (20 threads).
Running CPU reference sequentially (forced 1 thread)...
CPU reference (sequential): 87.3049 ms/vector.
Running GPU engine (double-buffered proper layered, emit-on-the-spot)...
[GPU Setup Debug] rows=2504, cols=1054447, alpha=1251202, total_rules=11589832, distinct_vals=2, sched_max_depth=26, sched_max_width=1390429, emit_total=7559793, num_term_emit=2088042
GPU kernel: 331.264 ms total over 50 vectors = 6.62529 ms/vector.
MEM analytic bytes: 246626324
MEM peak bytes: 252284928
ENERGY mJ/vector: 211.179
ENERGY avg power mW: 33110.5
GPU multiplication completed in 2248.76 ms.
Batched run B=32 (est. 0.651393 GB B-wide buffers)...
GPU batched (B=32): 44.0125 ms/batch, 1.37539 ms/vector over 50 batches.
Batched verification: max_rel_diff=9.56672e-07  SUCCESS
Verification: max_abs_diff=0.046875, max_rel_diff=1.04304e-06, max|y|=46766.9
SUCCESS: GPU and CPU reference results match (within float precision)!
Part I (RePair): alpha=2108892, NTs=4297458, distinct values=2
Schedule builder construction time: 941.063 ms
Terminal compaction: alpha 2108892 -> 1251202 (59.3298% kept)
Proper Layered Completed Grammar Stats:
Max depth (L): 26, Max width (w*): 1390429, Total layered rules: 11589832 (raw NTs: 4297458, +pt: 7292374), emissions: 7559793+2088042 term
--- SEMIRING: PlusTimes (+,*) ---
Running CPU reference with OpenMP (20 threads)...
CPU reference (OpenMP): 33.9092 ms/vector (20 threads).
Running CPU reference sequentially (forced 1 thread)...
CPU reference (sequential): 88.1376 ms/vector.
Running GPU engine (double-buffered proper layered, emit-on-the-spot)...
[GPU Setup Debug] rows=2504, cols=1054447, alpha=1251202, total_rules=11589832, distinct_vals=2, sched_max_depth=26, sched_max_width=1390429, emit_total=7559793, num_term_emit=2088042
GPU kernel: 328.92 ms total over 50 vectors = 6.5784 ms/vector.
MEM analytic bytes: 246626324
MEM peak bytes: 246284288
ENERGY mJ/vector: 195.75
ENERGY avg power mW: 30536.1
GPU multiplication completed in 2261.87 ms.
Batched run B=64 (est. 1.30279 GB B-wide buffers)...
GPU batched (B=64): 87.8406 ms/batch, 1.37251 ms/vector over 50 batches.
Batched verification: max_rel_diff=1.23114e-06  SUCCESS
Verification: max_abs_diff=0.0390625, max_rel_diff=1.06685e-06, max|y|=46766.9
SUCCESS: GPU and CPU reference results match (within float precision)!
Part I (RePair): alpha=2108892, NTs=4297458, distinct values=2
Schedule builder construction time: 940.794 ms
Terminal compaction: alpha 2108892 -> 1251202 (59.3298% kept)
Proper Layered Completed Grammar Stats:
Max depth (L): 26, Max width (w*): 1390429, Total layered rules: 11589832 (raw NTs: 4297458, +pt: 7292374), emissions: 7559793+2088042 term
--- SEMIRING: PlusTimes (+,*) ---
Running CPU reference with OpenMP (20 threads)...
CPU reference (OpenMP): 33.6601 ms/vector (20 threads).
Running CPU reference sequentially (forced 1 thread)...
CPU reference (sequential): 88.0721 ms/vector.
Running GPU engine (double-buffered proper layered, emit-on-the-spot)...
[GPU Setup Debug] rows=2504, cols=1054447, alpha=1251202, total_rules=11589832, distinct_vals=2, sched_max_depth=26, sched_max_width=1390429, emit_total=7559793, num_term_emit=2088042
GPU kernel: 326.697 ms total over 50 vectors = 6.53394 ms/vector.
MEM analytic bytes: 246626324
MEM peak bytes: 252837888
ENERGY mJ/vector: 193.162
ENERGY avg power mW: 30214.7
GPU multiplication completed in 2261.08 ms.
Batched run B=128 (est. 2.60557 GB B-wide buffers)...
GPU batched (B=128): 165.934 ms/batch, 1.29636 ms/vector over 50 batches.
Batched verification: max_rel_diff=7.85117e-07  SUCCESS
Verification: max_abs_diff=0.0429688, max_rel_diff=9.53552e-07, max|y|=46766.9
SUCCESS: GPU and CPU reference results match (within float precision)!
Part I (RePair): alpha=2108892, NTs=4297458, distinct values=2
Schedule builder construction time: 940.029 ms
Terminal compaction: alpha 2108892 -> 1251202 (59.3298% kept)
Proper Layered Completed Grammar Stats:
Max depth (L): 26, Max width (w*): 1390429, Total layered rules: 11589832 (raw NTs: 4297458, +pt: 7292374), emissions: 7559793+2088042 term
--- SEMIRING: PlusTimes (+,*) ---
Running CPU reference with OpenMP (20 threads)...
CPU reference (OpenMP): 40.095 ms/vector (20 threads).
Running CPU reference sequentially (forced 1 thread)...
CPU reference (sequential): 86.8392 ms/vector.
Running GPU engine (double-buffered proper layered, emit-on-the-spot)...
[GPU Setup Debug] rows=2504, cols=1054447, alpha=1251202, total_rules=11589832, distinct_vals=2, sched_max_depth=26, sched_max_width=1390429, emit_total=7559793, num_term_emit=2088042
GPU kernel: 344.285 ms total over 50 vectors = 6.88569 ms/vector.
MEM analytic bytes: 246626324
MEM peak bytes: 238026752
ENERGY mJ/vector: 196.929
ENERGY avg power mW: 30825.4
GPU multiplication completed in 2337.97 ms.
Batched run B=256 (est. 5.21115 GB B-wide buffers)...
GPU batched (B=256): 390.239 ms/batch, 1.52437 ms/vector over 50 batches.
Batched verification: max_rel_diff=8.2628e-07  SUCCESS
Verification: max_abs_diff=0.046875, max_rel_diff=1.03053e-06, max|y|=46766.9
SUCCESS: GPU and CPU reference results match (within float precision)!
## geno20
Part I (RePair): alpha=199982, NTs=438257, distinct values=2
Schedule builder construction time: 85.866 ms
Terminal compaction: alpha 199982 -> 119673 (59.8419% kept)
Proper Layered Completed Grammar Stats:
Max depth (L): 22, Max width (w*): 144741, Total layered rules: 1157117 (raw NTs: 438257, +pt: 718860), emissions: 822703+215493 term
--- SEMIRING: PlusTimes (+,*) ---
Running CPU reference with OpenMP (20 threads)...
CPU reference (OpenMP): 14.5995 ms/vector (20 threads).
Running CPU reference sequentially (forced 1 thread)...
CPU reference (sequential): 8.94998 ms/vector.
Running GPU engine (double-buffered proper layered, emit-on-the-spot)...
[GPU Setup Debug] rows=2504, cols=100000, alpha=119673, total_rules=1157117, distinct_vals=2, sched_max_depth=22, sched_max_width=144741, emit_total=822703, num_term_emit=215493
GPU kernel: 24.2702 ms total over 50 vectors = 0.485404 ms/vector.
MEM analytic bytes: 25194992
MEM peak bytes: 24576000
ENERGY mJ/vector: 14.5975
ENERGY avg power mW: 31191.4
GPU multiplication completed in 1827.74 ms.
Batched run B=16 (est. 0.0327462 GB B-wide buffers)...
GPU batched (B=16): 1.65894 ms/batch, 0.103684 ms/vector over 50 batches.
Batched verification: max_rel_diff=3.62107e-07  SUCCESS
Verification: max_abs_diff=0.00146484, max_rel_diff=3.52563e-07, max|y|=4618.53
SUCCESS: GPU and CPU reference results match (within float precision)!
Part I (RePair): alpha=199982, NTs=438257, distinct values=2
Schedule builder construction time: 76.5784 ms
Terminal compaction: alpha 199982 -> 119673 (59.8419% kept)
Proper Layered Completed Grammar Stats:
Max depth (L): 22, Max width (w*): 144741, Total layered rules: 1157117 (raw NTs: 438257, +pt: 718860), emissions: 822703+215493 term
--- SEMIRING: PlusTimes (+,*) ---
Running CPU reference with OpenMP (20 threads)...
CPU reference (OpenMP): 19.0789 ms/vector (20 threads).
Running CPU reference sequentially (forced 1 thread)...
CPU reference (sequential): 8.96143 ms/vector.
Running GPU engine (double-buffered proper layered, emit-on-the-spot)...
[GPU Setup Debug] rows=2504, cols=100000, alpha=119673, total_rules=1157117, distinct_vals=2, sched_max_depth=22, sched_max_width=144741, emit_total=822703, num_term_emit=215493
GPU kernel: 24.599 ms total over 50 vectors = 0.491981 ms/vector.
MEM analytic bytes: 25194992
MEM peak bytes: 28770304
ENERGY mJ/vector: 14.8835
ENERGY avg power mW: 31934.3
GPU multiplication completed in 1819.05 ms.
Batched run B=32 (est. 0.0654924 GB B-wide buffers)...
GPU batched (B=32): 3.31838 ms/batch, 0.103699 ms/vector over 50 batches.
Batched verification: max_rel_diff=4.39345e-07  SUCCESS
Verification: max_abs_diff=0.00146484, max_rel_diff=3.81397e-07, max|y|=4618.53
SUCCESS: GPU and CPU reference results match (within float precision)!
Part I (RePair): alpha=199982, NTs=438257, distinct values=2
Schedule builder construction time: 88.7814 ms
Terminal compaction: alpha 199982 -> 119673 (59.8419% kept)
Proper Layered Completed Grammar Stats:
Max depth (L): 22, Max width (w*): 144741, Total layered rules: 1157117 (raw NTs: 438257, +pt: 718860), emissions: 822703+215493 term
--- SEMIRING: PlusTimes (+,*) ---
Running CPU reference with OpenMP (20 threads)...
CPU reference (OpenMP): 19.5114 ms/vector (20 threads).
Running CPU reference sequentially (forced 1 thread)...
CPU reference (sequential): 8.98396 ms/vector.
Running GPU engine (double-buffered proper layered, emit-on-the-spot)...
[GPU Setup Debug] rows=2504, cols=100000, alpha=119673, total_rules=1157117, distinct_vals=2, sched_max_depth=22, sched_max_width=144741, emit_total=822703, num_term_emit=215493
GPU kernel: 23.7972 ms total over 50 vectors = 0.475944 ms/vector.
MEM analytic bytes: 25194992
MEM peak bytes: 28770304
ENERGY mJ/vector: 14.6022
ENERGY avg power mW: 31422.9
GPU multiplication completed in 1819.49 ms.
Batched run B=64 (est. 0.130985 GB B-wide buffers)...
GPU batched (B=64): 6.86428 ms/batch, 0.107254 ms/vector over 50 batches.
Batched verification: max_rel_diff=3.56845e-07  SUCCESS
Verification: max_abs_diff=0.00146484, max_rel_diff=3.76515e-07, max|y|=4618.53
SUCCESS: GPU and CPU reference results match (within float precision)!
Part I (RePair): alpha=199982, NTs=438257, distinct values=2
Schedule builder construction time: 73.8579 ms
Terminal compaction: alpha 199982 -> 119673 (59.8419% kept)
Proper Layered Completed Grammar Stats:
Max depth (L): 22, Max width (w*): 144741, Total layered rules: 1157117 (raw NTs: 438257, +pt: 718860), emissions: 822703+215493 term
--- SEMIRING: PlusTimes (+,*) ---
Running CPU reference with OpenMP (20 threads)...
CPU reference (OpenMP): 12.9554 ms/vector (20 threads).
Running CPU reference sequentially (forced 1 thread)...
CPU reference (sequential): 8.85351 ms/vector.
Running GPU engine (double-buffered proper layered, emit-on-the-spot)...
[GPU Setup Debug] rows=2504, cols=100000, alpha=119673, total_rules=1157117, distinct_vals=2, sched_max_depth=22, sched_max_width=144741, emit_total=822703, num_term_emit=215493
GPU kernel: 23.9119 ms total over 50 vectors = 0.478238 ms/vector.
MEM analytic bytes: 25194992
MEM peak bytes: 24576000
ENERGY mJ/vector: 14.4978
ENERGY avg power mW: 31204.5
GPU multiplication completed in 1819.53 ms.
Batched run B=128 (est. 0.261969 GB B-wide buffers)...
GPU batched (B=128): 15.3235 ms/batch, 0.119715 ms/vector over 50 batches.
Batched verification: max_rel_diff=3.76966e-07  SUCCESS
Verification: max_abs_diff=0.00170898, max_rel_diff=4.39267e-07, max|y|=4618.53
SUCCESS: GPU and CPU reference results match (within float precision)!
Part I (RePair): alpha=199982, NTs=438257, distinct values=2
Schedule builder construction time: 74.9698 ms
Terminal compaction: alpha 199982 -> 119673 (59.8419% kept)
Proper Layered Completed Grammar Stats:
Max depth (L): 22, Max width (w*): 144741, Total layered rules: 1157117 (raw NTs: 438257, +pt: 718860), emissions: 822703+215493 term
--- SEMIRING: PlusTimes (+,*) ---
Running CPU reference with OpenMP (20 threads)...
CPU reference (OpenMP): 17.0041 ms/vector (20 threads).
Running CPU reference sequentially (forced 1 thread)...
CPU reference (sequential): 8.85628 ms/vector.
Running GPU engine (double-buffered proper layered, emit-on-the-spot)...
[GPU Setup Debug] rows=2504, cols=100000, alpha=119673, total_rules=1157117, distinct_vals=2, sched_max_depth=22, sched_max_width=144741, emit_total=822703, num_term_emit=215493
GPU kernel: 24.1692 ms total over 50 vectors = 0.483385 ms/vector.
MEM analytic bytes: 25194992
MEM peak bytes: 0
ENERGY mJ/vector: 15.5075
ENERGY avg power mW: 33047
GPU multiplication completed in 1828.76 ms.
Batched run B=256 (est. 0.523939 GB B-wide buffers)...
GPU batched (B=256): 29.6814 ms/batch, 0.115943 ms/vector over 50 batches.
Batched verification: max_rel_diff=3.73454e-07  SUCCESS
Verification: max_abs_diff=0.00146484, max_rel_diff=3.76515e-07, max|y|=4618.53
SUCCESS: GPU and CPU reference results match (within float precision)!
## geno20full
Part I (RePair): alpha=3478620, NTs=6652691, distinct values=2
Schedule builder construction time: 1460.15 ms
Terminal compaction: alpha 3478620 -> 2045026 (58.7884% kept)
Proper Layered Completed Grammar Stats:
Max depth (L): 24, Max width (w*): 2178866, Total layered rules: 17771958 (raw NTs: 6652691, +pt: 11119267), emissions: 11457133+3467098 term
--- SEMIRING: PlusTimes (+,*) ---
Running CPU reference with OpenMP (20 threads)...
CPU reference (OpenMP): 44.9522 ms/vector (20 threads).
Running CPU reference sequentially (forced 1 thread)...
CPU reference (sequential): 138.86 ms/vector.
Running GPU engine (double-buffered proper layered, emit-on-the-spot)...
[GPU Setup Debug] rows=2504, cols=1739315, alpha=2045026, total_rules=17771958, distinct_vals=2, sched_max_depth=24, sched_max_width=2178866, emit_total=11457133, num_term_emit=3467098
GPU kernel: 604.383 ms total over 50 vectors = 12.0877 ms/vector.
MEM analytic bytes: 381595860
MEM peak bytes: 165289984
ENERGY mJ/vector: 373.269
ENERGY avg power mW: 31984.6
GPU multiplication completed in 2554.62 ms.
Batched run B=16 (est. 0.521253 GB B-wide buffers)...
GPU batched (B=16): 37.1842 ms/batch, 2.32401 ms/vector over 50 batches.
Batched verification: max_rel_diff=1.27699e-06  SUCCESS
Verification: max_abs_diff=0.101562, max_rel_diff=1.6014e-06, max|y|=65862.5
SUCCESS: GPU and CPU reference results match (within float precision)!
Part I (RePair): alpha=3478620, NTs=6652691, distinct values=2
Schedule builder construction time: 1423.57 ms
Terminal compaction: alpha 3478620 -> 2045026 (58.7884% kept)
Proper Layered Completed Grammar Stats:
Max depth (L): 24, Max width (w*): 2178866, Total layered rules: 17771958 (raw NTs: 6652691, +pt: 11119267), emissions: 11457133+3467098 term
--- SEMIRING: PlusTimes (+,*) ---
Running CPU reference with OpenMP (20 threads)...
CPU reference (OpenMP): 50.078 ms/vector (20 threads).
Running CPU reference sequentially (forced 1 thread)...
CPU reference (sequential): 140.758 ms/vector.
Running GPU engine (double-buffered proper layered, emit-on-the-spot)...
[GPU Setup Debug] rows=2504, cols=1739315, alpha=2045026, total_rules=17771958, distinct_vals=2, sched_max_depth=24, sched_max_width=2178866, emit_total=11457133, num_term_emit=3467098
GPU kernel: 596.073 ms total over 50 vectors = 11.9215 ms/vector.
MEM analytic bytes: 381595860
MEM peak bytes: 379641856
ENERGY mJ/vector: 347.369
ENERGY avg power mW: 29762.8
GPU multiplication completed in 2588.94 ms.
Batched run B=32 (est. 1.04251 GB B-wide buffers)...
GPU batched (B=32): 69.2001 ms/batch, 2.1625 ms/vector over 50 batches.
Batched verification: max_rel_diff=1.22737e-06  SUCCESS
Verification: max_abs_diff=0.0898438, max_rel_diff=1.46855e-06, max|y|=65862.5
SUCCESS: GPU and CPU reference results match (within float precision)!
Part I (RePair): alpha=3478620, NTs=6652691, distinct values=2
Schedule builder construction time: 1482.13 ms
Terminal compaction: alpha 3478620 -> 2045026 (58.7884% kept)
Proper Layered Completed Grammar Stats:
Max depth (L): 24, Max width (w*): 2178866, Total layered rules: 17771958 (raw NTs: 6652691, +pt: 11119267), emissions: 11457133+3467098 term
--- SEMIRING: PlusTimes (+,*) ---
Running CPU reference with OpenMP (20 threads)...
CPU reference (OpenMP): 39.7718 ms/vector (20 threads).
Running CPU reference sequentially (forced 1 thread)...
CPU reference (sequential): 140.488 ms/vector.
Running GPU engine (double-buffered proper layered, emit-on-the-spot)...
[GPU Setup Debug] rows=2504, cols=1739315, alpha=2045026, total_rules=17771958, distinct_vals=2, sched_max_depth=24, sched_max_width=2178866, emit_total=11457133, num_term_emit=3467098
GPU kernel: 591.645 ms total over 50 vectors = 11.8329 ms/vector.
MEM analytic bytes: 381595860
MEM peak bytes: 383909888
ENERGY mJ/vector: 368.746
ENERGY avg power mW: 31596
GPU multiplication completed in 2532.14 ms.
Batched run B=64 (est. 2.08501 GB B-wide buffers)...
GPU batched (B=64): 137.57 ms/batch, 2.14953 ms/vector over 50 batches.
Batched verification: max_rel_diff=1.17026e-06  SUCCESS
Verification: max_abs_diff=0.0664062, max_rel_diff=1.05307e-06, max|y|=65862.5
SUCCESS: GPU and CPU reference results match (within float precision)!
Part I (RePair): alpha=3478620, NTs=6652691, distinct values=2
Schedule builder construction time: 1436.32 ms
Terminal compaction: alpha 3478620 -> 2045026 (58.7884% kept)
Proper Layered Completed Grammar Stats:
Max depth (L): 24, Max width (w*): 2178866, Total layered rules: 17771958 (raw NTs: 6652691, +pt: 11119267), emissions: 11457133+3467098 term
--- SEMIRING: PlusTimes (+,*) ---
Running CPU reference with OpenMP (20 threads)...
CPU reference (OpenMP): 40.0322 ms/vector (20 threads).
Running CPU reference sequentially (forced 1 thread)...
CPU reference (sequential): 147.953 ms/vector.
Running GPU engine (double-buffered proper layered, emit-on-the-spot)...
[GPU Setup Debug] rows=2504, cols=1739315, alpha=2045026, total_rules=17771958, distinct_vals=2, sched_max_depth=24, sched_max_width=2178866, emit_total=11457133, num_term_emit=3467098
GPU kernel: 594.78 ms total over 50 vectors = 11.8956 ms/vector.
MEM analytic bytes: 381595860
MEM peak bytes: 369389568
ENERGY mJ/vector: 344.031
ENERGY avg power mW: 29457.9
GPU multiplication completed in 2545.32 ms.
Batched run B=128 (est. 4.17002 GB B-wide buffers)...
GPU batched (B=128): 273.739 ms/batch, 2.13859 ms/vector over 50 batches.
Batched verification: max_rel_diff=1.03854e-06  SUCCESS
Verification: max_abs_diff=0.078125, max_rel_diff=1.23185e-06, max|y|=65862.5
SUCCESS: GPU and CPU reference results match (within float precision)!
Part I (RePair): alpha=3478620, NTs=6652691, distinct values=2
Schedule builder construction time: 1595.18 ms
Terminal compaction: alpha 3478620 -> 2045026 (58.7884% kept)
Proper Layered Completed Grammar Stats:
Max depth (L): 24, Max width (w*): 2178866, Total layered rules: 17771958 (raw NTs: 6652691, +pt: 11119267), emissions: 11457133+3467098 term
--- SEMIRING: PlusTimes (+,*) ---
Running CPU reference with OpenMP (20 threads)...
CPU reference (OpenMP): 48.4188 ms/vector (20 threads).
Running CPU reference sequentially (forced 1 thread)...
CPU reference (sequential): 148.569 ms/vector.
Running GPU engine (double-buffered proper layered, emit-on-the-spot)...
[GPU Setup Debug] rows=2504, cols=1739315, alpha=2045026, total_rules=17771958, distinct_vals=2, sched_max_depth=24, sched_max_width=2178866, emit_total=11457133, num_term_emit=3467098
GPU kernel: 594.558 ms total over 50 vectors = 11.8912 ms/vector.
MEM analytic bytes: 381595860
MEM peak bytes: 369045504
ENERGY mJ/vector: 355.992
ENERGY avg power mW: 30452.5
GPU multiplication completed in 2544.26 ms.
Batched run B=256 (est. 8.34005 GB B-wide buffers)...
GPU batched (B=256): 546.344 ms/batch, 2.13416 ms/vector over 50 batches.
Batched verification: max_rel_diff=8.06219e-07  SUCCESS
Verification: max_abs_diff=0.09375, max_rel_diff=1.5324e-06, max|y|=65862.5
SUCCESS: GPU and CPU reference results match (within float precision)!
## geno_synth_small
Part I (RePair): alpha=100001, NTs=625285, distinct values=2
Schedule builder construction time: 123.842 ms
Terminal compaction: alpha 100001 -> 73039 (73.0383% kept)
Proper Layered Completed Grammar Stats:
Max depth (L): 25, Max width (w*): 224961, Total layered rules: 1850510 (raw NTs: 625285, +pt: 1225225), emissions: 709345+100487 term
--- SEMIRING: PlusTimes (+,*) ---
Running CPU reference with OpenMP (20 threads)...
CPU reference (OpenMP): 12.2267 ms/vector (20 threads).
Running CPU reference sequentially (forced 1 thread)...
CPU reference (sequential): 7.96993 ms/vector.
Running GPU engine (double-buffered proper layered, emit-on-the-spot)...
[GPU Setup Debug] rows=2000, cols=50000, alpha=73039, total_rules=1850510, distinct_vals=2, sched_max_depth=25, sched_max_width=224961, emit_total=709345, num_term_emit=100487
GPU kernel: 25.3293 ms total over 50 vectors = 0.506587 ms/vector.
MEM analytic bytes: 31568932
MEM peak bytes: 31719424
ENERGY mJ/vector: 15.64
ENERGY avg power mW: 31754
GPU multiplication completed in 1821.49 ms.
Batched run B=16 (est. 0.0367975 GB B-wide buffers)...
GPU batched (B=16): 2.24884 ms/batch, 0.140552 ms/vector over 50 batches.
Batched verification: max_rel_diff=3.58203e-07  SUCCESS
Verification: max_abs_diff=0.00195312, max_rel_diff=3.56424e-07, max|y|=5664.82
SUCCESS: GPU and CPU reference results match (within float precision)!
Part I (RePair): alpha=100001, NTs=625285, distinct values=2
Schedule builder construction time: 123.105 ms
Terminal compaction: alpha 100001 -> 73039 (73.0383% kept)
Proper Layered Completed Grammar Stats:
Max depth (L): 25, Max width (w*): 224961, Total layered rules: 1850510 (raw NTs: 625285, +pt: 1225225), emissions: 709345+100487 term
--- SEMIRING: PlusTimes (+,*) ---
Running CPU reference with OpenMP (20 threads)...
CPU reference (OpenMP): 14.6775 ms/vector (20 threads).
Running CPU reference sequentially (forced 1 thread)...
CPU reference (sequential): 7.92012 ms/vector.
Running GPU engine (double-buffered proper layered, emit-on-the-spot)...
[GPU Setup Debug] rows=2000, cols=50000, alpha=73039, total_rules=1850510, distinct_vals=2, sched_max_depth=25, sched_max_width=224961, emit_total=709345, num_term_emit=100487
GPU kernel: 25.5362 ms total over 50 vectors = 0.510723 ms/vector.
MEM analytic bytes: 31568932
MEM peak bytes: 31981568
ENERGY mJ/vector: 15.3935
ENERGY avg power mW: 31665.6
GPU multiplication completed in 1827.85 ms.
Batched run B=32 (est. 0.073595 GB B-wide buffers)...
GPU batched (B=32): 4.54672 ms/batch, 0.142085 ms/vector over 50 batches.
Batched verification: max_rel_diff=5.30566e-07  SUCCESS
Verification: max_abs_diff=0.00195312, max_rel_diff=3.56145e-07, max|y|=5664.82
SUCCESS: GPU and CPU reference results match (within float precision)!
Part I (RePair): alpha=100001, NTs=625285, distinct values=2
Schedule builder construction time: 110.767 ms
Terminal compaction: alpha 100001 -> 73039 (73.0383% kept)
Proper Layered Completed Grammar Stats:
Max depth (L): 25, Max width (w*): 224961, Total layered rules: 1850510 (raw NTs: 625285, +pt: 1225225), emissions: 709345+100487 term
--- SEMIRING: PlusTimes (+,*) ---
Running CPU reference with OpenMP (20 threads)...
CPU reference (OpenMP): 20.1575 ms/vector (20 threads).
Running CPU reference sequentially (forced 1 thread)...
CPU reference (sequential): 7.99403 ms/vector.
Running GPU engine (double-buffered proper layered, emit-on-the-spot)...
[GPU Setup Debug] rows=2000, cols=50000, alpha=73039, total_rules=1850510, distinct_vals=2, sched_max_depth=25, sched_max_width=224961, emit_total=709345, num_term_emit=100487
GPU kernel: 25.1098 ms total over 50 vectors = 0.502195 ms/vector.
MEM analytic bytes: 31568932
MEM peak bytes: 34045952
ENERGY mJ/vector: 15.3932
ENERGY avg power mW: 31733.7
GPU multiplication completed in 1822.12 ms.
Batched run B=64 (est. 0.14719 GB B-wide buffers)...
GPU batched (B=64): 9.98761 ms/batch, 0.156056 ms/vector over 50 batches.
Batched verification: max_rel_diff=3.59873e-07  SUCCESS
Verification: max_abs_diff=0.00195312, max_rel_diff=3.57001e-07, max|y|=5664.82
SUCCESS: GPU and CPU reference results match (within float precision)!
Part I (RePair): alpha=100001, NTs=625285, distinct values=2
Schedule builder construction time: 105.563 ms
Terminal compaction: alpha 100001 -> 73039 (73.0383% kept)
Proper Layered Completed Grammar Stats:
Max depth (L): 25, Max width (w*): 224961, Total layered rules: 1850510 (raw NTs: 625285, +pt: 1225225), emissions: 709345+100487 term
--- SEMIRING: PlusTimes (+,*) ---
Running CPU reference with OpenMP (20 threads)...
CPU reference (OpenMP): 9.12019 ms/vector (20 threads).
Running CPU reference sequentially (forced 1 thread)...
CPU reference (sequential): 7.93414 ms/vector.
Running GPU engine (double-buffered proper layered, emit-on-the-spot)...
[GPU Setup Debug] rows=2000, cols=50000, alpha=73039, total_rules=1850510, distinct_vals=2, sched_max_depth=25, sched_max_width=224961, emit_total=709345, num_term_emit=100487
GPU kernel: 25.2944 ms total over 50 vectors = 0.505889 ms/vector.
MEM analytic bytes: 31568932
MEM peak bytes: 31989760
ENERGY mJ/vector: 15.3348
ENERGY avg power mW: 31605.4
GPU multiplication completed in 1839.91 ms.
Batched run B=128 (est. 0.29438 GB B-wide buffers)...
GPU batched (B=128): 24.8357 ms/batch, 0.194029 ms/vector over 50 batches.
Batched verification: max_rel_diff=4.47754e-07  SUCCESS
Verification: max_abs_diff=0.00195312, max_rel_diff=3.60045e-07, max|y|=5664.82
SUCCESS: GPU and CPU reference results match (within float precision)!
Part I (RePair): alpha=100001, NTs=625285, distinct values=2
Schedule builder construction time: 108.809 ms
Terminal compaction: alpha 100001 -> 73039 (73.0383% kept)
Proper Layered Completed Grammar Stats:
Max depth (L): 25, Max width (w*): 224961, Total layered rules: 1850510 (raw NTs: 625285, +pt: 1225225), emissions: 709345+100487 term
--- SEMIRING: PlusTimes (+,*) ---
Running CPU reference with OpenMP (20 threads)...
CPU reference (OpenMP): 18.5672 ms/vector (20 threads).
Running CPU reference sequentially (forced 1 thread)...
CPU reference (sequential): 7.94487 ms/vector.
Running GPU engine (double-buffered proper layered, emit-on-the-spot)...
[GPU Setup Debug] rows=2000, cols=50000, alpha=73039, total_rules=1850510, distinct_vals=2, sched_max_depth=25, sched_max_width=224961, emit_total=709345, num_term_emit=100487
GPU kernel: 25.0772 ms total over 50 vectors = 0.501543 ms/vector.
MEM analytic bytes: 31568932
MEM peak bytes: 32239616
ENERGY mJ/vector: 15.3214
ENERGY avg power mW: 31472.5
GPU multiplication completed in 1824.58 ms.
Batched run B=256 (est. 0.58876 GB B-wide buffers)...
GPU batched (B=256): 41.2231 ms/batch, 0.161028 ms/vector over 50 batches.
Batched verification: max_rel_diff=4.46995e-07  SUCCESS
Verification: max_abs_diff=0.00195312, max_rel_diff=3.53425e-07, max|y|=5664.82
SUCCESS: GPU and CPU reference results match (within float precision)!
## geno_synth_large
Part I (RePair): alpha=400001, NTs=3944953, distinct values=2
Schedule builder construction time: 826.121 ms
Terminal compaction: alpha 400001 -> 292648 (73.1618% kept)
Proper Layered Completed Grammar Stats:
Max depth (L): 29, Max width (w*): 1394305, Total layered rules: 12234852 (raw NTs: 3944953, +pt: 8289899), emissions: 4436173+456949 term
--- SEMIRING: PlusTimes (+,*) ---
Running CPU reference with OpenMP (20 threads)...
CPU reference (OpenMP): 24.2484 ms/vector (20 threads).
Running CPU reference sequentially (forced 1 thread)...
CPU reference (sequential): 53.6047 ms/vector.
Running GPU engine (double-buffered proper layered, emit-on-the-spot)...
[GPU Setup Debug] rows=5000, cols=200000, alpha=292648, total_rules=12234852, distinct_vals=2, sched_max_depth=29, sched_max_width=1394305, emit_total=4436173, num_term_emit=456949
GPU kernel: 160.503 ms total over 50 vectors = 3.21005 ms/vector.
MEM analytic bytes: 201449416
MEM peak bytes: 201719808
ENERGY mJ/vector: 101.194
ENERGY avg power mW: 34930.7
GPU multiplication completed in 2071.21 ms.
Batched run B=16 (est. 0.210321 GB B-wide buffers)...
GPU batched (B=16): 19.6476 ms/batch, 1.22797 ms/vector over 50 batches.
Batched verification: max_rel_diff=5.78388e-07  SUCCESS
Verification: max_abs_diff=0.015625, max_rel_diff=7.70541e-07, max|y|=20541.2
SUCCESS: GPU and CPU reference results match (within float precision)!
Part I (RePair): alpha=400001, NTs=3944953, distinct values=2
Schedule builder construction time: 833.748 ms
Terminal compaction: alpha 400001 -> 292648 (73.1618% kept)
Proper Layered Completed Grammar Stats:
Max depth (L): 29, Max width (w*): 1394305, Total layered rules: 12234852 (raw NTs: 3944953, +pt: 8289899), emissions: 4436173+456949 term
--- SEMIRING: PlusTimes (+,*) ---
Running CPU reference with OpenMP (20 threads)...
CPU reference (OpenMP): 31.3203 ms/vector (20 threads).
Running CPU reference sequentially (forced 1 thread)...
CPU reference (sequential): 51.1981 ms/vector.
Running GPU engine (double-buffered proper layered, emit-on-the-spot)...
[GPU Setup Debug] rows=5000, cols=200000, alpha=292648, total_rules=12234852, distinct_vals=2, sched_max_depth=29, sched_max_width=1394305, emit_total=4436173, num_term_emit=456949
GPU kernel: 154.576 ms total over 50 vectors = 3.09152 ms/vector.
MEM analytic bytes: 201449416
MEM peak bytes: 205914112
ENERGY mJ/vector: 108.073
ENERGY avg power mW: 37005.9
GPU multiplication completed in 2020.72 ms.
Batched run B=32 (est. 0.420641 GB B-wide buffers)...
GPU batched (B=32): 33.1344 ms/batch, 1.03545 ms/vector over 50 batches.
Batched verification: max_rel_diff=4.85098e-07  SUCCESS
Verification: max_abs_diff=0.015625, max_rel_diff=7.70541e-07, max|y|=20541.2
SUCCESS: GPU and CPU reference results match (within float precision)!
Part I (RePair): alpha=400001, NTs=3944953, distinct values=2
Schedule builder construction time: 832.352 ms
Terminal compaction: alpha 400001 -> 292648 (73.1618% kept)
Proper Layered Completed Grammar Stats:
Max depth (L): 29, Max width (w*): 1394305, Total layered rules: 12234852 (raw NTs: 3944953, +pt: 8289899), emissions: 4436173+456949 term
--- SEMIRING: PlusTimes (+,*) ---
Running CPU reference with OpenMP (20 threads)...
CPU reference (OpenMP): 24.0281 ms/vector (20 threads).
Running CPU reference sequentially (forced 1 thread)...
CPU reference (sequential): 51.5778 ms/vector.
Running GPU engine (double-buffered proper layered, emit-on-the-spot)...
[GPU Setup Debug] rows=5000, cols=200000, alpha=292648, total_rules=12234852, distinct_vals=2, sched_max_depth=29, sched_max_width=1394305, emit_total=4436173, num_term_emit=456949
GPU kernel: 154.922 ms total over 50 vectors = 3.09844 ms/vector.
MEM analytic bytes: 201449416
MEM peak bytes: 206143488
ENERGY mJ/vector: 101.831
ENERGY avg power mW: 35050
GPU multiplication completed in 2025.89 ms.
Batched run B=64 (est. 0.841282 GB B-wide buffers)...
GPU batched (B=64): 66.3732 ms/batch, 1.03708 ms/vector over 50 batches.
Batched verification: max_rel_diff=5.78509e-07  SUCCESS
Verification: max_abs_diff=0.015625, max_rel_diff=7.70541e-07, max|y|=20541.2
SUCCESS: GPU and CPU reference results match (within float precision)!
Part I (RePair): alpha=400001, NTs=3944953, distinct values=2
Schedule builder construction time: 837.997 ms
Terminal compaction: alpha 400001 -> 292648 (73.1618% kept)
Proper Layered Completed Grammar Stats:
Max depth (L): 29, Max width (w*): 1394305, Total layered rules: 12234852 (raw NTs: 3944953, +pt: 8289899), emissions: 4436173+456949 term
--- SEMIRING: PlusTimes (+,*) ---
Running CPU reference with OpenMP (20 threads)...
CPU reference (OpenMP): 31.2817 ms/vector (20 threads).
Running CPU reference sequentially (forced 1 thread)...
CPU reference (sequential): 51.1874 ms/vector.
Running GPU engine (double-buffered proper layered, emit-on-the-spot)...
[GPU Setup Debug] rows=5000, cols=200000, alpha=292648, total_rules=12234852, distinct_vals=2, sched_max_depth=29, sched_max_width=1394305, emit_total=4436173, num_term_emit=456949
GPU kernel: 152.194 ms total over 50 vectors = 3.04387 ms/vector.
MEM analytic bytes: 201449416
MEM peak bytes: 206688256
ENERGY mJ/vector: 103.327
ENERGY avg power mW: 35538.1
GPU multiplication completed in 1991.31 ms.
Batched run B=128 (est. 1.68256 GB B-wide buffers)...
GPU batched (B=128): 133.147 ms/batch, 1.04021 ms/vector over 50 batches.
Batched verification: max_rel_diff=5.75432e-07  SUCCESS
Verification: max_abs_diff=0.0117188, max_rel_diff=5.82175e-07, max|y|=20541.2
SUCCESS: GPU and CPU reference results match (within float precision)!
Part I (RePair): alpha=400001, NTs=3944953, distinct values=2
Schedule builder construction time: 918.634 ms
Terminal compaction: alpha 400001 -> 292648 (73.1618% kept)
Proper Layered Completed Grammar Stats:
Max depth (L): 29, Max width (w*): 1394305, Total layered rules: 12234852 (raw NTs: 3944953, +pt: 8289899), emissions: 4436173+456949 term
--- SEMIRING: PlusTimes (+,*) ---
Running CPU reference with OpenMP (20 threads)...
CPU reference (OpenMP): 28.0179 ms/vector (20 threads).
Running CPU reference sequentially (forced 1 thread)...
CPU reference (sequential): 53.6926 ms/vector.
Running GPU engine (double-buffered proper layered, emit-on-the-spot)...
[GPU Setup Debug] rows=5000, cols=200000, alpha=292648, total_rules=12234852, distinct_vals=2, sched_max_depth=29, sched_max_width=1394305, emit_total=4436173, num_term_emit=456949
GPU kernel: 150.939 ms total over 50 vectors = 3.01877 ms/vector.
MEM analytic bytes: 201449416
MEM peak bytes: 202981376
ENERGY mJ/vector: 104.498
ENERGY avg power mW: 35953.5
GPU multiplication completed in 1996.07 ms.
Batched run B=256 (est. 3.36513 GB B-wide buffers)...
GPU batched (B=256): 274.529 ms/batch, 1.07238 ms/vector over 50 batches.
Batched verification: max_rel_diff=7.71809e-07  SUCCESS
Verification: max_abs_diff=0.0117188, max_rel_diff=5.78483e-07, max|y|=20541.2
SUCCESS: GPU and CPU reference results match (within float precision)!
## geno_synth_ld_high
Part I (RePair): alpha=200001, NTs=1569951, distinct values=2
Schedule builder construction time: 326.923 ms
Terminal compaction: alpha 200001 -> 146080 (73.0396% kept)
Proper Layered Completed Grammar Stats:
Max depth (L): 30, Max width (w*): 498368, Total layered rules: 5117569 (raw NTs: 1569951, +pt: 3547618), emissions: 1483434+190689 term
--- SEMIRING: PlusTimes (+,*) ---
Running CPU reference with OpenMP (20 threads)...
CPU reference (OpenMP): 12.367 ms/vector (20 threads).
Running CPU reference sequentially (forced 1 thread)...
CPU reference (sequential): 17.772 ms/vector.
Running GPU engine (double-buffered proper layered, emit-on-the-spot)...
[GPU Setup Debug] rows=5000, cols=100000, alpha=146080, total_rules=5117569, distinct_vals=2, sched_max_depth=30, sched_max_width=498368, emit_total=1483434, num_term_emit=190689
GPU kernel: 53.0965 ms total over 50 vectors = 1.06193 ms/vector.
MEM analytic bytes: 80963716
MEM peak bytes: 83689472
ENERGY mJ/vector: 33.6475
ENERGY avg power mW: 35745.5
GPU multiplication completed in 1887.31 ms.
Batched run B=16 (est. 0.0798602 GB B-wide buffers)...
GPU batched (B=16): 7.04451 ms/batch, 0.440282 ms/vector over 50 batches.
Batched verification: max_rel_diff=4.55596e-07  SUCCESS
Verification: max_abs_diff=0.00390625, max_rel_diff=3.28375e-07, max|y|=14506.9
SUCCESS: GPU and CPU reference results match (within float precision)!
Part I (RePair): alpha=200001, NTs=1569951, distinct values=2
Schedule builder construction time: 331.363 ms
Terminal compaction: alpha 200001 -> 146080 (73.0396% kept)
Proper Layered Completed Grammar Stats:
Max depth (L): 30, Max width (w*): 498368, Total layered rules: 5117569 (raw NTs: 1569951, +pt: 3547618), emissions: 1483434+190689 term
--- SEMIRING: PlusTimes (+,*) ---
Running CPU reference with OpenMP (20 threads)...
CPU reference (OpenMP): 26.3396 ms/vector (20 threads).
Running CPU reference sequentially (forced 1 thread)...
CPU reference (sequential): 18.2354 ms/vector.
Running GPU engine (double-buffered proper layered, emit-on-the-spot)...
[GPU Setup Debug] rows=5000, cols=100000, alpha=146080, total_rules=5117569, distinct_vals=2, sched_max_depth=30, sched_max_width=498368, emit_total=1483434, num_term_emit=190689
GPU kernel: 49.909 ms total over 50 vectors = 0.998179 ms/vector.
MEM analytic bytes: 80963716
MEM peak bytes: 79495168
ENERGY mJ/vector: 33.345
ENERGY avg power mW: 35437.9
GPU multiplication completed in 1861.36 ms.
Batched run B=32 (est. 0.15972 GB B-wide buffers)...
GPU batched (B=32): 12.147 ms/batch, 0.379593 ms/vector over 50 batches.
Batched verification: max_rel_diff=4.74297e-07  SUCCESS
Verification: max_abs_diff=0.00390625, max_rel_diff=3.03731e-07, max|y|=14506.9
SUCCESS: GPU and CPU reference results match (within float precision)!
Part I (RePair): alpha=200001, NTs=1569951, distinct values=2
Schedule builder construction time: 340.431 ms
Terminal compaction: alpha 200001 -> 146080 (73.0396% kept)
Proper Layered Completed Grammar Stats:
Max depth (L): 30, Max width (w*): 498368, Total layered rules: 5117569 (raw NTs: 1569951, +pt: 3547618), emissions: 1483434+190689 term
--- SEMIRING: PlusTimes (+,*) ---
Running CPU reference with OpenMP (20 threads)...
CPU reference (OpenMP): 14.5799 ms/vector (20 threads).
Running CPU reference sequentially (forced 1 thread)...
CPU reference (sequential): 17.8693 ms/vector.
Running GPU engine (double-buffered proper layered, emit-on-the-spot)...
[GPU Setup Debug] rows=5000, cols=100000, alpha=146080, total_rules=5117569, distinct_vals=2, sched_max_depth=30, sched_max_width=498368, emit_total=1483434, num_term_emit=190689
GPU kernel: 50.4587 ms total over 50 vectors = 1.00917 ms/vector.
MEM analytic bytes: 80963716
MEM peak bytes: 79495168
ENERGY mJ/vector: 33.4675
ENERGY avg power mW: 35674.3
GPU multiplication completed in 1849.75 ms.
Batched run B=64 (est. 0.319441 GB B-wide buffers)...
GPU batched (B=64): 25.7448 ms/batch, 0.402262 ms/vector over 50 batches.
Batched verification: max_rel_diff=4.74297e-07  SUCCESS
Verification: max_abs_diff=0.00488281, max_rel_diff=3.72699e-07, max|y|=14506.9
SUCCESS: GPU and CPU reference results match (within float precision)!
Part I (RePair): alpha=200001, NTs=1569951, distinct values=2
Schedule builder construction time: 319.355 ms
Terminal compaction: alpha 200001 -> 146080 (73.0396% kept)
Proper Layered Completed Grammar Stats:
Max depth (L): 30, Max width (w*): 498368, Total layered rules: 5117569 (raw NTs: 1569951, +pt: 3547618), emissions: 1483434+190689 term
--- SEMIRING: PlusTimes (+,*) ---
Running CPU reference with OpenMP (20 threads)...
CPU reference (OpenMP): 17.6702 ms/vector (20 threads).
Running CPU reference sequentially (forced 1 thread)...
CPU reference (sequential): 17.9018 ms/vector.
Running GPU engine (double-buffered proper layered, emit-on-the-spot)...
[GPU Setup Debug] rows=5000, cols=100000, alpha=146080, total_rules=5117569, distinct_vals=2, sched_max_depth=30, sched_max_width=498368, emit_total=1483434, num_term_emit=190689
GPU kernel: 50.8974 ms total over 50 vectors = 1.01795 ms/vector.
MEM analytic bytes: 80963716
MEM peak bytes: 83689472
ENERGY mJ/vector: 33.3156
ENERGY avg power mW: 35366.5
GPU multiplication completed in 1866.88 ms.
Batched run B=128 (est. 0.638882 GB B-wide buffers)...
GPU batched (B=128): 52.0531 ms/batch, 0.406665 ms/vector over 50 batches.
Batched verification: max_rel_diff=4.09832e-07  SUCCESS
Verification: max_abs_diff=0.00390625, max_rel_diff=3.1682e-07, max|y|=14506.9
SUCCESS: GPU and CPU reference results match (within float precision)!
Part I (RePair): alpha=200001, NTs=1569951, distinct values=2
Schedule builder construction time: 322.138 ms
Terminal compaction: alpha 200001 -> 146080 (73.0396% kept)
Proper Layered Completed Grammar Stats:
Max depth (L): 30, Max width (w*): 498368, Total layered rules: 5117569 (raw NTs: 1569951, +pt: 3547618), emissions: 1483434+190689 term
--- SEMIRING: PlusTimes (+,*) ---
Running CPU reference with OpenMP (20 threads)...
CPU reference (OpenMP): 17.3491 ms/vector (20 threads).
Running CPU reference sequentially (forced 1 thread)...
CPU reference (sequential): 17.7841 ms/vector.
Running GPU engine (double-buffered proper layered, emit-on-the-spot)...
[GPU Setup Debug] rows=5000, cols=100000, alpha=146080, total_rules=5117569, distinct_vals=2, sched_max_depth=30, sched_max_width=498368, emit_total=1483434, num_term_emit=190689
GPU kernel: 50.168 ms total over 50 vectors = 1.00336 ms/vector.
MEM analytic bytes: 80963716
MEM peak bytes: 77496320
ENERGY mJ/vector: 33.3738
ENERGY avg power mW: 35567.3
GPU multiplication completed in 1860.61 ms.
Batched run B=256 (est. 1.27776 GB B-wide buffers)...
GPU batched (B=256): 105.163 ms/batch, 0.410792 ms/vector over 50 batches.
Batched verification: max_rel_diff=3.87174e-07  SUCCESS
Verification: max_abs_diff=0.00390625, max_rel_diff=3.28375e-07, max|y|=14506.9
SUCCESS: GPU and CPU reference results match (within float precision)!
## geno_synth_ld_low
Part I (RePair): alpha=200001, NTs=3471140, distinct values=2
Schedule builder construction time: 685.384 ms
Terminal compaction: alpha 200001 -> 146620 (73.3096% kept)
Proper Layered Completed Grammar Stats:
Max depth (L): 21, Max width (w*): 1537556, Total layered rules: 8317253 (raw NTs: 3471140, +pt: 4846113), emissions: 6940047+494886 term
--- SEMIRING: PlusTimes (+,*) ---
Running CPU reference with OpenMP (20 threads)...
CPU reference (OpenMP): 25.2366 ms/vector (20 threads).
Running CPU reference sequentially (forced 1 thread)...
CPU reference (sequential): 64.4988 ms/vector.
Running GPU engine (double-buffered proper layered, emit-on-the-spot)...
[GPU Setup Debug] rows=5000, cols=100000, alpha=146620, total_rules=8317253, distinct_vals=2, sched_max_depth=21, sched_max_width=1537556, emit_total=6940047, num_term_emit=494886
GPU kernel: 193.885 ms total over 50 vectors = 3.8777 ms/vector.
MEM analytic bytes: 173766388
MEM peak bytes: 177864704
ENERGY mJ/vector: 121.507
ENERGY avg power mW: 32665.6
GPU multiplication completed in 2058.81 ms.
Batched run B=16 (est. 0.212911 GB B-wide buffers)...
GPU batched (B=16): 15.8496 ms/batch, 0.990598 ms/vector over 50 batches.
Batched verification: max_rel_diff=9.46295e-07  SUCCESS
Verification: max_abs_diff=0.0117188, max_rel_diff=1.13313e-06, max|y|=10572.8
SUCCESS: GPU and CPU reference results match (within float precision)!
Part I (RePair): alpha=200001, NTs=3471140, distinct values=2
Schedule builder construction time: 686.597 ms
Terminal compaction: alpha 200001 -> 146620 (73.3096% kept)
Proper Layered Completed Grammar Stats:
Max depth (L): 21, Max width (w*): 1537556, Total layered rules: 8317253 (raw NTs: 3471140, +pt: 4846113), emissions: 6940047+494886 term
--- SEMIRING: PlusTimes (+,*) ---
Running CPU reference with OpenMP (20 threads)...
CPU reference (OpenMP): 25.2596 ms/vector (20 threads).
Running CPU reference sequentially (forced 1 thread)...
CPU reference (sequential): 64.5196 ms/vector.
Running GPU engine (double-buffered proper layered, emit-on-the-spot)...
[GPU Setup Debug] rows=5000, cols=100000, alpha=146620, total_rules=8317253, distinct_vals=2, sched_max_depth=21, sched_max_width=1537556, emit_total=6940047, num_term_emit=494886
GPU kernel: 188.751 ms total over 50 vectors = 3.77502 ms/vector.
MEM analytic bytes: 173766388
MEM peak bytes: 172306432
ENERGY mJ/vector: 129.373
ENERGY avg power mW: 34987.1
GPU multiplication completed in 2012.04 ms.
Batched run B=32 (est. 0.425822 GB B-wide buffers)...
GPU batched (B=32): 32.2763 ms/batch, 1.00863 ms/vector over 50 batches.
Batched verification: max_rel_diff=9.48907e-07  SUCCESS
Verification: max_abs_diff=0.00976562, max_rel_diff=9.46295e-07, max|y|=10572.8
SUCCESS: GPU and CPU reference results match (within float precision)!
Part I (RePair): alpha=200001, NTs=3471140, distinct values=2
Schedule builder construction time: 740.81 ms
Terminal compaction: alpha 200001 -> 146620 (73.3096% kept)
Proper Layered Completed Grammar Stats:
Max depth (L): 21, Max width (w*): 1537556, Total layered rules: 8317253 (raw NTs: 3471140, +pt: 4846113), emissions: 6940047+494886 term
--- SEMIRING: PlusTimes (+,*) ---
Running CPU reference with OpenMP (20 threads)...
CPU reference (OpenMP): 20.6803 ms/vector (20 threads).
Running CPU reference sequentially (forced 1 thread)...
CPU reference (sequential): 66.7512 ms/vector.
Running GPU engine (double-buffered proper layered, emit-on-the-spot)...
[GPU Setup Debug] rows=5000, cols=100000, alpha=146620, total_rules=8317253, distinct_vals=2, sched_max_depth=21, sched_max_width=1537556, emit_total=6940047, num_term_emit=494886
GPU kernel: 201.019 ms total over 50 vectors = 4.02038 ms/vector.
MEM analytic bytes: 173766388
MEM peak bytes: 177864704
ENERGY mJ/vector: 120.024
ENERGY avg power mW: 32262.1
GPU multiplication completed in 2106.67 ms.
Batched run B=64 (est. 0.851643 GB B-wide buffers)...
GPU batched (B=64): 68.286 ms/batch, 1.06697 ms/vector over 50 batches.
Batched verification: max_rel_diff=8.53971e-07  SUCCESS
Verification: max_abs_diff=0.0117188, max_rel_diff=1.13639e-06, max|y|=10572.8
SUCCESS: GPU and CPU reference results match (within float precision)!
Part I (RePair): alpha=200001, NTs=3471140, distinct values=2
Schedule builder construction time: 671.777 ms
Terminal compaction: alpha 200001 -> 146620 (73.3096% kept)
Proper Layered Completed Grammar Stats:
Max depth (L): 21, Max width (w*): 1537556, Total layered rules: 8317253 (raw NTs: 3471140, +pt: 4846113), emissions: 6940047+494886 term
--- SEMIRING: PlusTimes (+,*) ---
Running CPU reference with OpenMP (20 threads)...
CPU reference (OpenMP): 24.0444 ms/vector (20 threads).
Running CPU reference sequentially (forced 1 thread)...
CPU reference (sequential): 66.5453 ms/vector.
Running GPU engine (double-buffered proper layered, emit-on-the-spot)...
[GPU Setup Debug] rows=5000, cols=100000, alpha=146620, total_rules=8317253, distinct_vals=2, sched_max_depth=21, sched_max_width=1537556, emit_total=6940047, num_term_emit=494886
GPU kernel: 190.571 ms total over 50 vectors = 3.81141 ms/vector.
MEM analytic bytes: 173766388
MEM peak bytes: 182427648
ENERGY mJ/vector: 120.144
ENERGY avg power mW: 32708.5
GPU multiplication completed in 2015.62 ms.
Batched run B=128 (est. 1.70329 GB B-wide buffers)...
GPU batched (B=128): 122.305 ms/batch, 0.955512 ms/vector over 50 batches.
Batched verification: max_rel_diff=9.54852e-07  SUCCESS
Verification: max_abs_diff=0.0107422, max_rel_diff=1.0416e-06, max|y|=10572.8
SUCCESS: GPU and CPU reference results match (within float precision)!
Part I (RePair): alpha=200001, NTs=3471140, distinct values=2
Schedule builder construction time: 678.829 ms
Terminal compaction: alpha 200001 -> 146620 (73.3096% kept)
Proper Layered Completed Grammar Stats:
Max depth (L): 21, Max width (w*): 1537556, Total layered rules: 8317253 (raw NTs: 3471140, +pt: 4846113), emissions: 6940047+494886 term
--- SEMIRING: PlusTimes (+,*) ---
Running CPU reference with OpenMP (20 threads)...
CPU reference (OpenMP): 23.4006 ms/vector (20 threads).
Running CPU reference sequentially (forced 1 thread)...
CPU reference (sequential): 64.4782 ms/vector.
Running GPU engine (double-buffered proper layered, emit-on-the-spot)...
[GPU Setup Debug] rows=5000, cols=100000, alpha=146620, total_rules=8317253, distinct_vals=2, sched_max_depth=21, sched_max_width=1537556, emit_total=6940047, num_term_emit=494886
GPU kernel: 192.237 ms total over 50 vectors = 3.84474 ms/vector.
MEM analytic bytes: 173766388
MEM peak bytes: 178094080
ENERGY mJ/vector: 120.112
ENERGY avg power mW: 32304.5
GPU multiplication completed in 2059.16 ms.
Batched run B=256 (est. 3.40657 GB B-wide buffers)...
GPU batched (B=256): 241.934 ms/batch, 0.945054 ms/vector over 50 batches.
Batched verification: max_rel_diff=8.56795e-07  SUCCESS
Verification: max_abs_diff=0.0117188, max_rel_diff=1.12684e-06, max|y|=10572.8
SUCCESS: GPU and CPU reference results match (within float precision)!
## geno_synth_ind_large
Part I (RePair): alpha=99999, NTs=1400638, distinct values=2
Schedule builder construction time: 284.542 ms
Terminal compaction: alpha 99999 -> 73435 (73.4357% kept)
Proper Layered Completed Grammar Stats:
Max depth (L): 30, Max width (w*): 489845, Total layered rules: 4481729 (raw NTs: 1400638, +pt: 3081091), emissions: 1574872+126395 term
--- SEMIRING: PlusTimes (+,*) ---
Running CPU reference with OpenMP (20 threads)...
CPU reference (OpenMP): 18.4662 ms/vector (20 threads).
Running CPU reference sequentially (forced 1 thread)...
CPU reference (sequential): 17.0785 ms/vector.
Running GPU engine (double-buffered proper layered, emit-on-the-spot)...
[GPU Setup Debug] rows=10000, cols=50000, alpha=73435, total_rules=4481729, distinct_vals=2, sched_max_depth=30, sched_max_width=489845, emit_total=1574872, num_term_emit=126395
GPU kernel: 41.2059 ms total over 50 vectors = 0.824118 ms/vector.
MEM analytic bytes: 72430864
MEM peak bytes: 76808192
ENERGY mJ/vector: 28.5347
ENERGY avg power mW: 36691.5
GPU multiplication completed in 1836.85 ms.
Batched run B=16 (est. 0.07124 GB B-wide buffers)...
GPU batched (B=16): 5.34173 ms/batch, 0.333858 ms/vector over 50 batches.
Batched verification: max_rel_diff=4.08758e-07  SUCCESS
Verification: max_abs_diff=0.000976562, max_rel_diff=2.14076e-07, max|y|=4814.74
SUCCESS: GPU and CPU reference results match (within float precision)!
Part I (RePair): alpha=99999, NTs=1400638, distinct values=2
Schedule builder construction time: 295.448 ms
Terminal compaction: alpha 99999 -> 73435 (73.4357% kept)
Proper Layered Completed Grammar Stats:
Max depth (L): 30, Max width (w*): 489845, Total layered rules: 4481729 (raw NTs: 1400638, +pt: 3081091), emissions: 1574872+126395 term
--- SEMIRING: PlusTimes (+,*) ---
Running CPU reference with OpenMP (20 threads)...
CPU reference (OpenMP): 13.4215 ms/vector (20 threads).
Running CPU reference sequentially (forced 1 thread)...
CPU reference (sequential): 16.7993 ms/vector.
Running GPU engine (double-buffered proper layered, emit-on-the-spot)...
[GPU Setup Debug] rows=10000, cols=50000, alpha=73435, total_rules=4481729, distinct_vals=2, sched_max_depth=30, sched_max_width=489845, emit_total=1574872, num_term_emit=126395
GPU kernel: 42.0002 ms total over 50 vectors = 0.840004 ms/vector.
MEM analytic bytes: 72430864
MEM peak bytes: 72613888
ENERGY mJ/vector: 28.6046
ENERGY avg power mW: 36861.7
GPU multiplication completed in 1859.23 ms.
Batched run B=32 (est. 0.14248 GB B-wide buffers)...
GPU batched (B=32): 11.1626 ms/batch, 0.348831 ms/vector over 50 batches.
Batched verification: max_rel_diff=3.19067e-07  SUCCESS
Verification: max_abs_diff=0.00146484, max_rel_diff=3.0806e-07, max|y|=4814.74
SUCCESS: GPU and CPU reference results match (within float precision)!
Part I (RePair): alpha=99999, NTs=1400638, distinct values=2
Schedule builder construction time: 307.149 ms
Terminal compaction: alpha 99999 -> 73435 (73.4357% kept)
Proper Layered Completed Grammar Stats:
Max depth (L): 30, Max width (w*): 489845, Total layered rules: 4481729 (raw NTs: 1400638, +pt: 3081091), emissions: 1574872+126395 term
--- SEMIRING: PlusTimes (+,*) ---
Running CPU reference with OpenMP (20 threads)...
CPU reference (OpenMP): 23.5927 ms/vector (20 threads).
Running CPU reference sequentially (forced 1 thread)...
CPU reference (sequential): 17.1021 ms/vector.
Running GPU engine (double-buffered proper layered, emit-on-the-spot)...
[GPU Setup Debug] rows=10000, cols=50000, alpha=73435, total_rules=4481729, distinct_vals=2, sched_max_depth=30, sched_max_width=489845, emit_total=1574872, num_term_emit=126395
GPU kernel: 40.6439 ms total over 50 vectors = 0.812879 ms/vector.
MEM analytic bytes: 72430864
MEM peak bytes: 76808192
ENERGY mJ/vector: 28.5984
ENERGY avg power mW: 36788.9
GPU multiplication completed in 1844.59 ms.
Batched run B=64 (est. 0.28496 GB B-wide buffers)...
GPU batched (B=64): 21.7879 ms/batch, 0.340436 ms/vector over 50 batches.
Batched verification: max_rel_diff=3.19878e-07  SUCCESS
Verification: max_abs_diff=0.00146484, max_rel_diff=3.15464e-07, max|y|=4814.74
SUCCESS: GPU and CPU reference results match (within float precision)!
Part I (RePair): alpha=99999, NTs=1400638, distinct values=2
Schedule builder construction time: 292.202 ms
Terminal compaction: alpha 99999 -> 73435 (73.4357% kept)
Proper Layered Completed Grammar Stats:
Max depth (L): 30, Max width (w*): 489845, Total layered rules: 4481729 (raw NTs: 1400638, +pt: 3081091), emissions: 1574872+126395 term
--- SEMIRING: PlusTimes (+,*) ---
Running CPU reference with OpenMP (20 threads)...
CPU reference (OpenMP): 20.2307 ms/vector (20 threads).
Running CPU reference sequentially (forced 1 thread)...
CPU reference (sequential): 17.0067 ms/vector.
Running GPU engine (double-buffered proper layered, emit-on-the-spot)...
[GPU Setup Debug] rows=10000, cols=50000, alpha=73435, total_rules=4481729, distinct_vals=2, sched_max_depth=30, sched_max_width=489845, emit_total=1574872, num_term_emit=126395
GPU kernel: 40.7678 ms total over 50 vectors = 0.815356 ms/vector.
MEM analytic bytes: 72430864
MEM peak bytes: 76808192
ENERGY mJ/vector: 28.882
ENERGY avg power mW: 37196
GPU multiplication completed in 1848.03 ms.
Batched run B=128 (est. 0.56992 GB B-wide buffers)...
GPU batched (B=128): 44.7146 ms/batch, 0.349333 ms/vector over 50 batches.
Batched verification: max_rel_diff=4.15427e-07  SUCCESS
Verification: max_abs_diff=0.00146484, max_rel_diff=3.0806e-07, max|y|=4814.74
SUCCESS: GPU and CPU reference results match (within float precision)!
Part I (RePair): alpha=99999, NTs=1400638, distinct values=2
Schedule builder construction time: 275.196 ms
Terminal compaction: alpha 99999 -> 73435 (73.4357% kept)
Proper Layered Completed Grammar Stats:
Max depth (L): 30, Max width (w*): 489845, Total layered rules: 4481729 (raw NTs: 1400638, +pt: 3081091), emissions: 1574872+126395 term
--- SEMIRING: PlusTimes (+,*) ---
Running CPU reference with OpenMP (20 threads)...
CPU reference (OpenMP): 25.7986 ms/vector (20 threads).
Running CPU reference sequentially (forced 1 thread)...
CPU reference (sequential): 17.1338 ms/vector.
Running GPU engine (double-buffered proper layered, emit-on-the-spot)...
[GPU Setup Debug] rows=10000, cols=50000, alpha=73435, total_rules=4481729, distinct_vals=2, sched_max_depth=30, sched_max_width=489845, emit_total=1574872, num_term_emit=126395
GPU kernel: 40.7487 ms total over 50 vectors = 0.814974 ms/vector.
MEM analytic bytes: 72430864
MEM peak bytes: 76808192
ENERGY mJ/vector: 29.4601
ENERGY avg power mW: 37867.2
GPU multiplication completed in 1846.94 ms.
Batched run B=256 (est. 1.13984 GB B-wide buffers)...
GPU batched (B=256): 92.4686 ms/batch, 0.361206 ms/vector over 50 batches.
Batched verification: max_rel_diff=4.18628e-07  SUCCESS
Verification: max_abs_diff=0.000976562, max_rel_diff=2.14076e-07, max|y|=4814.74
SUCCESS: GPU and CPU reference results match (within float precision)!
