# GENERATED by reproduce.sh -- raw experiment log, parsed by extract_results.py
# date:   2026-07-14T19:57:10+02:00
# host:   spark-a459  (Linux 6.17.0-1021-nvidia aarch64)
# commit: b9c4505
## geno22

#### 2026-07-14 19:57:10
 Command line: ./mm-repair/matrepair -r --i32 geno/geno22 2504 100000 
Setting memory for each repair instance to 110309 MBs
Sending logging messages to file: geno/geno22.log
==== Conversion bin/csv->csrv
Command: /mnt/nfs/home/tosoni/mm-grammar-gpu/mm-repair/bin2csrvi -b 1   geno/geno22 2504 100000
Conversion time: 8.9832
==== Repair compression
Command: /mnt/nfs/home/tosoni/mm-grammar-gpu/mm-repair/brepair/irepair0 geno/geno22.vc 110309
Repair time: 3.7931
==== Integer vector .C compression
Command: /mnt/nfs/home/tosoni/mm-grammar-gpu/mm-repair/sdsl/encode.x geno/geno22.vc.C 
==== Integer vector .R compression
Command: /mnt/nfs/home/tosoni/mm-grammar-gpu/mm-repair/sdsl/encode.x geno/geno22.vc.R 
Integer vector compression time: 0.0907
==== Ans-fold compression
Command: /mnt/nfs/home/tosoni/mm-grammar-gpu/mm-repair/ans/encode.x geno/geno22.vc.C 
Ans-fold time: 0.1536
Elapsed time: 13.0207
==== Compression Report:
 >> matrix name: geno/geno22
 >> conversion time: 8.98
 >> repair time: 3.79
 >> integer vectors time: 0.09
 >> ansf time: 0.15
 >> total time: 13.02
 >> matrix log(alpha)xNumEntries size: 31300000 bytes
 >> matrix dense size: 1001600000 bytes
 >> total number of nonzero: 12582213 (5.02%)
 >> number of distinct nonzero: 2
 >> CRSV  size: 50338876 bytes  (5.03%)
 >> RE32  size: 7948084 bytes  (0.79%)
 >> REIV  size: 4967586 bytes  (0.50%)
 >> REANS size: 4845342 bytes  (0.48%)
==== Done
## geno22full

#### 2026-07-14 19:57:23
 Command line: ./mm-repair/matrepair -r --i32 geno/geno22full 2504 1055454 
Setting memory for each repair instance to 110309 MBs
Sending logging messages to file: geno/geno22full.log
==== Conversion bin/csv->csrv
Command: /mnt/nfs/home/tosoni/mm-grammar-gpu/mm-repair/bin2csrvi -b 1   geno/geno22full 2504 1055454
Conversion time: 93.2970
==== Repair compression
Command: /mnt/nfs/home/tosoni/mm-grammar-gpu/mm-repair/brepair/irepair0 geno/geno22full.vc 110309
Repair time: 64.8136
==== Integer vector .C compression
Command: /mnt/nfs/home/tosoni/mm-grammar-gpu/mm-repair/sdsl/encode.x geno/geno22full.vc.C 
==== Integer vector .R compression
Command: /mnt/nfs/home/tosoni/mm-grammar-gpu/mm-repair/sdsl/encode.x geno/geno22full.vc.R 
Integer vector compression time: 0.7356
==== Ans-fold compression
Command: /mnt/nfs/home/tosoni/mm-grammar-gpu/mm-repair/ans/encode.x geno/geno22full.vc.C 
Ans-fold time: 2.4125
Elapsed time: 161.2587
==== Compression Report:
 >> matrix name: geno/geno22full
 >> conversion time: 93.30
 >> repair time: 64.81
 >> integer vectors time: 0.74
 >> ansf time: 2.41
 >> total time: 161.26
 >> matrix log(alpha)xNumEntries size: 330357102 bytes
 >> matrix dense size: 10571427264 bytes
 >> total number of nonzero: 127579429 (4.83%)
 >> number of distinct nonzero: 2
 >> CRSV  size: 510327740 bytes  (4.83%)
 >> RE32  size: 74254432 bytes  (0.70%)
 >> REIV  size: 53370402 bytes  (0.50%)
 >> REANS size: 52633333 bytes  (0.50%)
==== Done
## geno21

#### 2026-07-14 20:00:05
 Command line: ./mm-repair/matrepair -r --i32 mm-repair/data/geno21 2504 100000 
Setting memory for each repair instance to 110309 MBs
Sending logging messages to file: mm-repair/data/geno21.log
==== Conversion bin/csv->csrv
Command: /mnt/nfs/home/tosoni/mm-grammar-gpu/mm-repair/bin2csrvi -b 1   mm-repair/data/geno21 2504 100000
Conversion time: 9.0402
==== Repair compression
Command: /mnt/nfs/home/tosoni/mm-grammar-gpu/mm-repair/brepair/irepair0 mm-repair/data/geno21.vc 110309
Repair time: 3.9907
==== Integer vector .C compression
Command: /mnt/nfs/home/tosoni/mm-grammar-gpu/mm-repair/sdsl/encode.x mm-repair/data/geno21.vc.C 
==== Integer vector .R compression
Command: /mnt/nfs/home/tosoni/mm-grammar-gpu/mm-repair/sdsl/encode.x mm-repair/data/geno21.vc.R 
Integer vector compression time: 0.0970
==== Ans-fold compression
Command: /mnt/nfs/home/tosoni/mm-grammar-gpu/mm-repair/ans/encode.x mm-repair/data/geno21.vc.C 
Ans-fold time: 0.1569
Elapsed time: 13.2848
==== Compression Report:
 >> matrix name: mm-repair/data/geno21
 >> conversion time: 9.04
 >> repair time: 3.99
 >> integer vectors time: 0.10
 >> ansf time: 0.16
 >> total time: 13.28
 >> matrix log(alpha)xNumEntries size: 31300000 bytes
 >> matrix dense size: 1001600000 bytes
 >> total number of nonzero: 14039379 (5.61%)
 >> number of distinct nonzero: 2
 >> CRSV  size: 56167540 bytes  (5.61%)
 >> RE32  size: 8042496 bytes  (0.80%)
 >> REIV  size: 5026594 bytes  (0.50%)
 >> REANS size: 4873619 bytes  (0.49%)
==== Done
## geno21full

#### 2026-07-14 20:00:18
 Command line: ./mm-repair/matrepair -r --i32 mm-repair/data/geno21full 2504 1054447 
Setting memory for each repair instance to 110309 MBs
Sending logging messages to file: mm-repair/data/geno21full.log
==== Conversion bin/csv->csrv
Command: /mnt/nfs/home/tosoni/mm-grammar-gpu/mm-repair/bin2csrvi -b 1   mm-repair/data/geno21full 2504 1054447
Conversion time: 93.4945
==== Repair compression
Command: /mnt/nfs/home/tosoni/mm-grammar-gpu/mm-repair/brepair/irepair0 mm-repair/data/geno21full.vc 110309
Repair time: 60.7655
==== Integer vector .C compression
Command: /mnt/nfs/home/tosoni/mm-grammar-gpu/mm-repair/sdsl/encode.x mm-repair/data/geno21full.vc.C 
==== Integer vector .R compression
Command: /mnt/nfs/home/tosoni/mm-grammar-gpu/mm-repair/sdsl/encode.x mm-repair/data/geno21full.vc.R 
Integer vector compression time: 0.7378
==== Ans-fold compression
Command: /mnt/nfs/home/tosoni/mm-grammar-gpu/mm-repair/ans/encode.x mm-repair/data/geno21full.vc.C 
Ans-fold time: 2.1956
Elapsed time: 157.1935
==== Compression Report:
 >> matrix name: mm-repair/data/geno21full
 >> conversion time: 93.49
 >> repair time: 60.77
 >> integer vectors time: 0.74
 >> ansf time: 2.20
 >> total time: 157.19
 >> matrix log(alpha)xNumEntries size: 330041911 bytes
 >> matrix dense size: 10561341152 bytes
 >> total number of nonzero: 140197660 (5.31%)
 >> number of distinct nonzero: 2
 >> CRSV  size: 560800664 bytes  (5.31%)
 >> RE32  size: 72981032 bytes  (0.69%)
 >> REIV  size: 52455146 bytes  (0.50%)
 >> REANS size: 51743928 bytes  (0.49%)
==== Done
## geno20

#### 2026-07-14 20:02:55
 Command line: ./mm-repair/matrepair -r --i32 mm-repair/data/geno20 2504 100000 
Setting memory for each repair instance to 110309 MBs
Sending logging messages to file: mm-repair/data/geno20.log
==== Conversion bin/csv->csrv
Command: /mnt/nfs/home/tosoni/mm-grammar-gpu/mm-repair/bin2csrvi -b 1   mm-repair/data/geno20 2504 100000
Conversion time: 9.0072
==== Repair compression
Command: /mnt/nfs/home/tosoni/mm-grammar-gpu/mm-repair/brepair/irepair0 mm-repair/data/geno20.vc 110309
Repair time: 3.4700
==== Integer vector .C compression
Command: /mnt/nfs/home/tosoni/mm-grammar-gpu/mm-repair/sdsl/encode.x mm-repair/data/geno20.vc.C 
==== Integer vector .R compression
Command: /mnt/nfs/home/tosoni/mm-grammar-gpu/mm-repair/sdsl/encode.x mm-repair/data/geno20.vc.R 
Integer vector compression time: 0.0908
==== Ans-fold compression
Command: /mnt/nfs/home/tosoni/mm-grammar-gpu/mm-repair/ans/encode.x mm-repair/data/geno20.vc.C 
Ans-fold time: 0.1265
Elapsed time: 12.6947
==== Compression Report:
 >> matrix name: mm-repair/data/geno20
 >> conversion time: 9.01
 >> repair time: 3.47
 >> integer vectors time: 0.09
 >> ansf time: 0.13
 >> total time: 12.69
 >> matrix log(alpha)xNumEntries size: 31300000 bytes
 >> matrix dense size: 1001600000 bytes
 >> total number of nonzero: 13515259 (5.40%)
 >> number of distinct nonzero: 2
 >> CRSV  size: 54071060 bytes  (5.40%)
 >> RE32  size: 7668868 bytes  (0.77%)
 >> REIV  size: 4793066 bytes  (0.48%)
 >> REANS size: 4679526 bytes  (0.47%)
==== Done
## geno20full

#### 2026-07-14 20:03:08
 Command line: ./mm-repair/matrepair -r --i32 mm-repair/data/geno20full 2504 1739315 
Setting memory for each repair instance to 110309 MBs
Sending logging messages to file: mm-repair/data/geno20full.log
==== Conversion bin/csv->csrv
Command: /mnt/nfs/home/tosoni/mm-grammar-gpu/mm-repair/bin2csrvi -b 1   mm-repair/data/geno20full 2504 1739315
Conversion time: 153.0516
==== Repair compression
Command: /mnt/nfs/home/tosoni/mm-grammar-gpu/mm-repair/brepair/irepair0 mm-repair/data/geno20full.vc 110309
Repair time: 86.3443
==== Integer vector .C compression
Command: /mnt/nfs/home/tosoni/mm-grammar-gpu/mm-repair/sdsl/encode.x mm-repair/data/geno20full.vc.C 
==== Integer vector .R compression
Command: /mnt/nfs/home/tosoni/mm-grammar-gpu/mm-repair/sdsl/encode.x mm-repair/data/geno20full.vc.R 
Integer vector compression time: 1.1138
==== Ans-fold compression
Command: /mnt/nfs/home/tosoni/mm-grammar-gpu/mm-repair/ans/encode.x mm-repair/data/geno20full.vc.C 
Ans-fold time: 3.8302
Elapsed time: 244.3401
==== Compression Report:
 >> matrix name: mm-repair/data/geno20full
 >> conversion time: 153.05
 >> repair time: 86.34
 >> integer vectors time: 1.11
 >> ansf time: 3.83
 >> total time: 244.34
 >> matrix log(alpha)xNumEntries size: 544405595 bytes
 >> matrix dense size: 17420979040 bytes
 >> total number of nonzero: 201040680 (4.62%)
 >> number of distinct nonzero: 2
 >> CRSV  size: 804172744 bytes  (4.62%)
 >> RE32  size: 112928480 bytes  (0.65%)
 >> REIV  size: 84696386 bytes  (0.49%)
 >> REANS size: 82950341 bytes  (0.48%)
==== Done
## geno_synth_small

#### 2026-07-14 20:07:12
 Command line: ./mm-repair/matrepair -r --i32 mm-repair/data/geno_synth_small 2000 50000 
Setting memory for each repair instance to 110309 MBs
Sending logging messages to file: mm-repair/data/geno_synth_small.log
==== Conversion bin/csv->csrv
Command: /mnt/nfs/home/tosoni/mm-grammar-gpu/mm-repair/bin2csrvi -b 1   mm-repair/data/geno_synth_small 2000 50000
Conversion time: 4.1733
==== Repair compression
Command: /mnt/nfs/home/tosoni/mm-grammar-gpu/mm-repair/brepair/irepair0 mm-repair/data/geno_synth_small.vc 110309
Repair time: 5.3100
==== Integer vector .C compression
Command: /mnt/nfs/home/tosoni/mm-grammar-gpu/mm-repair/sdsl/encode.x mm-repair/data/geno_synth_small.vc.C 
==== Integer vector .R compression
Command: /mnt/nfs/home/tosoni/mm-grammar-gpu/mm-repair/sdsl/encode.x mm-repair/data/geno_synth_small.vc.R 
Integer vector compression time: 0.0951
==== Ans-fold compression
Command: /mnt/nfs/home/tosoni/mm-grammar-gpu/mm-repair/ans/encode.x mm-repair/data/geno_synth_small.vc.C 
Ans-fold time: 0.1402
Elapsed time: 9.7186
==== Compression Report:
 >> matrix name: mm-repair/data/geno_synth_small
 >> conversion time: 4.17
 >> repair time: 5.31
 >> integer vectors time: 0.10
 >> ansf time: 0.14
 >> total time: 9.72
 >> matrix log(alpha)xNumEntries size: 12500000 bytes
 >> matrix dense size: 400000000 bytes
 >> total number of nonzero: 16616951 (16.62%)
 >> number of distinct nonzero: 2
 >> CRSV  size: 66475812 bytes  (16.62%)
 >> RE32  size: 8249620 bytes  (2.06%)
 >> REIV  size: 5156042 bytes  (1.29%)
 >> REANS size: 5098509 bytes  (1.27%)
==== Done
## geno_synth_large

#### 2026-07-14 20:07:22
 Command line: ./mm-repair/matrepair -r --i32 mm-repair/data/geno_synth_large 5000 200000 
Setting memory for each repair instance to 110309 MBs
Sending logging messages to file: mm-repair/data/geno_synth_large.log
==== Conversion bin/csv->csrv
Command: /mnt/nfs/home/tosoni/mm-grammar-gpu/mm-repair/bin2csrvi -b 1   mm-repair/data/geno_synth_large 5000 200000
Conversion time: 38.1812
==== Repair compression
Command: /mnt/nfs/home/tosoni/mm-grammar-gpu/mm-repair/brepair/irepair0 mm-repair/data/geno_synth_large.vc 110309
Repair time: 54.4475
==== Integer vector .C compression
Command: /mnt/nfs/home/tosoni/mm-grammar-gpu/mm-repair/sdsl/encode.x mm-repair/data/geno_synth_large.vc.C 
==== Integer vector .R compression
Command: /mnt/nfs/home/tosoni/mm-grammar-gpu/mm-repair/sdsl/encode.x mm-repair/data/geno_synth_large.vc.R 
Integer vector compression time: 0.5317
==== Ans-fold compression
Command: /mnt/nfs/home/tosoni/mm-grammar-gpu/mm-repair/ans/encode.x mm-repair/data/geno_synth_large.vc.C 
Ans-fold time: 1.1984
Elapsed time: 94.3590
==== Compression Report:
 >> matrix name: mm-repair/data/geno_synth_large
 >> conversion time: 38.18
 >> repair time: 54.45
 >> integer vectors time: 0.53
 >> ansf time: 1.20
 >> total time: 94.36
 >> matrix log(alpha)xNumEntries size: 125000000 bytes
 >> matrix dense size: 4000000000 bytes
 >> total number of nonzero: 152440925 (15.24%)
 >> number of distinct nonzero: 2
 >> CRSV  size: 609783708 bytes  (15.24%)
 >> RE32  size: 51152124 bytes  (1.28%)
 >> REIV  size: 36765618 bytes  (0.92%)
 >> REANS size: 36134108 bytes  (0.90%)
==== Done
## geno_synth_ld_high

#### 2026-07-14 20:08:56
 Command line: ./mm-repair/matrepair -r --i32 mm-repair/data/geno_synth_ld_high 5000 100000 
Setting memory for each repair instance to 110309 MBs
Sending logging messages to file: mm-repair/data/geno_synth_ld_high.log
==== Conversion bin/csv->csrv
Command: /mnt/nfs/home/tosoni/mm-grammar-gpu/mm-repair/bin2csrvi -b 1   mm-repair/data/geno_synth_ld_high 5000 100000
Conversion time: 19.6661
==== Repair compression
Command: /mnt/nfs/home/tosoni/mm-grammar-gpu/mm-repair/brepair/irepair0 mm-repair/data/geno_synth_ld_high.vc 110309
Repair time: 26.2107
==== Integer vector .C compression
Command: /mnt/nfs/home/tosoni/mm-grammar-gpu/mm-repair/sdsl/encode.x mm-repair/data/geno_synth_ld_high.vc.C 
==== Integer vector .R compression
Command: /mnt/nfs/home/tosoni/mm-grammar-gpu/mm-repair/sdsl/encode.x mm-repair/data/geno_synth_ld_high.vc.R 
Integer vector compression time: 0.2030
==== Ans-fold compression
Command: /mnt/nfs/home/tosoni/mm-grammar-gpu/mm-repair/ans/encode.x mm-repair/data/geno_synth_ld_high.vc.C 
Ans-fold time: 0.4209
Elapsed time: 46.5008
==== Compression Report:
 >> matrix name: mm-repair/data/geno_synth_ld_high
 >> conversion time: 19.67
 >> repair time: 26.21
 >> integer vectors time: 0.20
 >> ansf time: 0.42
 >> total time: 46.50
 >> matrix log(alpha)xNumEntries size: 62500000 bytes
 >> matrix dense size: 2000000000 bytes
 >> total number of nonzero: 73471493 (14.69%)
 >> number of distinct nonzero: 2
 >> CRSV  size: 293905980 bytes  (14.70%)
 >> RE32  size: 19276112 bytes  (0.96%)
 >> REIV  size: 12649978 bytes  (0.63%)
 >> REANS size: 12580891 bytes  (0.63%)
==== Done
## geno_synth_ld_low

#### 2026-07-14 20:09:43
 Command line: ./mm-repair/matrepair -r --i32 mm-repair/data/geno_synth_ld_low 5000 100000 
Setting memory for each repair instance to 110309 MBs
Sending logging messages to file: mm-repair/data/geno_synth_ld_low.log
==== Conversion bin/csv->csrv
Command: /mnt/nfs/home/tosoni/mm-grammar-gpu/mm-repair/bin2csrvi -b 1   mm-repair/data/geno_synth_ld_low 5000 100000
Conversion time: 19.7583
==== Repair compression
Command: /mnt/nfs/home/tosoni/mm-grammar-gpu/mm-repair/brepair/irepair0 mm-repair/data/geno_synth_ld_low.vc 110309
Repair time: 34.1356
==== Integer vector .C compression
Command: /mnt/nfs/home/tosoni/mm-grammar-gpu/mm-repair/sdsl/encode.x mm-repair/data/geno_synth_ld_low.vc.C 
==== Integer vector .R compression
Command: /mnt/nfs/home/tosoni/mm-grammar-gpu/mm-repair/sdsl/encode.x mm-repair/data/geno_synth_ld_low.vc.R 
Integer vector compression time: 0.6295
==== Ans-fold compression
Command: /mnt/nfs/home/tosoni/mm-grammar-gpu/mm-repair/ans/encode.x mm-repair/data/geno_synth_ld_low.vc.C 
Ans-fold time: 1.5124
Elapsed time: 56.0359
==== Compression Report:
 >> matrix name: mm-repair/data/geno_synth_ld_low
 >> conversion time: 19.76
 >> repair time: 34.14
 >> integer vectors time: 0.63
 >> ansf time: 1.51
 >> total time: 56.04
 >> matrix log(alpha)xNumEntries size: 62500000 bytes
 >> matrix dense size: 2000000000 bytes
 >> total number of nonzero: 77009034 (15.40%)
 >> number of distinct nonzero: 2
 >> CRSV  size: 308056144 bytes  (15.40%)
 >> RE32  size: 57528864 bytes  (2.88%)
 >> REIV  size: 39551122 bytes  (1.98%)
 >> REANS size: 39139857 bytes  (1.96%)
==== Done
## geno_synth_ind_large

#### 2026-07-14 20:10:39
 Command line: ./mm-repair/matrepair -r --i32 mm-repair/data/geno_synth_ind_large 10000 50000 
Setting memory for each repair instance to 110309 MBs
Sending logging messages to file: mm-repair/data/geno_synth_ind_large.log
==== Conversion bin/csv->csrv
Command: /mnt/nfs/home/tosoni/mm-grammar-gpu/mm-repair/bin2csrvi -b 1   mm-repair/data/geno_synth_ind_large 10000 50000
Conversion time: 20.0277
==== Repair compression
Command: /mnt/nfs/home/tosoni/mm-grammar-gpu/mm-repair/brepair/irepair0 mm-repair/data/geno_synth_ind_large.vc 110309
Repair time: 23.2727
==== Integer vector .C compression
Command: /mnt/nfs/home/tosoni/mm-grammar-gpu/mm-repair/sdsl/encode.x mm-repair/data/geno_synth_ind_large.vc.C 
==== Integer vector .R compression
Command: /mnt/nfs/home/tosoni/mm-grammar-gpu/mm-repair/sdsl/encode.x mm-repair/data/geno_synth_ind_large.vc.R 
Integer vector compression time: 0.2193
==== Ans-fold compression
Command: /mnt/nfs/home/tosoni/mm-grammar-gpu/mm-repair/ans/encode.x mm-repair/data/geno_synth_ind_large.vc.C 
Ans-fold time: 0.3768
Elapsed time: 43.8966
==== Compression Report:
 >> matrix name: mm-repair/data/geno_synth_ind_large
 >> conversion time: 20.03
 >> repair time: 23.27
 >> integer vectors time: 0.22
 >> ansf time: 0.38
 >> total time: 43.90
 >> matrix log(alpha)xNumEntries size: 62500000 bytes
 >> matrix dense size: 2000000000 bytes
 >> total number of nonzero: 71602677 (14.32%)
 >> number of distinct nonzero: 2
 >> CRSV  size: 286450716 bytes  (14.32%)
 >> RE32  size: 18050184 bytes  (0.90%)
 >> REIV  size: 11845466 bytes  (0.59%)
 >> REANS size: 11716463 bytes  (0.59%)
==== Done
