# GENERATED by reproduce.sh -- raw experiment log, parsed by extract_results.py
# date:   2026-07-13T13:53:45+02:00
# host:   spark-a459  (Linux 6.17.0-1021-nvidia aarch64)
# commit: b9c4505
## wd_country
Part I (RePair): alpha=1748, NTs=2002, distinct values=1
Schedule builder construction time: 191.406 ms
Terminal compaction: alpha 1748 -> 1748 (100% kept)
Proper Layered Completed Grammar Stats:
Max depth (L): 5, Max width (w*): 1455, Total layered rules: 2409 (raw NTs: 2002, +pt: 407), emissions: 21423+10042988 term
--- SEMIRING: Boolean ---
Running CPU reference with OpenMP (20 threads)...
CPU reference (OpenMP): 7.79233 ms/vector (20 threads).
Running CPU reference sequentially (forced 1 thread)...
CPU reference (sequential): 38.9075 ms/vector.
Running GPU engine (double-buffered proper layered, emit-on-the-spot)...
[GPU Setup Debug] rows=10058956, cols=1747, alpha=1748, total_rules=2409, distinct_vals=1, sched_max_depth=5, sched_max_width=1455, emit_total=21423, num_term_emit=10042988
GPU kernel: 81.72 ms total over 50 vectors = 1.6344 ms/vector.
MEM analytic bytes: 120819620
MEM peak bytes: 26214400
ENERGY mJ/vector: 32.6409
ENERGY avg power mW: 28705.4
GPU multiplication completed in 1944.54 ms.
Verification: max_abs_diff=0, max_rel_diff=0, max|y|=1
SUCCESS: GPU and CPU reference results match (within float precision)!
--- CUSPARSE ---
Reconstructed CSR Matrix Stats:
Rows: 10058956, Cols: 1747, NNZ: 10089284
Running CPU reference SpMV...
Verification: max absolute diff = 1.90735e-06, max relative diff = 1.34442e-07
SUCCESS: Verification passed!
Running 50 iterations of cuSPARSE SpMV...
cuSPARSE SpMV completed. Average time: 1.40788 ms/vector
MEM analytic bytes: 161232331
MEM peak bytes: 45694976
ENERGY mJ/vector: 43.2716
ENERGY avg power mW: 31415.7
--- GRAMMAR ---

#### 2026-07-13 13:53:51
 Command line: ./mm-repair/matrepair -r -y --bool wd_country 10058956 1747 
Setting memory for each repair instance to 110309 MBs
Sending logging messages to file: wd_country.log
---- Skipping conversion bin/csv->csrv
---- Skipping irepair for wd_country.vc
Repair time: 0.0000
---- Skipping iv(C)
---- Skipping iv(R)
---- Skipping ans-fold
Elapsed time: 0.0005
==== Compression Report:
 >> matrix name: wd_country
 >> conversion time: 0.00
 >> repair time: 0.00
 >> integer vectors time: 0.00
 >> ansf time: 0.00
 >> total time: 0.00
 >> matrix log(alpha)xNumEntries size: 2196624516 bytes
 >> matrix dense size: 2196624517 bytes
 >> total number of nonzero: 10089284 (0.06%)
 >> number of distinct nonzero: 1
 >> CRSV  size: 80592968 bytes  (63.90) bpe
 >> RE32  size: 80509496 bytes  (63.84) bpe
 >> REIV  size: 30191090 bytes  (23.94) bpe
 >> REANS size: 9629959 bytes  (7.64) bpe
==== Done
## wd_cites_work
Part I (RePair): alpha=12245946, NTs=9919927, distinct values=1
Schedule builder construction time: 4692.86 ms
Terminal compaction: alpha 12245946 -> 12245946 (100% kept)
Proper Layered Completed Grammar Stats:
Max depth (L): 15, Max width (w*): 7492117, Total layered rules: 12101650 (raw NTs: 9919927, +pt: 2181723), emissions: 27616843+103504710 term
--- SEMIRING: Boolean ---
Running CPU reference with OpenMP (20 threads)...
CPU reference (OpenMP): 178.124 ms/vector (20 threads).
Running CPU reference sequentially (forced 1 thread)...
CPU reference (sequential): 1148.2 ms/vector.
Running GPU engine (double-buffered proper layered, emit-on-the-spot)...
[GPU Setup Debug] rows=7072574, cols=12245945, alpha=12245946, total_rules=12101650, distinct_vals=1, sched_max_depth=15, sched_max_width=7492117, emit_total=27616843, num_term_emit=103504710
GPU kernel: 2135.61 ms total over 50 vectors = 42.7121 ms/vector.
MEM analytic bytes: 1478354584
MEM peak bytes: 1446195200
ENERGY mJ/vector: 1328.5
ENERGY avg power mW: 32438.2
GPU multiplication completed in 4592.53 ms.
Verification: max_abs_diff=0, max_rel_diff=0, max|y|=1
SUCCESS: GPU and CPU reference results match (within float precision)!
--- CUSPARSE ---
Reconstructed CSR Matrix Stats:
Rows: 7072574, Cols: 12245945, NNZ: 166682725
Running CPU reference SpMV...
Verification: max absolute diff = 6.10352e-05, max relative diff = 2.29431e-07
SUCCESS: Verification passed!
Running 50 iterations of cuSPARSE SpMV...
cuSPARSE SpMV completed. Average time: 34.5647 ms/vector
MEM analytic bytes: 1439677291
MEM peak bytes: 1451220992
ENERGY mJ/vector: 1102.7
ENERGY avg power mW: 31958.2
--- GRAMMAR ---

#### 2026-07-13 13:54:17
 Command line: ./mm-repair/matrepair -r -y --bool wd_cites_work 7072574 12245945 
Setting memory for each repair instance to 110309 MBs
Sending logging messages to file: wd_cites_work.log
---- Skipping conversion bin/csv->csrv
---- Skipping irepair for wd_cites_work.vc
Repair time: 0.0000
---- Skipping iv(C)
---- Skipping iv(R)
---- Skipping ans-fold
Elapsed time: 0.0020
==== Compression Report:
 >> matrix name: wd_cites_work
 >> conversion time: 0.00
 >> repair time: 0.00
 >> integer vectors time: 0.00
 >> ansf time: 0.00
 >> total time: 0.00
 >> matrix log(alpha)xNumEntries size: 10826294026553 bytes
 >> matrix dense size: 10826294026554 bytes
 >> total number of nonzero: 166682725 (0.00%)
 >> number of distinct nonzero: 1
 >> CRSV  size: 695021204 bytes  (33.36) bpe
 >> RE32  size: 632135936 bytes  (30.34) bpe
 >> REIV  size: 493856226 bytes  (23.70) bpe
 >> REANS size: 459049018 bytes  (22.03) bpe
==== Done
## swh_full
Part I (RePair): alpha=45691500, NTs=30292590, distinct values=1
Schedule builder construction time: 10682.5 ms
Terminal compaction: alpha 45691500 -> 45686496 (99.989% kept)
Proper Layered Completed Grammar Stats:
Max depth (L): 70, Max width (w*): 8976041, Total layered rules: 95734542 (raw NTs: 30292590, +pt: 65441952), emissions: 39092111+43225031 term
--- SEMIRING: Boolean ---
Running GPU engine (double-buffered proper layered, emit-on-the-spot)...
[GPU Setup Debug] rows=45691499, cols=45691499, alpha=45686496, total_rules=95734542, distinct_vals=1, sched_max_depth=70, sched_max_width=8976041, emit_total=39092111, num_term_emit=43225031
GPU kernel: 2639.29 ms total over 50 vectors = 52.7858 ms/vector.
MEM analytic bytes: 2792929908
MEM peak bytes: 2805612544
ENERGY mJ/vector: 1401.62
ENERGY avg power mW: 29620
GPU multiplication completed in 5897.4 ms.
Skipped CPU reference verification for large dataset.
--- CUSPARSE ---
Reconstructed CSR Matrix Stats:
Rows: 45691499, Cols: 45691499, NNZ: 1218488928
Running CPU reference SpMV...
Verification: max absolute diff = 0.000732422, max relative diff = 2.96555e-07
SUCCESS: Verification passed!
Running 50 iterations of cuSPARSE SpMV...
cuSPARSE SpMV completed. Average time: 65.4222 ms/vector
MEM analytic bytes: 10300969147
MEM peak bytes: 10357563392
ENERGY mJ/vector: 2470.87
ENERGY avg power mW: 37863.1
--- GRAMMAR ---

#### 2026-07-13 13:55:10
 Command line: ./mm-repair/matrepair -r -y --bool /mnt/nfs/home/tosoni/swh-work/swh_full 45691499 45691499 
Setting memory for each repair instance to 110309 MBs
Sending logging messages to file: /mnt/nfs/home/tosoni/swh-work/swh_full.log
---- Skipping conversion bin/csv->csrv
---- Skipping irepair for /mnt/nfs/home/tosoni/swh-work/swh_full.vc
Repair time: 0.0000
---- Skipping iv(C)
---- Skipping iv(R)
---- Skipping ans-fold
Elapsed time: 0.0017
==== Compression Report:
 >> matrix name: /mnt/nfs/home/tosoni/swh-work/swh_full
 >> conversion time: 0.00
 >> repair time: 0.00
 >> integer vectors time: 0.00
 >> ansf time: 0.00
 >> total time: 0.00
 >> matrix log(alpha)xNumEntries size: 260964135108375 bytes
 >> matrix dense size: 260964135108376 bytes
 >> total number of nonzero: 1218488928 (0.00%)
 >> number of distinct nonzero: 1
 >> CRSV  size: 5056721716 bytes  (33.20) bpe
 >> RE32  size: 754375296 bytes  (4.95) bpe
 >> REIV  size: 636504186 bytes  (4.18) bpe
 >> REANS size: 490088431 bytes  (3.22) bpe
==== Done
