# GENERATED by reproduce.sh -- raw experiment log, parsed by extract_results.py
# date:   2026-07-13T14:25:23+02:00
# host:   spark-a459  (Linux 6.17.0-1021-nvidia aarch64)
# commit: b9c4505
## wd_sports_team
Part I (RePair): alpha=29855, NTs=70158, distinct values=1
Schedule builder construction time: 14.1407 ms
Terminal compaction: alpha 29855 -> 29855 (100% kept)
Proper Layered Completed Grammar Stats:
Max depth (L): 6, Max width (w*): 49298, Total layered rules: 80896 (raw NTs: 70158, +pt: 10738), emissions: 296451+473013 term
--- SEMIRING: PlusTimes (+,*) ---
Running CPU reference with OpenMP (20 threads)...
CPU reference (OpenMP): 3.67735 ms/vector (20 threads).
Running CPU reference sequentially (forced 1 thread)...
CPU reference (sequential): 4.43003 ms/vector.
Running GPU engine (double-buffered proper layered, emit-on-the-spot)...
[GPU Setup Debug] rows=332121, cols=29854, alpha=29855, total_rules=80896, distinct_vals=1, sched_max_depth=6, sched_max_width=49298, emit_total=296451, num_term_emit=473013
GPU kernel: 1.4329 ms total over 1 vectors = 1.4329 ms/vector.
MEM analytic bytes: 9327004
MEM peak bytes: 12591104
ENERGY mJ/vector: 2.44686
ENERGY avg power mW: 33792.3
GPU multiplication completed in 1794.85 ms.
Verification: max_abs_diff=1.90735e-06, max_rel_diff=1.82334e-07, max|y|=17.9291
SUCCESS: GPU and CPU reference results match (within float precision)!
## wd_cast_member
Part I (RePair): alpha=144096, NTs=51677, distinct values=1
Schedule builder construction time: 17.9519 ms
Terminal compaction: alpha 144096 -> 144096 (100% kept)
Proper Layered Completed Grammar Stats:
Max depth (L): 8, Max width (w*): 42365, Total layered rules: 62336 (raw NTs: 51677, +pt: 10659), emissions: 118125+761154 term
--- SEMIRING: PlusTimes (+,*) ---
Running CPU reference with OpenMP (20 threads)...
CPU reference (OpenMP): 6.37965 ms/vector (20 threads).
Running CPU reference sequentially (forced 1 thread)...
CPU reference (sequential): 5.96242 ms/vector.
Running GPU engine (double-buffered proper layered, emit-on-the-spot)...
[GPU Setup Debug] rows=173977, cols=144095, alpha=144096, total_rules=62336, distinct_vals=1, sched_max_depth=8, sched_max_width=42365, emit_total=118125, num_term_emit=761154
GPU kernel: 0.379104 ms total over 1 vectors = 0.379104 ms/vector.
MEM analytic bytes: 11122620
MEM peak bytes: 14417920
ENERGY mJ/vector: 3.9768
ENERGY avg power mW: 34620.9
GPU multiplication completed in 1795.85 ms.
Verification: max_abs_diff=0.00012207, max_rel_diff=5.32079e-07, max|y|=288.825
SUCCESS: GPU and CPU reference results match (within float precision)!
## wd_citizenship
Part I (RePair): alpha=2557, NTs=3295, distinct values=1
Schedule builder construction time: 50.7426 ms
Terminal compaction: alpha 2557 -> 2557 (100% kept)
Proper Layered Completed Grammar Stats:
Max depth (L): 5, Max width (w*): 2378, Total layered rules: 3727 (raw NTs: 3295, +pt: 432), emissions: 170486+2708243 term
--- SEMIRING: PlusTimes (+,*) ---
Running CPU reference with OpenMP (20 threads)...
CPU reference (OpenMP): 5.10341 ms/vector (20 threads).
Running CPU reference sequentially (forced 1 thread)...
CPU reference (sequential): 13.2677 ms/vector.
Running GPU engine (double-buffered proper layered, emit-on-the-spot)...
[GPU Setup Debug] rows=2874250, cols=2556, alpha=2557, total_rules=3727, distinct_vals=1, sched_max_depth=5, sched_max_width=2378, emit_total=170486, num_term_emit=2708243
GPU kernel: 3.94765 ms total over 1 vectors = 3.94765 ms/vector.
MEM analytic bytes: 34631484
MEM peak bytes: 35385344
ENERGY mJ/vector: 9.78313
ENERGY avg power mW: 27017.5
GPU multiplication completed in 1802.23 ms.
Verification: max_abs_diff=2.38419e-07, max_rel_diff=7.37804e-08, max|y|=5.79926
SUCCESS: GPU and CPU reference results match (within float precision)!
## wd_occupation
Part I (RePair): alpha=10611, NTs=41544, distinct values=1
Schedule builder construction time: 56.1959 ms
Terminal compaction: alpha 10611 -> 10611 (100% kept)
Proper Layered Completed Grammar Stats:
Max depth (L): 8, Max width (w*): 19520, Total layered rules: 46669 (raw NTs: 41544, +pt: 5125), emissions: 759114+2819474 term
--- SEMIRING: PlusTimes (+,*) ---
Running CPU reference with OpenMP (20 threads)...
CPU reference (OpenMP): 9.26024 ms/vector (20 threads).
Running CPU reference sequentially (forced 1 thread)...
CPU reference (sequential): 16.5583 ms/vector.
Running GPU engine (double-buffered proper layered, emit-on-the-spot)...
[GPU Setup Debug] rows=3459933, cols=10610, alpha=10611, total_rules=46669, distinct_vals=1, sched_max_depth=8, sched_max_width=19520, emit_total=759114, num_term_emit=2819474
GPU kernel: 12.8887 ms total over 1 vectors = 12.8887 ms/vector.
MEM analytic bytes: 43354392
MEM peak bytes: 42082304
ENERGY mJ/vector: 15.5466
ENERGY avg power mW: 27757.5
GPU multiplication completed in 1817.14 ms.
Verification: max_abs_diff=9.53674e-07, max_rel_diff=9.28141e-08, max|y|=18.6437
SUCCESS: GPU and CPU reference results match (within float precision)!
## wd_subclass_of
Part I (RePair): alpha=73418, NTs=6825, distinct values=1
Schedule builder construction time: 25.5282 ms
Terminal compaction: alpha 73418 -> 73418 (100% kept)
Proper Layered Completed Grammar Stats:
Max depth (L): 5, Max width (w*): 5841, Total layered rules: 7601 (raw NTs: 6825, +pt: 776), emissions: 471747+1076941 term
--- SEMIRING: PlusTimes (+,*) ---
Running CPU reference with OpenMP (20 threads)...
CPU reference (OpenMP): 4.81757 ms/vector (20 threads).
Running CPU reference sequentially (forced 1 thread)...
CPU reference (sequential): 7.25079 ms/vector.
Running GPU engine (double-buffered proper layered, emit-on-the-spot)...
[GPU Setup Debug] rows=1487709, cols=73417, alpha=73418, total_rules=7601, distinct_vals=1, sched_max_depth=5, sched_max_width=5841, emit_total=471747, num_term_emit=1076941
GPU kernel: 3.74118 ms total over 1 vectors = 3.74118 ms/vector.
MEM analytic bytes: 19652960
MEM peak bytes: 11255808
ENERGY mJ/vector: 4.54124
ENERGY avg power mW: 30229
GPU multiplication completed in 1800.45 ms.
Verification: max_abs_diff=9.53674e-07, max_rel_diff=9.91159e-08, max|y|=9.65529
SUCCESS: GPU and CPU reference results match (within float precision)!
