# GENERATED by reproduce.sh -- raw experiment log, parsed by extract_results.py
# date:   2026-07-13T13:52:53+02:00
# host:   spark-a459  (Linux 6.17.0-1021-nvidia aarch64)
# commit: b9c4505
## wd_sports_team_boolean
Part I (RePair): alpha=29855, NTs=70158, distinct values=1
Schedule builder construction time: 14.1131 ms
Terminal compaction: alpha 29855 -> 29855 (100% kept)
Proper Layered Completed Grammar Stats:
Max depth (L): 6, Max width (w*): 49298, Total layered rules: 80896 (raw NTs: 70158, +pt: 10738), emissions: 296451+473013 term
--- SEMIRING: Boolean ---
Running CPU reference with OpenMP (20 threads)...
CPU reference (OpenMP): 4.81142 ms/vector (20 threads).
Running CPU reference sequentially (forced 1 thread)...
CPU reference (sequential): 3.15223 ms/vector.
Running GPU engine (double-buffered proper layered, emit-on-the-spot)...
[GPU Setup Debug] rows=332121, cols=29854, alpha=29855, total_rules=80896, distinct_vals=1, sched_max_depth=6, sched_max_width=49298, emit_total=296451, num_term_emit=473013
GPU kernel: 4.57744 ms total over 50 vectors = 0.0915488 ms/vector.
MEM analytic bytes: 9327004
MEM peak bytes: 12582912
ENERGY mJ/vector: 2.34676
ENERGY avg power mW: 32350.1
GPU multiplication completed in 1855.4 ms.
Batched run B=16 (est. 0.0313873 GB B-wide buffers)...
GPU batched (B=16): 0.822923 ms/batch, 0.0514327 ms/vector over 50 batches.
Batched verification: max_rel_diff=0  SUCCESS
Verification: max_abs_diff=0, max_rel_diff=0, max|y|=1
SUCCESS: GPU and CPU reference results match (within float precision)!
GraphBLAS bool nthreads= 1: 0.7000 ms/vector  (rows=332121 cols=29854 nnz=1136249)
GraphBLAS bool nthreads=20: 0.2668 ms/vector  (rows=332121 cols=29854 nnz=1136249)
Reconstructed CSR Matrix Stats:
Rows: 332121, Cols: 29854, NNZ: 1136249
Running CPU reference SpMV...
Verification: max absolute diff = 1.90735e-06, max relative diff = 1.77389e-07
SUCCESS: Verification passed!
Running 50 iterations of cuSPARSE SpMV...
cuSPARSE SpMV completed. Average time: 0.0641303 ms/vector
MEM analytic bytes: 11870827
MEM peak bytes: 15302656
ENERGY mJ/vector: 2.99176
ENERGY avg power mW: 46201
## wd_sports_team_tropical
Part I (RePair): alpha=29855, NTs=70158, distinct values=1
Schedule builder construction time: 12.4488 ms
Terminal compaction: alpha 29855 -> 29855 (100% kept)
Proper Layered Completed Grammar Stats:
Max depth (L): 6, Max width (w*): 49298, Total layered rules: 80896 (raw NTs: 70158, +pt: 10738), emissions: 296451+473013 term
--- SEMIRING: Tropical (min,+) ---
Running CPU reference with OpenMP (20 threads)...
CPU reference (OpenMP): 481.791 ms/vector (20 threads).
Running CPU reference sequentially (forced 1 thread)...
CPU reference (sequential): 8.94878 ms/vector.
Running GPU engine (double-buffered proper layered, emit-on-the-spot)...
[GPU Setup Debug] rows=332121, cols=29854, alpha=29855, total_rules=80896, distinct_vals=1, sched_max_depth=6, sched_max_width=49298, emit_total=296451, num_term_emit=473013
GPU kernel: 4.58934 ms total over 50 vectors = 0.0917869 ms/vector.
MEM analytic bytes: 9327004
MEM peak bytes: 12582912
ENERGY mJ/vector: 2.47951
ENERGY avg power mW: 33226.4
GPU multiplication completed in 1796.41 ms.
Batched run B=16 (est. 0.0313873 GB B-wide buffers)...
GPU batched (B=16): 0.817254 ms/batch, 0.0510784 ms/vector over 50 batches.
Batched verification: max_rel_diff=0  SUCCESS
Verification: max_abs_diff=0, max_rel_diff=0, max|y|=1e+09
SUCCESS: GPU and CPU reference results match (within float precision)!
GraphBLAS tropical nthreads= 1: 2.4886 ms/vector  (rows=332121 cols=29854 nnz=1136249)
GraphBLAS tropical nthreads=20: 0.5073 ms/vector  (rows=332121 cols=29854 nnz=1136249)
## wd_cast_member_boolean
Part I (RePair): alpha=144096, NTs=51677, distinct values=1
Schedule builder construction time: 16.9833 ms
Terminal compaction: alpha 144096 -> 144096 (100% kept)
Proper Layered Completed Grammar Stats:
Max depth (L): 8, Max width (w*): 42365, Total layered rules: 62336 (raw NTs: 51677, +pt: 10659), emissions: 118125+761154 term
--- SEMIRING: Boolean ---
Running CPU reference with OpenMP (20 threads)...
CPU reference (OpenMP): 6.75366 ms/vector (20 threads).
Running CPU reference sequentially (forced 1 thread)...
CPU reference (sequential): 3.43292 ms/vector.
Running GPU engine (double-buffered proper layered, emit-on-the-spot)...
[GPU Setup Debug] rows=173977, cols=144095, alpha=144096, total_rules=62336, distinct_vals=1, sched_max_depth=8, sched_max_width=42365, emit_total=118125, num_term_emit=761154
GPU kernel: 5.78758 ms total over 50 vectors = 0.115752 ms/vector.
MEM analytic bytes: 11122620
MEM peak bytes: 10223616
ENERGY mJ/vector: 3.67935
ENERGY avg power mW: 33830.1
GPU multiplication completed in 1789.08 ms.
Batched run B=16 (est. 0.0350015 GB B-wide buffers)...
GPU batched (B=16): 0.73931 ms/batch, 0.0462069 ms/vector over 50 batches.
Batched verification: max_rel_diff=0  SUCCESS
Verification: max_abs_diff=0, max_rel_diff=0, max|y|=1
SUCCESS: GPU and CPU reference results match (within float precision)!
GraphBLAS bool nthreads= 1: 0.3410 ms/vector  (rows=173977 cols=144095 nnz=1033124)
GraphBLAS bool nthreads=20: 0.1437 ms/vector  (rows=173977 cols=144095 nnz=1033124)
Reconstructed CSR Matrix Stats:
Rows: 173977, Cols: 144095, NNZ: 1033124
Running CPU reference SpMV...
Verification: max absolute diff = 3.05176e-05, max relative diff = 1.89548e-07
SUCCESS: Verification passed!
Running 50 iterations of cuSPARSE SpMV...
cuSPARSE SpMV completed. Average time: 0.0563697 ms/vector
MEM analytic bytes: 10237235
MEM peak bytes: 12451840
ENERGY mJ/vector: 2.92898
ENERGY avg power mW: 52011.2
## wd_cast_member_tropical
Part I (RePair): alpha=144096, NTs=51677, distinct values=1
Schedule builder construction time: 22.0303 ms
Terminal compaction: alpha 144096 -> 144096 (100% kept)
Proper Layered Completed Grammar Stats:
Max depth (L): 8, Max width (w*): 42365, Total layered rules: 62336 (raw NTs: 51677, +pt: 10659), emissions: 118125+761154 term
--- SEMIRING: Tropical (min,+) ---
Running CPU reference with OpenMP (20 threads)...
CPU reference (OpenMP): 569.954 ms/vector (20 threads).
Running CPU reference sequentially (forced 1 thread)...
CPU reference (sequential): 10.1664 ms/vector.
Running GPU engine (double-buffered proper layered, emit-on-the-spot)...
[GPU Setup Debug] rows=173977, cols=144095, alpha=144096, total_rules=62336, distinct_vals=1, sched_max_depth=8, sched_max_width=42365, emit_total=118125, num_term_emit=761154
GPU kernel: 6.26486 ms total over 50 vectors = 0.125297 ms/vector.
MEM analytic bytes: 11122620
MEM peak bytes: 10223616
ENERGY mJ/vector: 3.96044
ENERGY avg power mW: 33624.8
GPU multiplication completed in 1804.75 ms.
Batched run B=16 (est. 0.0350015 GB B-wide buffers)...
GPU batched (B=16): 0.94861 ms/batch, 0.0592881 ms/vector over 50 batches.
Batched verification: max_rel_diff=0  SUCCESS
Verification: max_abs_diff=0, max_rel_diff=0, max|y|=1e+09
SUCCESS: GPU and CPU reference results match (within float precision)!
GraphBLAS tropical nthreads= 1: 1.5360 ms/vector  (rows=173977 cols=144095 nnz=1033124)
GraphBLAS tropical nthreads=20: 0.3830 ms/vector  (rows=173977 cols=144095 nnz=1033124)
## wd_citizenship_boolean
Part I (RePair): alpha=2557, NTs=3295, distinct values=1
Schedule builder construction time: 57.0887 ms
Terminal compaction: alpha 2557 -> 2557 (100% kept)
Proper Layered Completed Grammar Stats:
Max depth (L): 5, Max width (w*): 2378, Total layered rules: 3727 (raw NTs: 3295, +pt: 432), emissions: 170486+2708243 term
--- SEMIRING: Boolean ---
Running CPU reference with OpenMP (20 threads)...
CPU reference (OpenMP): 6.15961 ms/vector (20 threads).
Running CPU reference sequentially (forced 1 thread)...
CPU reference (sequential): 11.6633 ms/vector.
Running GPU engine (double-buffered proper layered, emit-on-the-spot)...
[GPU Setup Debug] rows=2874250, cols=2556, alpha=2557, total_rules=3727, distinct_vals=1, sched_max_depth=5, sched_max_width=2378, emit_total=170486, num_term_emit=2708243
GPU kernel: 25.0527 ms total over 50 vectors = 0.501055 ms/vector.
MEM analytic bytes: 34631484
MEM peak bytes: 1638400
ENERGY mJ/vector: 10.0635
ENERGY avg power mW: 27881.4
GPU multiplication completed in 1822.18 ms.
Batched run B=16 (est. 0.184584 GB B-wide buffers)...
GPU batched (B=16): 4.96732 ms/batch, 0.310457 ms/vector over 50 batches.
Batched verification: max_rel_diff=0  SUCCESS
Verification: max_abs_diff=0, max_rel_diff=0, max|y|=1
SUCCESS: GPU and CPU reference results match (within float precision)!
GraphBLAS bool nthreads= 1: 3.4177 ms/vector  (rows=2874250 cols=2556 nnz=3063058)
GraphBLAS bool nthreads=20: 0.6837 ms/vector  (rows=2874250 cols=2556 nnz=3063058)
Reconstructed CSR Matrix Stats:
Rows: 2874250, Cols: 2556, NNZ: 3063058
Running CPU reference SpMV...
Verification: max absolute diff = 4.76837e-07, max relative diff = 9.57486e-08
SUCCESS: Verification passed!
Running 50 iterations of cuSPARSE SpMV...
cuSPARSE SpMV completed. Average time: 0.37435 ms/vector
MEM analytic bytes: 47520667
MEM peak bytes: 53460992
ENERGY mJ/vector: 11.8247
ENERGY avg power mW: 31459.6
## wd_citizenship_tropical
Part I (RePair): alpha=2557, NTs=3295, distinct values=1
Schedule builder construction time: 46.6347 ms
Terminal compaction: alpha 2557 -> 2557 (100% kept)
Proper Layered Completed Grammar Stats:
Max depth (L): 5, Max width (w*): 2378, Total layered rules: 3727 (raw NTs: 3295, +pt: 432), emissions: 170486+2708243 term
--- SEMIRING: Tropical (min,+) ---
Running CPU reference with OpenMP (20 threads)...
CPU reference (OpenMP): 1685.41 ms/vector (20 threads).
Running CPU reference sequentially (forced 1 thread)...
CPU reference (sequential): 36.3527 ms/vector.
Running GPU engine (double-buffered proper layered, emit-on-the-spot)...
[GPU Setup Debug] rows=2874250, cols=2556, alpha=2557, total_rules=3727, distinct_vals=1, sched_max_depth=5, sched_max_width=2378, emit_total=170486, num_term_emit=2708243
GPU kernel: 21.8952 ms total over 50 vectors = 0.437905 ms/vector.
MEM analytic bytes: 34631484
MEM peak bytes: 35192832
ENERGY mJ/vector: 10.1434
ENERGY avg power mW: 27720.9
GPU multiplication completed in 1864.88 ms.
Batched run B=16 (est. 0.184584 GB B-wide buffers)...
GPU batched (B=16): 4.4807 ms/batch, 0.280044 ms/vector over 50 batches.
Batched verification: max_rel_diff=0  SUCCESS
Verification: max_abs_diff=0, max_rel_diff=0, max|y|=1e+09
SUCCESS: GPU and CPU reference results match (within float precision)!
GraphBLAS tropical nthreads= 1: 8.7346 ms/vector  (rows=2874250 cols=2556 nnz=3063058)
GraphBLAS tropical nthreads=20: 3.0206 ms/vector  (rows=2874250 cols=2556 nnz=3063058)
## wd_occupation_boolean
Part I (RePair): alpha=10611, NTs=41544, distinct values=1
Schedule builder construction time: 65.0134 ms
Terminal compaction: alpha 10611 -> 10611 (100% kept)
Proper Layered Completed Grammar Stats:
Max depth (L): 8, Max width (w*): 19520, Total layered rules: 46669 (raw NTs: 41544, +pt: 5125), emissions: 759114+2819474 term
--- SEMIRING: Boolean ---
Running CPU reference with OpenMP (20 threads)...
CPU reference (OpenMP): 11.2364 ms/vector (20 threads).
Running CPU reference sequentially (forced 1 thread)...
CPU reference (sequential): 15.1522 ms/vector.
Running GPU engine (double-buffered proper layered, emit-on-the-spot)...
[GPU Setup Debug] rows=3459933, cols=10610, alpha=10611, total_rules=46669, distinct_vals=1, sched_max_depth=8, sched_max_width=19520, emit_total=759114, num_term_emit=2819474
GPU kernel: 36.4606 ms total over 50 vectors = 0.729212 ms/vector.
MEM analytic bytes: 43354392
MEM peak bytes: 4653056
ENERGY mJ/vector: 15.66
ENERGY avg power mW: 28159.8
GPU multiplication completed in 1886.27 ms.
Batched run B=16 (est. 0.225292 GB B-wide buffers)...
GPU batched (B=16): 6.23406 ms/batch, 0.389629 ms/vector over 50 batches.
Batched verification: max_rel_diff=0  SUCCESS
Verification: max_abs_diff=0, max_rel_diff=0, max|y|=1
SUCCESS: GPU and CPU reference results match (within float precision)!
GraphBLAS bool nthreads= 1: 6.9594 ms/vector  (rows=3459933 cols=10610 nnz=4596658)
GraphBLAS bool nthreads=20: 0.8180 ms/vector  (rows=3459933 cols=10610 nnz=4596658)
Reconstructed CSR Matrix Stats:
Rows: 3459933, Cols: 10610, NNZ: 4596658
Running CPU reference SpMV...
Verification: max absolute diff = 9.53674e-07, max relative diff = 1.50849e-07
SUCCESS: Verification passed!
Running 50 iterations of cuSPARSE SpMV...
cuSPARSE SpMV completed. Average time: 0.500597 ms/vector
MEM analytic bytes: 64513135
MEM peak bytes: 68448256
ENERGY mJ/vector: 16.8714
ENERGY avg power mW: 33402.9
## wd_occupation_tropical
Part I (RePair): alpha=10611, NTs=41544, distinct values=1
Schedule builder construction time: 52.3867 ms
Terminal compaction: alpha 10611 -> 10611 (100% kept)
Proper Layered Completed Grammar Stats:
Max depth (L): 8, Max width (w*): 19520, Total layered rules: 46669 (raw NTs: 41544, +pt: 5125), emissions: 759114+2819474 term
--- SEMIRING: Tropical (min,+) ---
Running CPU reference with OpenMP (20 threads)...
CPU reference (OpenMP): 2114.31 ms/vector (20 threads).
Running CPU reference sequentially (forced 1 thread)...
CPU reference (sequential): 46.1119 ms/vector.
Running GPU engine (double-buffered proper layered, emit-on-the-spot)...
[GPU Setup Debug] rows=3459933, cols=10610, alpha=10611, total_rules=46669, distinct_vals=1, sched_max_depth=8, sched_max_width=19520, emit_total=759114, num_term_emit=2819474
GPU kernel: 36.7412 ms total over 50 vectors = 0.734825 ms/vector.
MEM analytic bytes: 43354392
MEM peak bytes: 46596096
ENERGY mJ/vector: 15.8442
ENERGY avg power mW: 28391.6
GPU multiplication completed in 1884.24 ms.
Batched run B=16 (est. 0.225292 GB B-wide buffers)...
GPU batched (B=16): 6.31951 ms/batch, 0.394969 ms/vector over 50 batches.
Batched verification: max_rel_diff=0  SUCCESS
Verification: max_abs_diff=0, max_rel_diff=0, max|y|=1e+09
SUCCESS: GPU and CPU reference results match (within float precision)!
GraphBLAS tropical nthreads= 1: 14.1164 ms/vector  (rows=3459933 cols=10610 nnz=4596658)
GraphBLAS tropical nthreads=20: 3.5702 ms/vector  (rows=3459933 cols=10610 nnz=4596658)
## wd_subclass_of_boolean
Part I (RePair): alpha=73418, NTs=6825, distinct values=1
Schedule builder construction time: 33.2904 ms
Terminal compaction: alpha 73418 -> 73418 (100% kept)
Proper Layered Completed Grammar Stats:
Max depth (L): 5, Max width (w*): 5841, Total layered rules: 7601 (raw NTs: 6825, +pt: 776), emissions: 471747+1076941 term
--- SEMIRING: Boolean ---
Running CPU reference with OpenMP (20 threads)...
CPU reference (OpenMP): 5.78906 ms/vector (20 threads).
Running CPU reference sequentially (forced 1 thread)...
CPU reference (sequential): 3.73532 ms/vector.
Running GPU engine (double-buffered proper layered, emit-on-the-spot)...
[GPU Setup Debug] rows=1487709, cols=73417, alpha=73418, total_rules=7601, distinct_vals=1, sched_max_depth=5, sched_max_width=5841, emit_total=471747, num_term_emit=1076941
GPU kernel: 11.0916 ms total over 50 vectors = 0.221831 ms/vector.
MEM analytic bytes: 19652960
MEM peak bytes: 22806528
ENERGY mJ/vector: 4.8013
ENERGY avg power mW: 29459.2
GPU multiplication completed in 1855.35 ms.
Batched run B=16 (est. 0.105358 GB B-wide buffers)...
GPU batched (B=16): 2.49307 ms/batch, 0.155817 ms/vector over 50 batches.
Batched verification: max_rel_diff=0  SUCCESS
Verification: max_abs_diff=0, max_rel_diff=0, max|y|=1
SUCCESS: GPU and CPU reference results match (within float precision)!
GraphBLAS bool nthreads= 1: 1.7393 ms/vector  (rows=1487709 cols=73417 nnz=2024347)
GraphBLAS bool nthreads=20: 0.5500 ms/vector  (rows=1487709 cols=73417 nnz=2024347)
Reconstructed CSR Matrix Stats:
Rows: 1487709, Cols: 73417, NNZ: 2024347
Running CPU reference SpMV...
Verification: max absolute diff = 4.76837e-07, max relative diff = 1.21536e-07
SUCCESS: Verification passed!
Running 50 iterations of cuSPARSE SpMV...
cuSPARSE SpMV completed. Average time: 0.17297 ms/vector
MEM analytic bytes: 28398035
MEM peak bytes: 0
ENERGY mJ/vector: 6.22456
ENERGY avg power mW: 35638.7
## wd_subclass_of_tropical
Part I (RePair): alpha=73418, NTs=6825, distinct values=1
Schedule builder construction time: 25.2804 ms
Terminal compaction: alpha 73418 -> 73418 (100% kept)
Proper Layered Completed Grammar Stats:
Max depth (L): 5, Max width (w*): 5841, Total layered rules: 7601 (raw NTs: 6825, +pt: 776), emissions: 471747+1076941 term
--- SEMIRING: Tropical (min,+) ---
Running CPU reference with OpenMP (20 threads)...
CPU reference (OpenMP): 924.616 ms/vector (20 threads).
Running CPU reference sequentially (forced 1 thread)...
CPU reference (sequential): 18.1711 ms/vector.
Running GPU engine (double-buffered proper layered, emit-on-the-spot)...
[GPU Setup Debug] rows=1487709, cols=73417, alpha=73418, total_rules=7601, distinct_vals=1, sched_max_depth=5, sched_max_width=5841, emit_total=471747, num_term_emit=1076941
GPU kernel: 12.3409 ms total over 50 vectors = 0.246818 ms/vector.
MEM analytic bytes: 19652960
MEM peak bytes: 6029312
ENERGY mJ/vector: 4.47485
ENERGY avg power mW: 30340
GPU multiplication completed in 1804.03 ms.
Batched run B=16 (est. 0.105358 GB B-wide buffers)...
GPU batched (B=16): 2.8567 ms/batch, 0.178544 ms/vector over 50 batches.
Batched verification: max_rel_diff=0  SUCCESS
Verification: max_abs_diff=0, max_rel_diff=0, max|y|=1e+09
SUCCESS: GPU and CPU reference results match (within float precision)!
GraphBLAS tropical nthreads= 1: 4.2951 ms/vector  (rows=1487709 cols=73417 nnz=2024347)
GraphBLAS tropical nthreads=20: 1.7784 ms/vector  (rows=1487709 cols=73417 nnz=2024347)
